2026-09-04 08:12:57,495 [INFO] ============================================================
2026-09-04 08:12:57,495 [INFO] Trading day started — 2026-09-04
2026-09-04 08:12:57,495 [INFO] ============================================================
2026-09-04 08:12:57,495 [WARNING] Instructions are from 2026-06-22, not today (2026-09-04). Proceeding with existing watchlist anyway — update state/instructions.json for fresh rules.
2026-09-04 08:12:57,495 [INFO] --- Loop 1 @ 13:42:57 IST ---
2026-09-04 08:12:57,495 [INFO] ⚠️ SBIN: missing entry_price or first_target_price, skipping
2026-09-04 08:12:57,495 [INFO] Instructions saved
2026-09-04 08:14:12,496 [INFO] --- Loop 2 @ 13:44:12 IST ---
2026-09-04 08:14:12,496 [INFO] ⚠️ SBIN: missing entry_price or first_target_price, skipping
2026-09-04 08:14:12,496 [INFO] Instructions saved
2026-09-04 08:15:27,497 [INFO] --- Loop 3 @ 13:45:27 IST ---
2026-09-04 08:15:27,497 [INFO] ⚠️ SBIN: missing entry_price or first_target_price, skipping
2026-09-04 08:15:27,497 [INFO] Instructions saved
2026-09-04 08:16:42,498 [INFO] --- Loop 4 @ 13:46:42 IST ---
2026-09-04 08:16:42,498 [INFO] ⚠️ SBIN: missing entry_price or first_target_price, skipping
2026-09-04 08:16:42,498 [INFO] Instructions saved
2026-09-04 08:17:57,499 [INFO] --- Loop 5 @ 13:47:57 IST ---
2026-09-04 08:17:57,499 [INFO] ⚠️ SBIN: missing entry_price or first_target_price, skipping
2026-09-04 08:17:57,499 [INFO] Instructions saved
2026-09-04 08:19:12,500 [INFO] --- Loop 6 @ 13:49:12 IST ---
2026-09-04 08:19:12,500 [INFO] ⚠️ SBIN: missing entry_price or first_target_price, skipping
2026-09-04 08:19:12,500 [INFO] Instructions saved
2026-09-04 08:20:27,500 [INFO] --- Loop 7 @ 13:50:27 IST ---
2026-09-04 08:20:27,501 [INFO] ⚠️ SBIN: missing entry_price or first_target_price, skipping
2026-09-04 08:20:27,501 [INFO] Instructions saved
2026-09-04 08:21:42,501 [INFO] --- Loop 8 @ 13:51:42 IST ---
2026-09-04 08:21:42,501 [INFO] ⚠️ SBIN: missing entry_price or first_target_price, skipping
2026-09-04 08:21:42,502 [INFO] Instructions saved
2026-09-04 08:22:57,502 [INFO] --- Loop 9 @ 13:52:57 IST ---
2026-09-04 08:22:57,502 [INFO] ⚠️ SBIN: missing entry_price or first_target_price, skipping
2026-09-04 08:22:57,503 [INFO] Instructions saved
2026-09-04 08:24:12,503 [INFO] --- Loop 10 @ 13:54:12 IST ---
2026-09-04 08:24:12,503 [INFO] ⚠️ SBIN: missing entry_price or first_target_price, skipping
2026-09-04 08:24:12,504 [INFO] Instructions saved
2026-09-04 08:25:27,504 [INFO] --- Loop 11 @ 13:55:27 IST ---
2026-09-04 08:25:27,504 [INFO] ⚠️ SBIN: missing entry_price or first_target_price, skipping
2026-09-04 08:25:27,505 [INFO] Instructions saved
2026-09-04 08:26:42,505 [INFO] --- Loop 12 @ 13:56:42 IST ---
2026-09-04 08:26:42,505 [INFO] ⚠️ SBIN: missing entry_price or first_target_price, skipping
2026-09-04 08:26:42,506 [INFO] Instructions saved
2026-09-04 08:27:57,506 [INFO] --- Loop 13 @ 13:57:57 IST ---
2026-09-04 08:27:57,506 [INFO] ⚠️ SBIN: missing entry_price or first_target_price, skipping
2026-09-04 08:27:57,507 [INFO] Instructions saved
2026-09-04 08:29:12,507 [INFO] --- Loop 14 @ 13:59:12 IST ---
2026-09-04 08:29:12,507 [INFO] ⚠️ SBIN: missing entry_price or first_target_price, skipping
2026-09-04 08:29:12,508 [INFO] Instructions saved
2026-09-04 08:30:27,508 [INFO] --- Loop 15 @ 14:00:27 IST ---
2026-09-04 08:30:27,508 [INFO] ⚠️ SBIN: missing entry_price or first_target_price, skipping
2026-09-04 08:30:27,508 [INFO] Instructions saved
2026-09-04 08:31:42,509 [INFO] --- Loop 16 @ 14:01:42 IST ---
2026-09-04 08:31:42,509 [INFO] ⚠️ SBIN: missing entry_price or first_target_price, skipping
2026-09-04 08:31:42,509 [INFO] Instructions saved
2026-09-04 08:32:57,510 [INFO] --- Loop 17 @ 14:02:57 IST ---
2026-09-04 08:32:57,510 [INFO] ⚠️ SBIN: missing entry_price or first_target_price, skipping
2026-09-04 08:32:57,510 [INFO] Instructions saved
2026-09-04 08:34:12,511 [INFO] --- Loop 18 @ 14:04:12 IST ---
2026-09-04 08:34:12,511 [INFO] ⚠️ SBIN: missing entry_price or first_target_price, skipping
2026-09-04 08:34:12,511 [INFO] Instructions saved
2026-09-04 08:35:27,512 [INFO] --- Loop 19 @ 14:05:27 IST ---
2026-09-04 08:35:27,512 [INFO] ⚠️ SBIN: missing entry_price or first_target_price, skipping
2026-09-04 08:35:27,512 [INFO] Instructions saved
2026-09-04 08:36:42,512 [INFO] --- Loop 20 @ 14:06:42 IST ---
2026-09-04 08:36:42,513 [INFO] ⚠️ SBIN: missing entry_price or first_target_price, skipping
2026-09-04 08:36:42,513 [INFO] Instructions saved
2026-09-04 08:37:57,513 [INFO] --- Loop 21 @ 14:07:57 IST ---
2026-09-04 08:37:57,513 [INFO] ⚠️ SBIN: missing entry_price or first_target_price, skipping
2026-09-04 08:37:57,514 [INFO] Instructions saved
2026-09-04 08:39:12,514 [INFO] --- Loop 22 @ 14:09:12 IST ---
2026-09-04 08:39:12,514 [INFO] ⚠️ SBIN: missing entry_price or first_target_price, skipping
2026-09-04 08:39:12,515 [INFO] Instructions saved
2026-09-04 08:40:27,515 [INFO] --- Loop 23 @ 14:10:27 IST ---
2026-09-04 08:40:27,515 [INFO] ⚠️ SBIN: missing entry_price or first_target_price, skipping
2026-09-04 08:40:27,516 [INFO] Instructions saved
2026-09-04 08:41:42,516 [INFO] --- Loop 24 @ 14:11:42 IST ---
2026-09-04 08:41:42,516 [INFO] ⚠️ SBIN: missing entry_price or first_target_price, skipping
2026-09-04 08:41:42,517 [INFO] Instructions saved
2026-09-04 08:42:57,517 [INFO] --- Loop 25 @ 14:12:57 IST ---
2026-09-04 08:42:57,517 [INFO] ⚠️ SBIN: missing entry_price or first_target_price, skipping
2026-09-04 08:42:57,517 [INFO] Instructions saved
2026-09-04 08:44:12,518 [INFO] --- Loop 26 @ 14:14:12 IST ---
2026-09-04 08:44:12,518 [INFO] ⚠️ SBIN: missing entry_price or first_target_price, skipping
2026-09-04 08:44:12,518 [INFO] Instructions saved
2026-09-04 08:45:27,519 [INFO] --- Loop 27 @ 14:15:27 IST ---
2026-09-04 08:45:27,519 [INFO] ⚠️ SBIN: missing entry_price or first_target_price, skipping
2026-09-04 08:45:27,519 [INFO] Instructions saved
2026-09-04 08:46:42,520 [INFO] --- Loop 28 @ 14:16:42 IST ---
2026-09-04 08:46:42,520 [INFO] ⚠️ SBIN: missing entry_price or first_target_price, skipping
2026-09-04 08:46:42,520 [INFO] Instructions saved
2026-09-04 08:47:57,520 [INFO] --- Loop 29 @ 14:17:57 IST ---
2026-09-04 08:47:57,521 [INFO] ⚠️ SBIN: missing entry_price or first_target_price, skipping
2026-09-04 08:47:57,521 [INFO] Instructions saved
2026-09-04 08:49:12,521 [INFO] --- Loop 30 @ 14:19:12 IST ---
2026-09-04 08:49:12,521 [INFO] ⚠️ SBIN: missing entry_price or first_target_price, skipping
2026-09-04 08:49:12,522 [INFO] Instructions saved
2026-09-04 08:50:27,522 [INFO] --- Loop 31 @ 14:20:27 IST ---
2026-09-04 08:50:27,522 [INFO] ⚠️ SBIN: missing entry_price or first_target_price, skipping
2026-09-04 08:50:27,523 [INFO] Instructions saved
2026-09-04 08:51:42,523 [INFO] --- Loop 32 @ 14:21:42 IST ---
2026-09-04 08:51:42,523 [INFO] ⚠️ SBIN: missing entry_price or first_target_price, skipping
2026-09-04 08:51:42,524 [INFO] Instructions saved
2026-09-04 08:52:57,524 [INFO] --- Loop 33 @ 14:22:57 IST ---
2026-09-04 08:52:57,524 [INFO] ⚠️ SBIN: missing entry_price or first_target_price, skipping
2026-09-04 08:52:57,525 [INFO] Instructions saved
2026-09-04 08:54:12,525 [INFO] --- Loop 34 @ 14:24:12 IST ---
2026-09-04 08:54:12,525 [INFO] ⚠️ SBIN: missing entry_price or first_target_price, skipping
2026-09-04 08:54:12,525 [INFO] Instructions saved
2026-09-04 08:55:27,526 [INFO] --- Loop 35 @ 14:25:27 IST ---
2026-09-04 08:55:27,526 [INFO] ⚠️ SBIN: missing entry_price or first_target_price, skipping
2026-09-04 08:55:27,526 [INFO] Instructions saved
2026-09-04 08:56:42,527 [INFO] --- Loop 36 @ 14:26:42 IST ---
2026-09-04 08:56:42,527 [INFO] ⚠️ SBIN: missing entry_price or first_target_price, skipping
2026-09-04 08:56:42,527 [INFO] Instructions saved
2026-09-04 08:57:57,528 [INFO] --- Loop 37 @ 14:27:57 IST ---
2026-09-04 08:57:57,528 [INFO] ⚠️ SBIN: missing entry_price or first_target_price, skipping
2026-09-04 08:57:57,528 [INFO] Instructions saved
2026-09-04 08:59:12,528 [INFO] --- Loop 38 @ 14:29:12 IST ---
2026-09-04 08:59:12,529 [INFO] ⚠️ SBIN: missing entry_price or first_target_price, skipping
2026-09-04 08:59:12,529 [INFO] Instructions saved
2026-09-04 09:00:27,529 [INFO] --- Loop 39 @ 14:30:27 IST ---
2026-09-04 09:00:27,530 [INFO] ⚠️ SBIN: missing entry_price or first_target_price, skipping
2026-09-04 09:00:27,530 [INFO] Instructions saved
2026-09-04 09:01:42,530 [INFO] --- Loop 40 @ 14:31:42 IST ---
2026-09-04 09:01:42,531 [INFO] ⚠️ SBIN: missing entry_price or first_target_price, skipping
2026-09-04 09:01:42,531 [INFO] Instructions saved
2026-09-04 09:02:57,531 [INFO] --- Loop 41 @ 14:32:57 IST ---
2026-09-04 09:02:57,531 [INFO] ⚠️ SBIN: missing entry_price or first_target_price, skipping
2026-09-04 09:02:57,532 [INFO] Instructions saved
2026-09-04 09:04:12,532 [INFO] --- Loop 42 @ 14:34:12 IST ---
2026-09-04 09:04:12,532 [INFO] ⚠️ SBIN: missing entry_price or first_target_price, skipping
2026-09-04 09:04:12,533 [INFO] Instructions saved
2026-09-04 09:05:27,533 [INFO] --- Loop 43 @ 14:35:27 IST ---
2026-09-04 09:05:27,533 [INFO] ⚠️ SBIN: missing entry_price or first_target_price, skipping
2026-09-04 09:05:27,534 [INFO] Instructions saved
2026-09-04 09:06:42,534 [INFO] --- Loop 44 @ 14:36:42 IST ---
2026-09-04 09:06:42,534 [INFO] ⚠️ SBIN: missing entry_price or first_target_price, skipping
2026-09-04 09:06:42,535 [INFO] Instructions saved
2026-09-04 09:07:57,535 [INFO] --- Loop 45 @ 14:37:57 IST ---
2026-09-04 09:07:57,535 [INFO] ⚠️ SBIN: missing entry_price or first_target_price, skipping
2026-09-04 09:07:57,535 [INFO] Instructions saved
2026-09-04 09:09:12,536 [INFO] --- Loop 46 @ 14:39:12 IST ---
2026-09-04 09:09:12,536 [INFO] ⚠️ SBIN: missing entry_price or first_target_price, skipping
2026-09-04 09:09:12,536 [INFO] Instructions saved
2026-09-04 09:10:27,537 [INFO] --- Loop 47 @ 14:40:27 IST ---
2026-09-04 09:10:27,537 [INFO] ⚠️ SBIN: missing entry_price or first_target_price, skipping
2026-09-04 09:10:27,537 [INFO] Instructions saved
2026-09-04 09:11:42,538 [INFO] --- Loop 48 @ 14:41:42 IST ---
2026-09-04 09:11:42,538 [INFO] ⚠️ SBIN: missing entry_price or first_target_price, skipping
2026-09-04 09:11:42,538 [INFO] Instructions saved
2026-09-04 09:12:57,538 [INFO] --- Loop 49 @ 14:42:57 IST ---
2026-09-04 09:12:57,539 [INFO] ⚠️ SBIN: missing entry_price or first_target_price, skipping
2026-09-04 09:12:57,539 [INFO] Instructions saved
2026-09-04 09:14:12,539 [INFO] --- Loop 50 @ 14:44:12 IST ---
2026-09-04 09:14:12,540 [INFO] ⚠️ SBIN: missing entry_price or first_target_price, skipping
2026-09-04 09:14:12,540 [INFO] Instructions saved
2026-09-04 09:15:27,540 [INFO] --- Loop 51 @ 14:45:27 IST ---
2026-09-04 09:15:27,540 [INFO] ⚠️ SBIN: missing entry_price or first_target_price, skipping
2026-09-04 09:15:27,541 [INFO] Instructions saved
2026-09-04 09:16:42,541 [INFO] --- Loop 52 @ 14:46:42 IST ---
2026-09-04 09:16:42,541 [INFO] ⚠️ SBIN: missing entry_price or first_target_price, skipping
2026-09-04 09:16:42,542 [INFO] Instructions saved
2026-09-04 09:17:57,542 [INFO] --- Loop 53 @ 14:47:57 IST ---
2026-09-04 09:17:57,542 [INFO] ⚠️ SBIN: missing entry_price or first_target_price, skipping
2026-09-04 09:17:57,543 [INFO] Instructions saved
2026-09-04 09:19:12,543 [INFO] --- Loop 54 @ 14:49:12 IST ---
2026-09-04 09:19:12,543 [INFO] ⚠️ SBIN: missing entry_price or first_target_price, skipping
2026-09-04 09:19:12,543 [INFO] Instructions saved
2026-09-04 09:20:27,544 [INFO] --- Loop 55 @ 14:50:27 IST ---
2026-09-04 09:20:27,544 [INFO] ⚠️ SBIN: missing entry_price or first_target_price, skipping
2026-09-04 09:20:27,544 [INFO] Instructions saved
2026-09-04 09:21:42,545 [INFO] --- Loop 56 @ 14:51:42 IST ---
2026-09-04 09:21:42,545 [INFO] ⚠️ SBIN: missing entry_price or first_target_price, skipping
2026-09-04 09:21:42,545 [INFO] Instructions saved
2026-09-04 09:22:57,546 [INFO] --- Loop 57 @ 14:52:57 IST ---
2026-09-04 09:22:57,546 [INFO] ⚠️ SBIN: missing entry_price or first_target_price, skipping
2026-09-04 09:22:57,546 [INFO] Instructions saved
2026-09-04 09:24:12,547 [INFO] --- Loop 58 @ 14:54:12 IST ---
2026-09-04 09:24:12,547 [INFO] ⚠️ SBIN: missing entry_price or first_target_price, skipping
2026-09-04 09:24:12,547 [INFO] Instructions saved
2026-09-04 09:25:27,547 [INFO] --- Loop 59 @ 14:55:27 IST ---
2026-09-04 09:25:27,548 [INFO] ⚠️ SBIN: missing entry_price or first_target_price, skipping
2026-09-04 09:25:27,548 [INFO] Instructions saved
2026-09-04 09:26:42,548 [INFO] --- Loop 60 @ 14:56:42 IST ---
2026-09-04 09:26:42,548 [INFO] ⚠️ SBIN: missing entry_price or first_target_price, skipping
2026-09-04 09:26:42,549 [INFO] Instructions saved
2026-09-04 09:27:57,549 [INFO] --- Loop 61 @ 14:57:57 IST ---
2026-09-04 09:27:57,549 [INFO] ⚠️ SBIN: missing entry_price or first_target_price, skipping
2026-09-04 09:27:57,550 [INFO] Instructions saved
2026-09-04 09:29:12,550 [INFO] --- Loop 62 @ 14:59:12 IST ---
2026-09-04 09:29:12,550 [INFO] ⚠️ SBIN: missing entry_price or first_target_price, skipping
2026-09-04 09:29:12,551 [INFO] Instructions saved
2026-09-04 09:30:27,551 [INFO] --- Loop 63 @ 15:00:27 IST ---
2026-09-04 09:30:27,551 [INFO] ⚠️ SBIN: missing entry_price or first_target_price, skipping
2026-09-04 09:30:27,552 [INFO] Instructions saved
2026-09-04 09:31:42,552 [INFO] --- Loop 64 @ 15:01:42 IST ---
2026-09-04 09:31:42,552 [INFO] ⚠️ SBIN: missing entry_price or first_target_price, skipping
2026-09-04 09:31:42,553 [INFO] Instructions saved
2026-09-04 09:32:57,553 [INFO] --- Loop 65 @ 15:02:57 IST ---
2026-09-04 09:32:57,553 [INFO] ⚠️ SBIN: missing entry_price or first_target_price, skipping
2026-09-04 09:32:57,554 [INFO] Instructions saved
2026-09-04 09:34:12,554 [INFO] --- Loop 66 @ 15:04:12 IST ---
2026-09-04 09:34:12,554 [INFO] ⚠️ SBIN: missing entry_price or first_target_price, skipping
2026-09-04 09:34:12,554 [INFO] Instructions saved
2026-09-04 09:35:27,555 [INFO] --- Loop 67 @ 15:05:27 IST ---
2026-09-04 09:35:27,555 [INFO] ⚠️ SBIN: missing entry_price or first_target_price, skipping
2026-09-04 09:35:27,555 [INFO] Instructions saved
2026-09-04 09:36:42,556 [INFO] --- Loop 68 @ 15:06:42 IST ---
2026-09-04 09:36:42,556 [INFO] ⚠️ SBIN: missing entry_price or first_target_price, skipping
2026-09-04 09:36:42,556 [INFO] Instructions saved
2026-09-04 09:37:57,557 [INFO] --- Loop 69 @ 15:07:57 IST ---
2026-09-04 09:37:57,557 [INFO] ⚠️ SBIN: missing entry_price or first_target_price, skipping
2026-09-04 09:37:57,557 [INFO] Instructions saved
2026-09-04 09:39:12,557 [INFO] --- Loop 70 @ 15:09:12 IST ---
2026-09-04 09:39:12,558 [INFO] ⚠️ SBIN: missing entry_price or first_target_price, skipping
2026-09-04 09:39:12,558 [INFO] Instructions saved
2026-09-04 09:40:27,558 [INFO] --- Loop 71 @ 15:10:27 IST ---
2026-09-04 09:40:27,558 [INFO] ⚠️ SBIN: missing entry_price or first_target_price, skipping
2026-09-04 09:40:27,559 [INFO] Instructions saved
2026-09-04 09:41:42,559 [INFO] --- Loop 72 @ 15:11:42 IST ---
2026-09-04 09:41:42,559 [INFO] ⚠️ SBIN: missing entry_price or first_target_price, skipping
2026-09-04 09:41:42,560 [INFO] Instructions saved
2026-09-04 09:42:57,560 [INFO] --- Loop 73 @ 15:12:57 IST ---
2026-09-04 09:42:57,560 [INFO] ⚠️ SBIN: missing entry_price or first_target_price, skipping
2026-09-04 09:42:57,560 [INFO] Instructions saved
2026-09-04 09:44:12,561 [INFO] --- Loop 74 @ 15:14:12 IST ---
2026-09-04 09:44:12,561 [INFO] ⚠️ SBIN: missing entry_price or first_target_price, skipping
2026-09-04 09:44:12,561 [INFO] Instructions saved
2026-09-04 09:45:27,561 [INFO] --- Loop 75 @ 15:15:27 IST ---
2026-09-04 09:45:27,562 [INFO] ⚠️ SBIN: missing entry_price or first_target_price, skipping
2026-09-04 09:45:27,562 [INFO] Instructions saved
2026-09-04 09:46:42,562 [INFO] --- Loop 76 @ 15:16:42 IST ---
2026-09-04 09:46:42,563 [INFO] ⚠️ SBIN: missing entry_price or first_target_price, skipping
2026-09-04 09:46:42,563 [INFO] Instructions saved
2026-09-04 09:47:57,563 [INFO] --- Loop 77 @ 15:17:57 IST ---
2026-09-04 09:47:57,564 [INFO] ⚠️ SBIN: missing entry_price or first_target_price, skipping
2026-09-04 09:47:57,564 [INFO] Instructions saved
2026-09-04 09:49:12,564 [INFO] --- Loop 78 @ 15:19:12 IST ---
2026-09-04 09:49:12,564 [INFO] ⚠️ SBIN: missing entry_price or first_target_price, skipping
2026-09-04 09:49:12,565 [INFO] Instructions saved
2026-09-04 09:50:27,565 [INFO] --- Loop 79 @ 15:20:27 IST ---
2026-09-04 09:50:27,565 [INFO] ⚠️ SBIN: missing entry_price or first_target_price, skipping
2026-09-04 09:50:27,566 [INFO] Instructions saved
2026-09-04 09:51:42,566 [INFO] --- Loop 80 @ 15:21:42 IST ---
2026-09-04 09:51:42,566 [INFO] ⚠️ SBIN: missing entry_price or first_target_price, skipping
2026-09-04 09:51:42,567 [INFO] Instructions saved
2026-09-04 09:52:57,567 [INFO] --- Loop 81 @ 15:22:57 IST ---
2026-09-04 09:52:57,567 [INFO] ⚠️ SBIN: missing entry_price or first_target_price, skipping
2026-09-04 09:52:57,568 [INFO] Instructions saved
2026-09-04 09:54:12,568 [INFO] --- Loop 82 @ 15:24:12 IST ---
2026-09-04 09:54:12,568 [INFO] ⚠️ SBIN: missing entry_price or first_target_price, skipping
2026-09-04 09:54:12,569 [INFO] Instructions saved
2026-09-04 09:55:27,569 [INFO] --- Loop 83 @ 15:25:27 IST ---
2026-09-04 09:55:27,569 [INFO] ⚠️ SBIN: missing entry_price or first_target_price, skipping
2026-09-04 09:55:27,570 [INFO] Instructions saved
2026-09-04 09:56:42,570 [INFO] --- Loop 84 @ 15:26:42 IST ---
2026-09-04 09:56:42,570 [INFO] ⚠️ SBIN: missing entry_price or first_target_price, skipping
2026-09-04 09:56:42,571 [INFO] Instructions saved
2026-09-04 09:57:57,571 [INFO] --- Loop 85 @ 15:27:57 IST ---
2026-09-04 09:57:57,571 [INFO] ⚠️ SBIN: missing entry_price or first_target_price, skipping
2026-09-04 09:57:57,571 [INFO] Instructions saved
2026-09-04 09:59:12,572 [INFO] --- Loop 86 @ 15:29:12 IST ---
2026-09-04 09:59:12,572 [INFO] ⚠️ SBIN: missing entry_price or first_target_price, skipping
2026-09-04 09:59:12,572 [INFO] Instructions saved
2026-09-04 10:00:27,573 [INFO] --- Loop 87 @ 15:30:27 IST ---
2026-09-04 10:00:27,573 [INFO] ⚠️ SBIN: missing entry_price or first_target_price, skipping
2026-09-04 10:00:27,573 [INFO] Instructions saved
2026-09-04 10:00:27,573 [INFO] Market closed. Continuing brief monitoring until hard stop for final GTT status...
2026-09-04 10:01:42,574 [INFO] --- Loop 88 @ 15:31:42 IST ---
2026-09-04 10:01:42,574 [INFO] ⚠️ SBIN: missing entry_price or first_target_price, skipping
2026-09-04 10:01:42,574 [INFO] Instructions saved
2026-09-04 10:01:42,574 [INFO] Market closed. Continuing brief monitoring until hard stop for final GTT status...
2026-09-04 10:02:57,575 [INFO] --- Loop 89 @ 15:32:57 IST ---
2026-09-04 10:02:57,575 [INFO] ⚠️ SBIN: missing entry_price or first_target_price, skipping
2026-09-04 10:02:57,575 [INFO] Instructions saved
2026-09-04 10:02:57,575 [INFO] Market closed. Continuing brief monitoring until hard stop for final GTT status...
2026-09-04 10:04:12,575 [INFO] --- Loop 90 @ 15:34:12 IST ---
2026-09-04 10:04:12,576 [INFO] ⚠️ SBIN: missing entry_price or first_target_price, skipping
2026-09-04 10:04:12,576 [INFO] Instructions saved
2026-09-04 10:04:12,576 [INFO] Market closed. Continuing brief monitoring until hard stop for final GTT status...
2026-09-04 10:05:27,576 [INFO] Reached hard stop time. Ending trading day loop.
2026-09-04 10:05:27,577 [INFO] ============================================================
2026-09-04 10:05:27,577 [INFO] Trading day summary
2026-09-04 10:05:27,577 [INFO] Trades opened today: 0
2026-09-04 10:05:27,577 [INFO] Still active (multi-day): 0
2026-09-04 10:05:27,577 [INFO] ============================================================
