2026-08-12 05:17:11,391 [INFO] ============================================================
2026-08-12 05:17:11,391 [INFO] Trading day started — 2026-08-12
2026-08-12 05:17:11,391 [INFO] ============================================================
2026-08-12 05:17:11,391 [WARNING] Instructions are from 2026-06-22, not today (2026-08-12). Proceeding with existing watchlist anyway — update state/instructions.json for fresh rules.
2026-08-12 05:17:11,391 [INFO] --- Loop 1 @ 10:47:11 IST ---
2026-08-12 05:17:11,391 [INFO] ⚠️ SBIN: missing entry_price or first_target_price, skipping
2026-08-12 05:17:11,391 [INFO] Instructions saved
2026-08-12 05:18:26,392 [INFO] --- Loop 2 @ 10:48:26 IST ---
2026-08-12 05:18:26,392 [INFO] ⚠️ SBIN: missing entry_price or first_target_price, skipping
2026-08-12 05:18:26,392 [INFO] Instructions saved
2026-08-12 05:19:41,392 [INFO] --- Loop 3 @ 10:49:41 IST ---
2026-08-12 05:19:41,393 [INFO] ⚠️ SBIN: missing entry_price or first_target_price, skipping
2026-08-12 05:19:41,393 [INFO] Instructions saved
2026-08-12 05:20:56,393 [INFO] --- Loop 4 @ 10:50:56 IST ---
2026-08-12 05:20:56,393 [INFO] ⚠️ SBIN: missing entry_price or first_target_price, skipping
2026-08-12 05:20:56,394 [INFO] Instructions saved
2026-08-12 05:22:11,394 [INFO] --- Loop 5 @ 10:52:11 IST ---
2026-08-12 05:22:11,394 [INFO] ⚠️ SBIN: missing entry_price or first_target_price, skipping
2026-08-12 05:22:11,394 [INFO] Instructions saved
2026-08-12 05:23:26,395 [INFO] --- Loop 6 @ 10:53:26 IST ---
2026-08-12 05:23:26,395 [INFO] ⚠️ SBIN: missing entry_price or first_target_price, skipping
2026-08-12 05:23:26,395 [INFO] Instructions saved
2026-08-12 05:24:41,395 [INFO] --- Loop 7 @ 10:54:41 IST ---
2026-08-12 05:24:41,395 [INFO] ⚠️ SBIN: missing entry_price or first_target_price, skipping
2026-08-12 05:24:41,396 [INFO] Instructions saved
2026-08-12 05:25:56,396 [INFO] --- Loop 8 @ 10:55:56 IST ---
2026-08-12 05:25:56,396 [INFO] ⚠️ SBIN: missing entry_price or first_target_price, skipping
2026-08-12 05:25:56,396 [INFO] Instructions saved
2026-08-12 05:27:11,397 [INFO] --- Loop 9 @ 10:57:11 IST ---
2026-08-12 05:27:11,397 [INFO] ⚠️ SBIN: missing entry_price or first_target_price, skipping
2026-08-12 05:27:11,397 [INFO] Instructions saved
2026-08-12 05:28:26,397 [INFO] --- Loop 10 @ 10:58:26 IST ---
2026-08-12 05:28:26,398 [INFO] ⚠️ SBIN: missing entry_price or first_target_price, skipping
2026-08-12 05:28:26,398 [INFO] Instructions saved
2026-08-12 05:29:41,398 [INFO] --- Loop 11 @ 10:59:41 IST ---
2026-08-12 05:29:41,398 [INFO] ⚠️ SBIN: missing entry_price or first_target_price, skipping
2026-08-12 05:29:41,399 [INFO] Instructions saved
2026-08-12 05:30:56,399 [INFO] --- Loop 12 @ 11:00:56 IST ---
2026-08-12 05:30:56,399 [INFO] ⚠️ SBIN: missing entry_price or first_target_price, skipping
2026-08-12 05:30:56,399 [INFO] Instructions saved
2026-08-12 05:32:11,400 [INFO] --- Loop 13 @ 11:02:11 IST ---
2026-08-12 05:32:11,400 [INFO] ⚠️ SBIN: missing entry_price or first_target_price, skipping
2026-08-12 05:32:11,400 [INFO] Instructions saved
2026-08-12 05:33:26,400 [INFO] --- Loop 14 @ 11:03:26 IST ---
2026-08-12 05:33:26,401 [INFO] ⚠️ SBIN: missing entry_price or first_target_price, skipping
2026-08-12 05:33:26,401 [INFO] Instructions saved
2026-08-12 05:34:41,401 [INFO] --- Loop 15 @ 11:04:41 IST ---
2026-08-12 05:34:41,401 [INFO] ⚠️ SBIN: missing entry_price or first_target_price, skipping
2026-08-12 05:34:41,402 [INFO] Instructions saved
2026-08-12 05:35:56,402 [INFO] --- Loop 16 @ 11:05:56 IST ---
2026-08-12 05:35:56,402 [INFO] ⚠️ SBIN: missing entry_price or first_target_price, skipping
2026-08-12 05:35:56,402 [INFO] Instructions saved
2026-08-12 05:37:11,403 [INFO] --- Loop 17 @ 11:07:11 IST ---
2026-08-12 05:37:11,403 [INFO] ⚠️ SBIN: missing entry_price or first_target_price, skipping
2026-08-12 05:37:11,403 [INFO] Instructions saved
2026-08-12 05:38:26,403 [INFO] --- Loop 18 @ 11:08:26 IST ---
2026-08-12 05:38:26,403 [INFO] ⚠️ SBIN: missing entry_price or first_target_price, skipping
2026-08-12 05:38:26,404 [INFO] Instructions saved
2026-08-12 05:39:41,404 [INFO] --- Loop 19 @ 11:09:41 IST ---
2026-08-12 05:39:41,404 [INFO] ⚠️ SBIN: missing entry_price or first_target_price, skipping
2026-08-12 05:39:41,404 [INFO] Instructions saved
2026-08-12 05:40:56,405 [INFO] --- Loop 20 @ 11:10:56 IST ---
2026-08-12 05:40:56,405 [INFO] ⚠️ SBIN: missing entry_price or first_target_price, skipping
2026-08-12 05:40:56,405 [INFO] Instructions saved
2026-08-12 05:42:11,405 [INFO] --- Loop 21 @ 11:12:11 IST ---
2026-08-12 05:42:11,406 [INFO] ⚠️ SBIN: missing entry_price or first_target_price, skipping
2026-08-12 05:42:11,406 [INFO] Instructions saved
2026-08-12 05:43:26,406 [INFO] --- Loop 22 @ 11:13:26 IST ---
2026-08-12 05:43:26,406 [INFO] ⚠️ SBIN: missing entry_price or first_target_price, skipping
2026-08-12 05:43:26,407 [INFO] Instructions saved
2026-08-12 05:44:41,407 [INFO] --- Loop 23 @ 11:14:41 IST ---
2026-08-12 05:44:41,407 [INFO] ⚠️ SBIN: missing entry_price or first_target_price, skipping
2026-08-12 05:44:41,407 [INFO] Instructions saved
2026-08-12 05:45:56,408 [INFO] --- Loop 24 @ 11:15:56 IST ---
2026-08-12 05:45:56,408 [INFO] ⚠️ SBIN: missing entry_price or first_target_price, skipping
2026-08-12 05:45:56,408 [INFO] Instructions saved
2026-08-12 05:47:11,408 [INFO] --- Loop 25 @ 11:17:11 IST ---
2026-08-12 05:47:11,408 [INFO] ⚠️ SBIN: missing entry_price or first_target_price, skipping
2026-08-12 05:47:11,409 [INFO] Instructions saved
2026-08-12 05:48:26,409 [INFO] --- Loop 26 @ 11:18:26 IST ---
2026-08-12 05:48:26,409 [INFO] ⚠️ SBIN: missing entry_price or first_target_price, skipping
2026-08-12 05:48:26,409 [INFO] Instructions saved
2026-08-12 05:49:41,410 [INFO] --- Loop 27 @ 11:19:41 IST ---
2026-08-12 05:49:41,410 [INFO] ⚠️ SBIN: missing entry_price or first_target_price, skipping
2026-08-12 05:49:41,410 [INFO] Instructions saved
2026-08-12 05:50:56,410 [INFO] --- Loop 28 @ 11:20:56 IST ---
2026-08-12 05:50:56,410 [INFO] ⚠️ SBIN: missing entry_price or first_target_price, skipping
2026-08-12 05:50:56,411 [INFO] Instructions saved
2026-08-12 05:52:11,411 [INFO] --- Loop 29 @ 11:22:11 IST ---
2026-08-12 05:52:11,411 [INFO] ⚠️ SBIN: missing entry_price or first_target_price, skipping
2026-08-12 05:52:11,411 [INFO] Instructions saved
2026-08-12 05:53:26,412 [INFO] --- Loop 30 @ 11:23:26 IST ---
2026-08-12 05:53:26,412 [INFO] ⚠️ SBIN: missing entry_price or first_target_price, skipping
2026-08-12 05:53:26,412 [INFO] Instructions saved
2026-08-12 05:54:41,412 [INFO] --- Loop 31 @ 11:24:41 IST ---
2026-08-12 05:54:41,412 [INFO] ⚠️ SBIN: missing entry_price or first_target_price, skipping
2026-08-12 05:54:41,413 [INFO] Instructions saved
2026-08-12 05:55:56,413 [INFO] --- Loop 32 @ 11:25:56 IST ---
2026-08-12 05:55:56,413 [INFO] ⚠️ SBIN: missing entry_price or first_target_price, skipping
2026-08-12 05:55:56,413 [INFO] Instructions saved
2026-08-12 05:57:11,414 [INFO] --- Loop 33 @ 11:27:11 IST ---
2026-08-12 05:57:11,414 [INFO] ⚠️ SBIN: missing entry_price or first_target_price, skipping
2026-08-12 05:57:11,414 [INFO] Instructions saved
2026-08-12 05:58:26,414 [INFO] --- Loop 34 @ 11:28:26 IST ---
2026-08-12 05:58:26,415 [INFO] ⚠️ SBIN: missing entry_price or first_target_price, skipping
2026-08-12 05:58:26,415 [INFO] Instructions saved
2026-08-12 05:59:41,415 [INFO] --- Loop 35 @ 11:29:41 IST ---
2026-08-12 05:59:41,415 [INFO] ⚠️ SBIN: missing entry_price or first_target_price, skipping
2026-08-12 05:59:41,416 [INFO] Instructions saved
2026-08-12 06:00:56,416 [INFO] --- Loop 36 @ 11:30:56 IST ---
2026-08-12 06:00:56,416 [INFO] ⚠️ SBIN: missing entry_price or first_target_price, skipping
2026-08-12 06:00:56,416 [INFO] Instructions saved
2026-08-12 06:02:11,417 [INFO] --- Loop 37 @ 11:32:11 IST ---
2026-08-12 06:02:11,417 [INFO] ⚠️ SBIN: missing entry_price or first_target_price, skipping
2026-08-12 06:02:11,417 [INFO] Instructions saved
2026-08-12 06:03:26,417 [INFO] --- Loop 38 @ 11:33:26 IST ---
2026-08-12 06:03:26,418 [INFO] ⚠️ SBIN: missing entry_price or first_target_price, skipping
2026-08-12 06:03:26,418 [INFO] Instructions saved
2026-08-12 06:04:41,418 [INFO] --- Loop 39 @ 11:34:41 IST ---
2026-08-12 06:04:41,418 [INFO] ⚠️ SBIN: missing entry_price or first_target_price, skipping
2026-08-12 06:04:41,419 [INFO] Instructions saved
2026-08-12 06:05:56,419 [INFO] --- Loop 40 @ 11:35:56 IST ---
2026-08-12 06:05:56,419 [INFO] ⚠️ SBIN: missing entry_price or first_target_price, skipping
2026-08-12 06:05:56,419 [INFO] Instructions saved
2026-08-12 06:07:11,420 [INFO] --- Loop 41 @ 11:37:11 IST ---
2026-08-12 06:07:11,420 [INFO] ⚠️ SBIN: missing entry_price or first_target_price, skipping
2026-08-12 06:07:11,420 [INFO] Instructions saved
2026-08-12 06:08:26,420 [INFO] --- Loop 42 @ 11:38:26 IST ---
2026-08-12 06:08:26,421 [INFO] ⚠️ SBIN: missing entry_price or first_target_price, skipping
2026-08-12 06:08:26,421 [INFO] Instructions saved
2026-08-12 06:09:41,421 [INFO] --- Loop 43 @ 11:39:41 IST ---
2026-08-12 06:09:41,421 [INFO] ⚠️ SBIN: missing entry_price or first_target_price, skipping
2026-08-12 06:09:41,422 [INFO] Instructions saved
2026-08-12 06:10:56,422 [INFO] --- Loop 44 @ 11:40:56 IST ---
2026-08-12 06:10:56,422 [INFO] ⚠️ SBIN: missing entry_price or first_target_price, skipping
2026-08-12 06:10:56,422 [INFO] Instructions saved
2026-08-12 06:12:11,423 [INFO] --- Loop 45 @ 11:42:11 IST ---
2026-08-12 06:12:11,423 [INFO] ⚠️ SBIN: missing entry_price or first_target_price, skipping
2026-08-12 06:12:11,423 [INFO] Instructions saved
2026-08-12 06:13:26,423 [INFO] --- Loop 46 @ 11:43:26 IST ---
2026-08-12 06:13:26,423 [INFO] ⚠️ SBIN: missing entry_price or first_target_price, skipping
2026-08-12 06:13:26,424 [INFO] Instructions saved
2026-08-12 06:14:41,424 [INFO] --- Loop 47 @ 11:44:41 IST ---
2026-08-12 06:14:41,424 [INFO] ⚠️ SBIN: missing entry_price or first_target_price, skipping
2026-08-12 06:14:41,424 [INFO] Instructions saved
2026-08-12 06:15:56,425 [INFO] --- Loop 48 @ 11:45:56 IST ---
2026-08-12 06:15:56,425 [INFO] ⚠️ SBIN: missing entry_price or first_target_price, skipping
2026-08-12 06:15:56,425 [INFO] Instructions saved
2026-08-12 06:17:11,425 [INFO] --- Loop 49 @ 11:47:11 IST ---
2026-08-12 06:17:11,426 [INFO] ⚠️ SBIN: missing entry_price or first_target_price, skipping
2026-08-12 06:17:11,426 [INFO] Instructions saved
2026-08-12 06:18:26,426 [INFO] --- Loop 50 @ 11:48:26 IST ---
2026-08-12 06:18:26,426 [INFO] ⚠️ SBIN: missing entry_price or first_target_price, skipping
2026-08-12 06:18:26,427 [INFO] Instructions saved
2026-08-12 06:19:41,427 [INFO] --- Loop 51 @ 11:49:41 IST ---
2026-08-12 06:19:41,427 [INFO] ⚠️ SBIN: missing entry_price or first_target_price, skipping
2026-08-12 06:19:41,427 [INFO] Instructions saved
2026-08-12 06:20:56,428 [INFO] --- Loop 52 @ 11:50:56 IST ---
2026-08-12 06:20:56,428 [INFO] ⚠️ SBIN: missing entry_price or first_target_price, skipping
2026-08-12 06:20:56,428 [INFO] Instructions saved
2026-08-12 06:22:11,428 [INFO] --- Loop 53 @ 11:52:11 IST ---
2026-08-12 06:22:11,428 [INFO] ⚠️ SBIN: missing entry_price or first_target_price, skipping
2026-08-12 06:22:11,429 [INFO] Instructions saved
2026-08-12 06:23:26,429 [INFO] --- Loop 54 @ 11:53:26 IST ---
2026-08-12 06:23:26,429 [INFO] ⚠️ SBIN: missing entry_price or first_target_price, skipping
2026-08-12 06:23:26,429 [INFO] Instructions saved
2026-08-12 06:24:41,430 [INFO] --- Loop 55 @ 11:54:41 IST ---
2026-08-12 06:24:41,430 [INFO] ⚠️ SBIN: missing entry_price or first_target_price, skipping
2026-08-12 06:24:41,430 [INFO] Instructions saved
2026-08-12 06:25:56,430 [INFO] --- Loop 56 @ 11:55:56 IST ---
2026-08-12 06:25:56,430 [INFO] ⚠️ SBIN: missing entry_price or first_target_price, skipping
2026-08-12 06:25:56,431 [INFO] Instructions saved
2026-08-12 06:27:11,431 [INFO] --- Loop 57 @ 11:57:11 IST ---
2026-08-12 06:27:11,431 [INFO] ⚠️ SBIN: missing entry_price or first_target_price, skipping
2026-08-12 06:27:11,431 [INFO] Instructions saved
2026-08-12 06:28:26,432 [INFO] --- Loop 58 @ 11:58:26 IST ---
2026-08-12 06:28:26,432 [INFO] ⚠️ SBIN: missing entry_price or first_target_price, skipping
2026-08-12 06:28:26,432 [INFO] Instructions saved
2026-08-12 06:29:41,432 [INFO] --- Loop 59 @ 11:59:41 IST ---
2026-08-12 06:29:41,433 [INFO] ⚠️ SBIN: missing entry_price or first_target_price, skipping
2026-08-12 06:29:41,433 [INFO] Instructions saved
2026-08-12 06:30:56,433 [INFO] --- Loop 60 @ 12:00:56 IST ---
2026-08-12 06:30:56,433 [INFO] ⚠️ SBIN: missing entry_price or first_target_price, skipping
2026-08-12 06:30:56,434 [INFO] Instructions saved
2026-08-12 06:32:11,434 [INFO] --- Loop 61 @ 12:02:11 IST ---
2026-08-12 06:32:11,434 [INFO] ⚠️ SBIN: missing entry_price or first_target_price, skipping
2026-08-12 06:32:11,434 [INFO] Instructions saved
2026-08-12 06:33:26,435 [INFO] --- Loop 62 @ 12:03:26 IST ---
2026-08-12 06:33:26,435 [INFO] ⚠️ SBIN: missing entry_price or first_target_price, skipping
2026-08-12 06:33:26,435 [INFO] Instructions saved
2026-08-12 06:34:41,435 [INFO] --- Loop 63 @ 12:04:41 IST ---
2026-08-12 06:34:41,436 [INFO] ⚠️ SBIN: missing entry_price or first_target_price, skipping
2026-08-12 06:34:41,436 [INFO] Instructions saved
2026-08-12 06:35:56,436 [INFO] --- Loop 64 @ 12:05:56 IST ---
2026-08-12 06:35:56,436 [INFO] ⚠️ SBIN: missing entry_price or first_target_price, skipping
2026-08-12 06:35:56,437 [INFO] Instructions saved
2026-08-12 06:37:11,437 [INFO] --- Loop 65 @ 12:07:11 IST ---
2026-08-12 06:37:11,437 [INFO] ⚠️ SBIN: missing entry_price or first_target_price, skipping
2026-08-12 06:37:11,437 [INFO] Instructions saved
2026-08-12 06:38:26,438 [INFO] --- Loop 66 @ 12:08:26 IST ---
2026-08-12 06:38:26,438 [INFO] ⚠️ SBIN: missing entry_price or first_target_price, skipping
2026-08-12 06:38:26,438 [INFO] Instructions saved
2026-08-12 06:39:41,438 [INFO] --- Loop 67 @ 12:09:41 IST ---
2026-08-12 06:39:41,438 [INFO] ⚠️ SBIN: missing entry_price or first_target_price, skipping
2026-08-12 06:39:41,439 [INFO] Instructions saved
2026-08-12 06:40:56,439 [INFO] --- Loop 68 @ 12:10:56 IST ---
2026-08-12 06:40:56,439 [INFO] ⚠️ SBIN: missing entry_price or first_target_price, skipping
2026-08-12 06:40:56,439 [INFO] Instructions saved
2026-08-12 06:42:11,440 [INFO] --- Loop 69 @ 12:12:11 IST ---
2026-08-12 06:42:11,440 [INFO] ⚠️ SBIN: missing entry_price or first_target_price, skipping
2026-08-12 06:42:11,440 [INFO] Instructions saved
2026-08-12 06:43:26,440 [INFO] --- Loop 70 @ 12:13:26 IST ---
2026-08-12 06:43:26,441 [INFO] ⚠️ SBIN: missing entry_price or first_target_price, skipping
2026-08-12 06:43:26,441 [INFO] Instructions saved
2026-08-12 06:44:41,441 [INFO] --- Loop 71 @ 12:14:41 IST ---
2026-08-12 06:44:41,441 [INFO] ⚠️ SBIN: missing entry_price or first_target_price, skipping
2026-08-12 06:44:41,442 [INFO] Instructions saved
2026-08-12 06:45:56,442 [INFO] --- Loop 72 @ 12:15:56 IST ---
2026-08-12 06:45:56,442 [INFO] ⚠️ SBIN: missing entry_price or first_target_price, skipping
2026-08-12 06:45:56,442 [INFO] Instructions saved
2026-08-12 06:47:11,443 [INFO] --- Loop 73 @ 12:17:11 IST ---
2026-08-12 06:47:11,443 [INFO] ⚠️ SBIN: missing entry_price or first_target_price, skipping
2026-08-12 06:47:11,443 [INFO] Instructions saved
2026-08-12 06:48:26,443 [INFO] --- Loop 74 @ 12:18:26 IST ---
2026-08-12 06:48:26,443 [INFO] ⚠️ SBIN: missing entry_price or first_target_price, skipping
2026-08-12 06:48:26,444 [INFO] Instructions saved
2026-08-12 06:49:41,444 [INFO] --- Loop 75 @ 12:19:41 IST ---
2026-08-12 06:49:41,444 [INFO] ⚠️ SBIN: missing entry_price or first_target_price, skipping
2026-08-12 06:49:41,445 [INFO] Instructions saved
2026-08-12 06:50:56,445 [INFO] --- Loop 76 @ 12:20:56 IST ---
2026-08-12 06:50:56,445 [INFO] ⚠️ SBIN: missing entry_price or first_target_price, skipping
2026-08-12 06:50:56,445 [INFO] Instructions saved
2026-08-12 06:52:11,445 [INFO] --- Loop 77 @ 12:22:11 IST ---
2026-08-12 06:52:11,446 [INFO] ⚠️ SBIN: missing entry_price or first_target_price, skipping
2026-08-12 06:52:11,446 [INFO] Instructions saved
2026-08-12 06:53:26,446 [INFO] --- Loop 78 @ 12:23:26 IST ---
2026-08-12 06:53:26,446 [INFO] ⚠️ SBIN: missing entry_price or first_target_price, skipping
2026-08-12 06:53:26,447 [INFO] Instructions saved
2026-08-12 06:54:41,447 [INFO] --- Loop 79 @ 12:24:41 IST ---
2026-08-12 06:54:41,447 [INFO] ⚠️ SBIN: missing entry_price or first_target_price, skipping
2026-08-12 06:54:41,447 [INFO] Instructions saved
2026-08-12 06:55:56,448 [INFO] --- Loop 80 @ 12:25:56 IST ---
2026-08-12 06:55:56,448 [INFO] ⚠️ SBIN: missing entry_price or first_target_price, skipping
2026-08-12 06:55:56,448 [INFO] Instructions saved
2026-08-12 06:57:11,448 [INFO] --- Loop 81 @ 12:27:11 IST ---
2026-08-12 06:57:11,448 [INFO] ⚠️ SBIN: missing entry_price or first_target_price, skipping
2026-08-12 06:57:11,449 [INFO] Instructions saved
2026-08-12 06:58:26,449 [INFO] --- Loop 82 @ 12:28:26 IST ---
2026-08-12 06:58:26,449 [INFO] ⚠️ SBIN: missing entry_price or first_target_price, skipping
2026-08-12 06:58:26,449 [INFO] Instructions saved
2026-08-12 06:59:41,450 [INFO] --- Loop 83 @ 12:29:41 IST ---
2026-08-12 06:59:41,450 [INFO] ⚠️ SBIN: missing entry_price or first_target_price, skipping
2026-08-12 06:59:41,450 [INFO] Instructions saved
2026-08-12 07:00:56,450 [INFO] --- Loop 84 @ 12:30:56 IST ---
2026-08-12 07:00:56,451 [INFO] ⚠️ SBIN: missing entry_price or first_target_price, skipping
2026-08-12 07:00:56,451 [INFO] Instructions saved
2026-08-12 07:02:11,451 [INFO] --- Loop 85 @ 12:32:11 IST ---
2026-08-12 07:02:11,451 [INFO] ⚠️ SBIN: missing entry_price or first_target_price, skipping
2026-08-12 07:02:11,452 [INFO] Instructions saved
2026-08-12 07:03:26,452 [INFO] --- Loop 86 @ 12:33:26 IST ---
2026-08-12 07:03:26,452 [INFO] ⚠️ SBIN: missing entry_price or first_target_price, skipping
2026-08-12 07:03:26,452 [INFO] Instructions saved
2026-08-12 07:04:41,453 [INFO] --- Loop 87 @ 12:34:41 IST ---
2026-08-12 07:04:41,453 [INFO] ⚠️ SBIN: missing entry_price or first_target_price, skipping
2026-08-12 07:04:41,453 [INFO] Instructions saved
2026-08-12 07:05:56,453 [INFO] --- Loop 88 @ 12:35:56 IST ---
2026-08-12 07:05:56,454 [INFO] ⚠️ SBIN: missing entry_price or first_target_price, skipping
2026-08-12 07:05:56,454 [INFO] Instructions saved
2026-08-12 07:07:11,454 [INFO] --- Loop 89 @ 12:37:11 IST ---
2026-08-12 07:07:11,454 [INFO] ⚠️ SBIN: missing entry_price or first_target_price, skipping
2026-08-12 07:07:11,455 [INFO] Instructions saved
2026-08-12 07:08:26,455 [INFO] --- Loop 90 @ 12:38:26 IST ---
2026-08-12 07:08:26,455 [INFO] ⚠️ SBIN: missing entry_price or first_target_price, skipping
2026-08-12 07:08:26,455 [INFO] Instructions saved
2026-08-12 07:09:41,456 [INFO] --- Loop 91 @ 12:39:41 IST ---
2026-08-12 07:09:41,456 [INFO] ⚠️ SBIN: missing entry_price or first_target_price, skipping
2026-08-12 07:09:41,456 [INFO] Instructions saved
2026-08-12 07:10:56,456 [INFO] --- Loop 92 @ 12:40:56 IST ---
2026-08-12 07:10:56,456 [INFO] ⚠️ SBIN: missing entry_price or first_target_price, skipping
2026-08-12 07:10:56,457 [INFO] Instructions saved
2026-08-12 07:12:11,457 [INFO] --- Loop 93 @ 12:42:11 IST ---
2026-08-12 07:12:11,457 [INFO] ⚠️ SBIN: missing entry_price or first_target_price, skipping
2026-08-12 07:12:11,457 [INFO] Instructions saved
2026-08-12 07:13:26,458 [INFO] --- Loop 94 @ 12:43:26 IST ---
2026-08-12 07:13:26,458 [INFO] ⚠️ SBIN: missing entry_price or first_target_price, skipping
2026-08-12 07:13:26,458 [INFO] Instructions saved
2026-08-12 07:14:41,458 [INFO] --- Loop 95 @ 12:44:41 IST ---
2026-08-12 07:14:41,459 [INFO] ⚠️ SBIN: missing entry_price or first_target_price, skipping
2026-08-12 07:14:41,459 [INFO] Instructions saved
2026-08-12 07:15:56,459 [INFO] --- Loop 96 @ 12:45:56 IST ---
2026-08-12 07:15:56,459 [INFO] ⚠️ SBIN: missing entry_price or first_target_price, skipping
2026-08-12 07:15:56,460 [INFO] Instructions saved
2026-08-12 07:17:11,460 [INFO] --- Loop 97 @ 12:47:11 IST ---
2026-08-12 07:17:11,460 [INFO] ⚠️ SBIN: missing entry_price or first_target_price, skipping
2026-08-12 07:17:11,460 [INFO] Instructions saved
2026-08-12 07:18:26,460 [INFO] --- Loop 98 @ 12:48:26 IST ---
2026-08-12 07:18:26,461 [INFO] ⚠️ SBIN: missing entry_price or first_target_price, skipping
2026-08-12 07:18:26,461 [INFO] Instructions saved
2026-08-12 07:19:41,461 [INFO] --- Loop 99 @ 12:49:41 IST ---
2026-08-12 07:19:41,461 [INFO] ⚠️ SBIN: missing entry_price or first_target_price, skipping
2026-08-12 07:19:41,462 [INFO] Instructions saved
2026-08-12 07:20:56,462 [INFO] --- Loop 100 @ 12:50:56 IST ---
2026-08-12 07:20:56,462 [INFO] ⚠️ SBIN: missing entry_price or first_target_price, skipping
2026-08-12 07:20:56,462 [INFO] Instructions saved
2026-08-12 07:22:11,463 [INFO] --- Loop 101 @ 12:52:11 IST ---
2026-08-12 07:22:11,463 [INFO] ⚠️ SBIN: missing entry_price or first_target_price, skipping
2026-08-12 07:22:11,463 [INFO] Instructions saved
2026-08-12 07:23:26,463 [INFO] --- Loop 102 @ 12:53:26 IST ---
2026-08-12 07:23:26,463 [INFO] ⚠️ SBIN: missing entry_price or first_target_price, skipping
2026-08-12 07:23:26,464 [INFO] Instructions saved
2026-08-12 07:24:41,464 [INFO] --- Loop 103 @ 12:54:41 IST ---
2026-08-12 07:24:41,464 [INFO] ⚠️ SBIN: missing entry_price or first_target_price, skipping
2026-08-12 07:24:41,464 [INFO] Instructions saved
2026-08-12 07:25:56,465 [INFO] --- Loop 104 @ 12:55:56 IST ---
2026-08-12 07:25:56,465 [INFO] ⚠️ SBIN: missing entry_price or first_target_price, skipping
2026-08-12 07:25:56,465 [INFO] Instructions saved
2026-08-12 07:27:11,465 [INFO] --- Loop 105 @ 12:57:11 IST ---
2026-08-12 07:27:11,466 [INFO] ⚠️ SBIN: missing entry_price or first_target_price, skipping
2026-08-12 07:27:11,466 [INFO] Instructions saved
2026-08-12 07:28:26,466 [INFO] --- Loop 106 @ 12:58:26 IST ---
2026-08-12 07:28:26,466 [INFO] ⚠️ SBIN: missing entry_price or first_target_price, skipping
2026-08-12 07:28:26,467 [INFO] Instructions saved
2026-08-12 07:29:41,467 [INFO] --- Loop 107 @ 12:59:41 IST ---
2026-08-12 07:29:41,467 [INFO] ⚠️ SBIN: missing entry_price or first_target_price, skipping
2026-08-12 07:29:41,467 [INFO] Instructions saved
2026-08-12 07:30:56,468 [INFO] --- Loop 108 @ 13:00:56 IST ---
2026-08-12 07:30:56,468 [INFO] ⚠️ SBIN: missing entry_price or first_target_price, skipping
2026-08-12 07:30:56,468 [INFO] Instructions saved
2026-08-12 07:32:11,468 [INFO] --- Loop 109 @ 13:02:11 IST ---
2026-08-12 07:32:11,469 [INFO] ⚠️ SBIN: missing entry_price or first_target_price, skipping
2026-08-12 07:32:11,469 [INFO] Instructions saved
2026-08-12 07:33:26,469 [INFO] --- Loop 110 @ 13:03:26 IST ---
2026-08-12 07:33:26,469 [INFO] ⚠️ SBIN: missing entry_price or first_target_price, skipping
2026-08-12 07:33:26,470 [INFO] Instructions saved
2026-08-12 07:34:41,470 [INFO] --- Loop 111 @ 13:04:41 IST ---
2026-08-12 07:34:41,470 [INFO] ⚠️ SBIN: missing entry_price or first_target_price, skipping
2026-08-12 07:34:41,470 [INFO] Instructions saved
2026-08-12 07:35:56,471 [INFO] --- Loop 112 @ 13:05:56 IST ---
2026-08-12 07:35:56,471 [INFO] ⚠️ SBIN: missing entry_price or first_target_price, skipping
2026-08-12 07:35:56,471 [INFO] Instructions saved
2026-08-12 07:37:11,471 [INFO] --- Loop 113 @ 13:07:11 IST ---
2026-08-12 07:37:11,471 [INFO] ⚠️ SBIN: missing entry_price or first_target_price, skipping
2026-08-12 07:37:11,472 [INFO] Instructions saved
2026-08-12 07:38:26,472 [INFO] --- Loop 114 @ 13:08:26 IST ---
2026-08-12 07:38:26,472 [INFO] ⚠️ SBIN: missing entry_price or first_target_price, skipping
2026-08-12 07:38:26,472 [INFO] Instructions saved
2026-08-12 07:39:41,473 [INFO] --- Loop 115 @ 13:09:41 IST ---
2026-08-12 07:39:41,473 [INFO] ⚠️ SBIN: missing entry_price or first_target_price, skipping
2026-08-12 07:39:41,473 [INFO] Instructions saved
2026-08-12 07:40:56,473 [INFO] --- Loop 116 @ 13:10:56 IST ---
2026-08-12 07:40:56,474 [INFO] ⚠️ SBIN: missing entry_price or first_target_price, skipping
2026-08-12 07:40:56,474 [INFO] Instructions saved
2026-08-12 07:42:11,474 [INFO] --- Loop 117 @ 13:12:11 IST ---
2026-08-12 07:42:11,474 [INFO] ⚠️ SBIN: missing entry_price or first_target_price, skipping
2026-08-12 07:42:11,475 [INFO] Instructions saved
2026-08-12 07:43:26,475 [INFO] --- Loop 118 @ 13:13:26 IST ---
2026-08-12 07:43:26,475 [INFO] ⚠️ SBIN: missing entry_price or first_target_price, skipping
2026-08-12 07:43:26,475 [INFO] Instructions saved
2026-08-12 07:44:41,476 [INFO] --- Loop 119 @ 13:14:41 IST ---
2026-08-12 07:44:41,476 [INFO] ⚠️ SBIN: missing entry_price or first_target_price, skipping
2026-08-12 07:44:41,476 [INFO] Instructions saved
2026-08-12 07:45:56,476 [INFO] --- Loop 120 @ 13:15:56 IST ---
2026-08-12 07:45:56,476 [INFO] ⚠️ SBIN: missing entry_price or first_target_price, skipping
2026-08-12 07:45:56,477 [INFO] Instructions saved
2026-08-12 07:47:11,477 [INFO] --- Loop 121 @ 13:17:11 IST ---
2026-08-12 07:47:11,477 [INFO] ⚠️ SBIN: missing entry_price or first_target_price, skipping
2026-08-12 07:47:11,477 [INFO] Instructions saved
2026-08-12 07:48:26,478 [INFO] --- Loop 122 @ 13:18:26 IST ---
2026-08-12 07:48:26,478 [INFO] ⚠️ SBIN: missing entry_price or first_target_price, skipping
2026-08-12 07:48:26,478 [INFO] Instructions saved
2026-08-12 07:49:41,478 [INFO] --- Loop 123 @ 13:19:41 IST ---
2026-08-12 07:49:41,479 [INFO] ⚠️ SBIN: missing entry_price or first_target_price, skipping
2026-08-12 07:49:41,479 [INFO] Instructions saved
2026-08-12 07:50:56,479 [INFO] --- Loop 124 @ 13:20:56 IST ---
2026-08-12 07:50:56,479 [INFO] ⚠️ SBIN: missing entry_price or first_target_price, skipping
2026-08-12 07:50:56,480 [INFO] Instructions saved
2026-08-12 07:52:11,480 [INFO] --- Loop 125 @ 13:22:11 IST ---
2026-08-12 07:52:11,480 [INFO] ⚠️ SBIN: missing entry_price or first_target_price, skipping
2026-08-12 07:52:11,480 [INFO] Instructions saved
2026-08-12 07:53:26,481 [INFO] --- Loop 126 @ 13:23:26 IST ---
2026-08-12 07:53:26,481 [INFO] ⚠️ SBIN: missing entry_price or first_target_price, skipping
2026-08-12 07:53:26,481 [INFO] Instructions saved
2026-08-12 07:54:41,481 [INFO] --- Loop 127 @ 13:24:41 IST ---
2026-08-12 07:54:41,482 [INFO] ⚠️ SBIN: missing entry_price or first_target_price, skipping
2026-08-12 07:54:41,482 [INFO] Instructions saved
2026-08-12 07:55:56,482 [INFO] --- Loop 128 @ 13:25:56 IST ---
2026-08-12 07:55:56,482 [INFO] ⚠️ SBIN: missing entry_price or first_target_price, skipping
2026-08-12 07:55:56,483 [INFO] Instructions saved
2026-08-12 07:57:11,483 [INFO] --- Loop 129 @ 13:27:11 IST ---
2026-08-12 07:57:11,483 [INFO] ⚠️ SBIN: missing entry_price or first_target_price, skipping
2026-08-12 07:57:11,483 [INFO] Instructions saved
2026-08-12 07:58:26,484 [INFO] --- Loop 130 @ 13:28:26 IST ---
2026-08-12 07:58:26,484 [INFO] ⚠️ SBIN: missing entry_price or first_target_price, skipping
2026-08-12 07:58:26,484 [INFO] Instructions saved
2026-08-12 07:59:41,484 [INFO] --- Loop 131 @ 13:29:41 IST ---
2026-08-12 07:59:41,484 [INFO] ⚠️ SBIN: missing entry_price or first_target_price, skipping
2026-08-12 07:59:41,485 [INFO] Instructions saved
2026-08-12 08:00:56,485 [INFO] --- Loop 132 @ 13:30:56 IST ---
2026-08-12 08:00:56,485 [INFO] ⚠️ SBIN: missing entry_price or first_target_price, skipping
2026-08-12 08:00:56,486 [INFO] Instructions saved
2026-08-12 08:02:11,486 [INFO] --- Loop 133 @ 13:32:11 IST ---
2026-08-12 08:02:11,486 [INFO] ⚠️ SBIN: missing entry_price or first_target_price, skipping
2026-08-12 08:02:11,486 [INFO] Instructions saved
2026-08-12 08:03:26,487 [INFO] --- Loop 134 @ 13:33:26 IST ---
2026-08-12 08:03:26,487 [INFO] ⚠️ SBIN: missing entry_price or first_target_price, skipping
2026-08-12 08:03:26,487 [INFO] Instructions saved
2026-08-12 08:04:41,487 [INFO] --- Loop 135 @ 13:34:41 IST ---
2026-08-12 08:04:41,488 [INFO] ⚠️ SBIN: missing entry_price or first_target_price, skipping
2026-08-12 08:04:41,488 [INFO] Instructions saved
2026-08-12 08:05:56,488 [INFO] --- Loop 136 @ 13:35:56 IST ---
2026-08-12 08:05:56,488 [INFO] ⚠️ SBIN: missing entry_price or first_target_price, skipping
2026-08-12 08:05:56,489 [INFO] Instructions saved
2026-08-12 08:07:11,489 [INFO] --- Loop 137 @ 13:37:11 IST ---
2026-08-12 08:07:11,489 [INFO] ⚠️ SBIN: missing entry_price or first_target_price, skipping
2026-08-12 08:07:11,489 [INFO] Instructions saved
2026-08-12 08:08:26,490 [INFO] --- Loop 138 @ 13:38:26 IST ---
2026-08-12 08:08:26,490 [INFO] ⚠️ SBIN: missing entry_price or first_target_price, skipping
2026-08-12 08:08:26,490 [INFO] Instructions saved
2026-08-12 08:09:41,490 [INFO] --- Loop 139 @ 13:39:41 IST ---
2026-08-12 08:09:41,490 [INFO] ⚠️ SBIN: missing entry_price or first_target_price, skipping
2026-08-12 08:09:41,491 [INFO] Instructions saved
2026-08-12 08:10:56,491 [INFO] --- Loop 140 @ 13:40:56 IST ---
2026-08-12 08:10:56,491 [INFO] ⚠️ SBIN: missing entry_price or first_target_price, skipping
2026-08-12 08:10:56,491 [INFO] Instructions saved
2026-08-12 08:12:11,492 [INFO] --- Loop 141 @ 13:42:11 IST ---
2026-08-12 08:12:11,492 [INFO] ⚠️ SBIN: missing entry_price or first_target_price, skipping
2026-08-12 08:12:11,493 [INFO] Instructions saved
2026-08-12 08:13:26,493 [INFO] --- Loop 142 @ 13:43:26 IST ---
2026-08-12 08:13:26,493 [INFO] ⚠️ SBIN: missing entry_price or first_target_price, skipping
2026-08-12 08:13:26,494 [INFO] Instructions saved
2026-08-12 08:14:41,494 [INFO] --- Loop 143 @ 13:44:41 IST ---
2026-08-12 08:14:41,494 [INFO] ⚠️ SBIN: missing entry_price or first_target_price, skipping
2026-08-12 08:14:41,494 [INFO] Instructions saved
2026-08-12 08:15:56,494 [INFO] --- Loop 144 @ 13:45:56 IST ---
2026-08-12 08:15:56,495 [INFO] ⚠️ SBIN: missing entry_price or first_target_price, skipping
2026-08-12 08:15:56,495 [INFO] Instructions saved
2026-08-12 08:17:11,495 [INFO] --- Loop 145 @ 13:47:11 IST ---
2026-08-12 08:17:11,495 [INFO] ⚠️ SBIN: missing entry_price or first_target_price, skipping
2026-08-12 08:17:11,496 [INFO] Instructions saved
2026-08-12 08:18:26,496 [INFO] --- Loop 146 @ 13:48:26 IST ---
2026-08-12 08:18:26,496 [INFO] ⚠️ SBIN: missing entry_price or first_target_price, skipping
2026-08-12 08:18:26,496 [INFO] Instructions saved
2026-08-12 08:19:41,497 [INFO] --- Loop 147 @ 13:49:41 IST ---
2026-08-12 08:19:41,497 [INFO] ⚠️ SBIN: missing entry_price or first_target_price, skipping
2026-08-12 08:19:41,497 [INFO] Instructions saved
2026-08-12 08:20:56,497 [INFO] --- Loop 148 @ 13:50:56 IST ---
2026-08-12 08:20:56,498 [INFO] ⚠️ SBIN: missing entry_price or first_target_price, skipping
2026-08-12 08:20:56,498 [INFO] Instructions saved
2026-08-12 08:22:11,498 [INFO] --- Loop 149 @ 13:52:11 IST ---
2026-08-12 08:22:11,498 [INFO] ⚠️ SBIN: missing entry_price or first_target_price, skipping
2026-08-12 08:22:11,499 [INFO] Instructions saved
2026-08-12 08:23:26,499 [INFO] --- Loop 150 @ 13:53:26 IST ---
2026-08-12 08:23:26,499 [INFO] ⚠️ SBIN: missing entry_price or first_target_price, skipping
2026-08-12 08:23:26,499 [INFO] Instructions saved
2026-08-12 08:24:41,500 [INFO] --- Loop 151 @ 13:54:41 IST ---
2026-08-12 08:24:41,500 [INFO] ⚠️ SBIN: missing entry_price or first_target_price, skipping
2026-08-12 08:24:41,500 [INFO] Instructions saved
2026-08-12 08:25:56,500 [INFO] --- Loop 152 @ 13:55:56 IST ---
2026-08-12 08:25:56,500 [INFO] ⚠️ SBIN: missing entry_price or first_target_price, skipping
2026-08-12 08:25:56,501 [INFO] Instructions saved
2026-08-12 08:27:11,501 [INFO] --- Loop 153 @ 13:57:11 IST ---
2026-08-12 08:27:11,501 [INFO] ⚠️ SBIN: missing entry_price or first_target_price, skipping
2026-08-12 08:27:11,502 [INFO] Instructions saved
2026-08-12 08:28:26,502 [INFO] --- Loop 154 @ 13:58:26 IST ---
2026-08-12 08:28:26,502 [INFO] ⚠️ SBIN: missing entry_price or first_target_price, skipping
2026-08-12 08:28:26,502 [INFO] Instructions saved
2026-08-12 08:29:41,502 [INFO] --- Loop 155 @ 13:59:41 IST ---
2026-08-12 08:29:41,503 [INFO] ⚠️ SBIN: missing entry_price or first_target_price, skipping
2026-08-12 08:29:41,503 [INFO] Instructions saved
2026-08-12 08:30:56,503 [INFO] --- Loop 156 @ 14:00:56 IST ---
2026-08-12 08:30:56,503 [INFO] ⚠️ SBIN: missing entry_price or first_target_price, skipping
2026-08-12 08:30:56,504 [INFO] Instructions saved
2026-08-12 08:32:11,504 [INFO] --- Loop 157 @ 14:02:11 IST ---
2026-08-12 08:32:11,504 [INFO] ⚠️ SBIN: missing entry_price or first_target_price, skipping
2026-08-12 08:32:11,504 [INFO] Instructions saved
2026-08-12 08:33:26,505 [INFO] --- Loop 158 @ 14:03:26 IST ---
2026-08-12 08:33:26,505 [INFO] ⚠️ SBIN: missing entry_price or first_target_price, skipping
2026-08-12 08:33:26,505 [INFO] Instructions saved
2026-08-12 08:34:41,505 [INFO] --- Loop 159 @ 14:04:41 IST ---
2026-08-12 08:34:41,506 [INFO] ⚠️ SBIN: missing entry_price or first_target_price, skipping
2026-08-12 08:34:41,506 [INFO] Instructions saved
2026-08-12 08:35:56,506 [INFO] --- Loop 160 @ 14:05:56 IST ---
2026-08-12 08:35:56,507 [INFO] ⚠️ SBIN: missing entry_price or first_target_price, skipping
2026-08-12 08:35:56,507 [INFO] Instructions saved
2026-08-12 08:37:11,508 [INFO] --- Loop 161 @ 14:07:11 IST ---
2026-08-12 08:37:11,508 [INFO] ⚠️ SBIN: missing entry_price or first_target_price, skipping
2026-08-12 08:37:11,508 [INFO] Instructions saved
2026-08-12 08:38:26,508 [INFO] --- Loop 162 @ 14:08:26 IST ---
2026-08-12 08:38:26,508 [INFO] ⚠️ SBIN: missing entry_price or first_target_price, skipping
2026-08-12 08:38:26,509 [INFO] Instructions saved
2026-08-12 08:39:41,509 [INFO] --- Loop 163 @ 14:09:41 IST ---
2026-08-12 08:39:41,509 [INFO] ⚠️ SBIN: missing entry_price or first_target_price, skipping
2026-08-12 08:39:41,509 [INFO] Instructions saved
2026-08-12 08:40:56,510 [INFO] --- Loop 164 @ 14:10:56 IST ---
2026-08-12 08:40:56,510 [INFO] ⚠️ SBIN: missing entry_price or first_target_price, skipping
2026-08-12 08:40:56,510 [INFO] Instructions saved
2026-08-12 08:42:11,510 [INFO] --- Loop 165 @ 14:12:11 IST ---
2026-08-12 08:42:11,511 [INFO] ⚠️ SBIN: missing entry_price or first_target_price, skipping
2026-08-12 08:42:11,511 [INFO] Instructions saved
2026-08-12 08:43:26,511 [INFO] --- Loop 166 @ 14:13:26 IST ---
2026-08-12 08:43:26,511 [INFO] ⚠️ SBIN: missing entry_price or first_target_price, skipping
2026-08-12 08:43:26,512 [INFO] Instructions saved
2026-08-12 08:44:41,512 [INFO] --- Loop 167 @ 14:14:41 IST ---
2026-08-12 08:44:41,512 [INFO] ⚠️ SBIN: missing entry_price or first_target_price, skipping
2026-08-12 08:44:41,512 [INFO] Instructions saved
2026-08-12 08:45:56,513 [INFO] --- Loop 168 @ 14:15:56 IST ---
2026-08-12 08:45:56,513 [INFO] ⚠️ SBIN: missing entry_price or first_target_price, skipping
2026-08-12 08:45:56,513 [INFO] Instructions saved
2026-08-12 08:47:11,513 [INFO] --- Loop 169 @ 14:17:11 IST ---
2026-08-12 08:47:11,513 [INFO] ⚠️ SBIN: missing entry_price or first_target_price, skipping
2026-08-12 08:47:11,514 [INFO] Instructions saved
2026-08-12 08:48:26,514 [INFO] --- Loop 170 @ 14:18:26 IST ---
2026-08-12 08:48:26,514 [INFO] ⚠️ SBIN: missing entry_price or first_target_price, skipping
2026-08-12 08:48:26,514 [INFO] Instructions saved
2026-08-12 08:49:41,515 [INFO] --- Loop 171 @ 14:19:41 IST ---
2026-08-12 08:49:41,515 [INFO] ⚠️ SBIN: missing entry_price or first_target_price, skipping
2026-08-12 08:49:41,515 [INFO] Instructions saved
2026-08-12 08:50:56,515 [INFO] --- Loop 172 @ 14:20:56 IST ---
2026-08-12 08:50:56,516 [INFO] ⚠️ SBIN: missing entry_price or first_target_price, skipping
2026-08-12 08:50:56,516 [INFO] Instructions saved
2026-08-12 08:52:11,516 [INFO] --- Loop 173 @ 14:22:11 IST ---
2026-08-12 08:52:11,516 [INFO] ⚠️ SBIN: missing entry_price or first_target_price, skipping
2026-08-12 08:52:11,517 [INFO] Instructions saved
2026-08-12 08:53:26,517 [INFO] --- Loop 174 @ 14:23:26 IST ---
2026-08-12 08:53:26,517 [INFO] ⚠️ SBIN: missing entry_price or first_target_price, skipping
2026-08-12 08:53:26,517 [INFO] Instructions saved
2026-08-12 08:54:41,518 [INFO] --- Loop 175 @ 14:24:41 IST ---
2026-08-12 08:54:41,518 [INFO] ⚠️ SBIN: missing entry_price or first_target_price, skipping
2026-08-12 08:54:41,518 [INFO] Instructions saved
2026-08-12 08:55:56,518 [INFO] --- Loop 176 @ 14:25:56 IST ---
2026-08-12 08:55:56,519 [INFO] ⚠️ SBIN: missing entry_price or first_target_price, skipping
2026-08-12 08:55:56,519 [INFO] Instructions saved
2026-08-12 08:57:11,519 [INFO] --- Loop 177 @ 14:27:11 IST ---
2026-08-12 08:57:11,519 [INFO] ⚠️ SBIN: missing entry_price or first_target_price, skipping
2026-08-12 08:57:11,520 [INFO] Instructions saved
2026-08-12 08:58:26,520 [INFO] --- Loop 178 @ 14:28:26 IST ---
2026-08-12 08:58:26,520 [INFO] ⚠️ SBIN: missing entry_price or first_target_price, skipping
2026-08-12 08:58:26,520 [INFO] Instructions saved
2026-08-12 08:59:41,521 [INFO] --- Loop 179 @ 14:29:41 IST ---
2026-08-12 08:59:41,521 [INFO] ⚠️ SBIN: missing entry_price or first_target_price, skipping
2026-08-12 08:59:41,521 [INFO] Instructions saved
2026-08-12 09:00:56,521 [INFO] --- Loop 180 @ 14:30:56 IST ---
2026-08-12 09:00:56,522 [INFO] ⚠️ SBIN: missing entry_price or first_target_price, skipping
2026-08-12 09:00:56,522 [INFO] Instructions saved
2026-08-12 09:02:11,522 [INFO] --- Loop 181 @ 14:32:11 IST ---
2026-08-12 09:02:11,522 [INFO] ⚠️ SBIN: missing entry_price or first_target_price, skipping
2026-08-12 09:02:11,523 [INFO] Instructions saved
2026-08-12 09:03:26,523 [INFO] --- Loop 182 @ 14:33:26 IST ---
2026-08-12 09:03:26,523 [INFO] ⚠️ SBIN: missing entry_price or first_target_price, skipping
2026-08-12 09:03:26,523 [INFO] Instructions saved
2026-08-12 09:04:41,524 [INFO] --- Loop 183 @ 14:34:41 IST ---
2026-08-12 09:04:41,524 [INFO] ⚠️ SBIN: missing entry_price or first_target_price, skipping
2026-08-12 09:04:41,524 [INFO] Instructions saved
2026-08-12 09:05:56,524 [INFO] --- Loop 184 @ 14:35:56 IST ---
2026-08-12 09:05:56,525 [INFO] ⚠️ SBIN: missing entry_price or first_target_price, skipping
2026-08-12 09:05:56,525 [INFO] Instructions saved
2026-08-12 09:07:11,525 [INFO] --- Loop 185 @ 14:37:11 IST ---
2026-08-12 09:07:11,525 [INFO] ⚠️ SBIN: missing entry_price or first_target_price, skipping
2026-08-12 09:07:11,526 [INFO] Instructions saved
2026-08-12 09:08:26,526 [INFO] --- Loop 186 @ 14:38:26 IST ---
2026-08-12 09:08:26,526 [INFO] ⚠️ SBIN: missing entry_price or first_target_price, skipping
2026-08-12 09:08:26,526 [INFO] Instructions saved
2026-08-12 09:09:41,527 [INFO] --- Loop 187 @ 14:39:41 IST ---
2026-08-12 09:09:41,527 [INFO] ⚠️ SBIN: missing entry_price or first_target_price, skipping
2026-08-12 09:09:41,527 [INFO] Instructions saved
2026-08-12 09:10:56,527 [INFO] --- Loop 188 @ 14:40:56 IST ---
2026-08-12 09:10:56,528 [INFO] ⚠️ SBIN: missing entry_price or first_target_price, skipping
2026-08-12 09:10:56,528 [INFO] Instructions saved
2026-08-12 09:12:11,528 [INFO] --- Loop 189 @ 14:42:11 IST ---
2026-08-12 09:12:11,528 [INFO] ⚠️ SBIN: missing entry_price or first_target_price, skipping
2026-08-12 09:12:11,529 [INFO] Instructions saved
2026-08-12 09:13:26,529 [INFO] --- Loop 190 @ 14:43:26 IST ---
2026-08-12 09:13:26,529 [INFO] ⚠️ SBIN: missing entry_price or first_target_price, skipping
2026-08-12 09:13:26,529 [INFO] Instructions saved
2026-08-12 09:14:41,530 [INFO] --- Loop 191 @ 14:44:41 IST ---
2026-08-12 09:14:41,530 [INFO] ⚠️ SBIN: missing entry_price or first_target_price, skipping
2026-08-12 09:14:41,530 [INFO] Instructions saved
2026-08-12 09:15:56,530 [INFO] --- Loop 192 @ 14:45:56 IST ---
2026-08-12 09:15:56,530 [INFO] ⚠️ SBIN: missing entry_price or first_target_price, skipping
2026-08-12 09:15:56,531 [INFO] Instructions saved
2026-08-12 09:17:11,531 [INFO] --- Loop 193 @ 14:47:11 IST ---
2026-08-12 09:17:11,531 [INFO] ⚠️ SBIN: missing entry_price or first_target_price, skipping
2026-08-12 09:17:11,531 [INFO] Instructions saved
2026-08-12 09:18:26,532 [INFO] --- Loop 194 @ 14:48:26 IST ---
2026-08-12 09:18:26,532 [INFO] ⚠️ SBIN: missing entry_price or first_target_price, skipping
2026-08-12 09:18:26,532 [INFO] Instructions saved
2026-08-12 09:19:41,532 [INFO] --- Loop 195 @ 14:49:41 IST ---
2026-08-12 09:19:41,532 [INFO] ⚠️ SBIN: missing entry_price or first_target_price, skipping
2026-08-12 09:19:41,533 [INFO] Instructions saved
2026-08-12 09:20:56,533 [INFO] --- Loop 196 @ 14:50:56 IST ---
2026-08-12 09:20:56,533 [INFO] ⚠️ SBIN: missing entry_price or first_target_price, skipping
2026-08-12 09:20:56,533 [INFO] Instructions saved
2026-08-12 09:22:11,534 [INFO] --- Loop 197 @ 14:52:11 IST ---
2026-08-12 09:22:11,534 [INFO] ⚠️ SBIN: missing entry_price or first_target_price, skipping
2026-08-12 09:22:11,534 [INFO] Instructions saved
2026-08-12 09:23:26,534 [INFO] --- Loop 198 @ 14:53:26 IST ---
2026-08-12 09:23:26,535 [INFO] ⚠️ SBIN: missing entry_price or first_target_price, skipping
2026-08-12 09:23:26,535 [INFO] Instructions saved
2026-08-12 09:24:41,535 [INFO] --- Loop 199 @ 14:54:41 IST ---
2026-08-12 09:24:41,535 [INFO] ⚠️ SBIN: missing entry_price or first_target_price, skipping
2026-08-12 09:24:41,536 [INFO] Instructions saved
2026-08-12 09:25:56,536 [INFO] --- Loop 200 @ 14:55:56 IST ---
2026-08-12 09:25:56,536 [INFO] ⚠️ SBIN: missing entry_price or first_target_price, skipping
2026-08-12 09:25:56,536 [INFO] Instructions saved
2026-08-12 09:27:11,537 [INFO] --- Loop 201 @ 14:57:11 IST ---
2026-08-12 09:27:11,537 [INFO] ⚠️ SBIN: missing entry_price or first_target_price, skipping
2026-08-12 09:27:11,537 [INFO] Instructions saved
2026-08-12 09:28:26,537 [INFO] --- Loop 202 @ 14:58:26 IST ---
2026-08-12 09:28:26,537 [INFO] ⚠️ SBIN: missing entry_price or first_target_price, skipping
2026-08-12 09:28:26,538 [INFO] Instructions saved
2026-08-12 09:29:41,538 [INFO] --- Loop 203 @ 14:59:41 IST ---
2026-08-12 09:29:41,538 [INFO] ⚠️ SBIN: missing entry_price or first_target_price, skipping
2026-08-12 09:29:41,538 [INFO] Instructions saved
2026-08-12 09:30:56,539 [INFO] --- Loop 204 @ 15:00:56 IST ---
2026-08-12 09:30:56,539 [INFO] ⚠️ SBIN: missing entry_price or first_target_price, skipping
2026-08-12 09:30:56,539 [INFO] Instructions saved
2026-08-12 09:32:11,540 [INFO] --- Loop 205 @ 15:02:11 IST ---
2026-08-12 09:32:11,540 [INFO] ⚠️ SBIN: missing entry_price or first_target_price, skipping
2026-08-12 09:32:11,540 [INFO] Instructions saved
2026-08-12 09:33:26,540 [INFO] --- Loop 206 @ 15:03:26 IST ---
2026-08-12 09:33:26,540 [INFO] ⚠️ SBIN: missing entry_price or first_target_price, skipping
2026-08-12 09:33:26,541 [INFO] Instructions saved
2026-08-12 09:34:41,541 [INFO] --- Loop 207 @ 15:04:41 IST ---
2026-08-12 09:34:41,541 [INFO] ⚠️ SBIN: missing entry_price or first_target_price, skipping
2026-08-12 09:34:41,541 [INFO] Instructions saved
2026-08-12 09:35:56,542 [INFO] --- Loop 208 @ 15:05:56 IST ---
2026-08-12 09:35:56,542 [INFO] ⚠️ SBIN: missing entry_price or first_target_price, skipping
2026-08-12 09:35:56,542 [INFO] Instructions saved
2026-08-12 09:37:11,542 [INFO] --- Loop 209 @ 15:07:11 IST ---
2026-08-12 09:37:11,543 [INFO] ⚠️ SBIN: missing entry_price or first_target_price, skipping
2026-08-12 09:37:11,543 [INFO] Instructions saved
2026-08-12 09:38:26,543 [INFO] --- Loop 210 @ 15:08:26 IST ---
2026-08-12 09:38:26,543 [INFO] ⚠️ SBIN: missing entry_price or first_target_price, skipping
2026-08-12 09:38:26,544 [INFO] Instructions saved
2026-08-12 09:39:41,544 [INFO] --- Loop 211 @ 15:09:41 IST ---
2026-08-12 09:39:41,544 [INFO] ⚠️ SBIN: missing entry_price or first_target_price, skipping
2026-08-12 09:39:41,544 [INFO] Instructions saved
2026-08-12 09:40:56,545 [INFO] --- Loop 212 @ 15:10:56 IST ---
2026-08-12 09:40:56,545 [INFO] ⚠️ SBIN: missing entry_price or first_target_price, skipping
2026-08-12 09:40:56,545 [INFO] Instructions saved
2026-08-12 09:42:11,545 [INFO] --- Loop 213 @ 15:12:11 IST ---
2026-08-12 09:42:11,545 [INFO] ⚠️ SBIN: missing entry_price or first_target_price, skipping
2026-08-12 09:42:11,546 [INFO] Instructions saved
2026-08-12 09:43:26,546 [INFO] --- Loop 214 @ 15:13:26 IST ---
2026-08-12 09:43:26,546 [INFO] ⚠️ SBIN: missing entry_price or first_target_price, skipping
2026-08-12 09:43:26,546 [INFO] Instructions saved
2026-08-12 09:44:41,547 [INFO] --- Loop 215 @ 15:14:41 IST ---
2026-08-12 09:44:41,547 [INFO] ⚠️ SBIN: missing entry_price or first_target_price, skipping
2026-08-12 09:44:41,547 [INFO] Instructions saved
2026-08-12 09:45:56,547 [INFO] --- Loop 216 @ 15:15:56 IST ---
2026-08-12 09:45:56,548 [INFO] ⚠️ SBIN: missing entry_price or first_target_price, skipping
2026-08-12 09:45:56,548 [INFO] Instructions saved
2026-08-12 09:47:11,548 [INFO] --- Loop 217 @ 15:17:11 IST ---
2026-08-12 09:47:11,548 [INFO] ⚠️ SBIN: missing entry_price or first_target_price, skipping
2026-08-12 09:47:11,549 [INFO] Instructions saved
2026-08-12 09:48:26,549 [INFO] --- Loop 218 @ 15:18:26 IST ---
2026-08-12 09:48:26,549 [INFO] ⚠️ SBIN: missing entry_price or first_target_price, skipping
2026-08-12 09:48:26,549 [INFO] Instructions saved
2026-08-12 09:49:41,550 [INFO] --- Loop 219 @ 15:19:41 IST ---
2026-08-12 09:49:41,550 [INFO] ⚠️ SBIN: missing entry_price or first_target_price, skipping
2026-08-12 09:49:41,550 [INFO] Instructions saved
2026-08-12 09:50:56,550 [INFO] --- Loop 220 @ 15:20:56 IST ---
2026-08-12 09:50:56,550 [INFO] ⚠️ SBIN: missing entry_price or first_target_price, skipping
2026-08-12 09:50:56,551 [INFO] Instructions saved
2026-08-12 09:52:11,551 [INFO] --- Loop 221 @ 15:22:11 IST ---
2026-08-12 09:52:11,551 [INFO] ⚠️ SBIN: missing entry_price or first_target_price, skipping
2026-08-12 09:52:11,551 [INFO] Instructions saved
2026-08-12 09:53:26,552 [INFO] --- Loop 222 @ 15:23:26 IST ---
2026-08-12 09:53:26,552 [INFO] ⚠️ SBIN: missing entry_price or first_target_price, skipping
2026-08-12 09:53:26,552 [INFO] Instructions saved
2026-08-12 09:54:41,552 [INFO] --- Loop 223 @ 15:24:41 IST ---
2026-08-12 09:54:41,553 [INFO] ⚠️ SBIN: missing entry_price or first_target_price, skipping
2026-08-12 09:54:41,553 [INFO] Instructions saved
2026-08-12 09:55:56,553 [INFO] --- Loop 224 @ 15:25:56 IST ---
2026-08-12 09:55:56,553 [INFO] ⚠️ SBIN: missing entry_price or first_target_price, skipping
2026-08-12 09:55:56,554 [INFO] Instructions saved
2026-08-12 09:57:11,554 [INFO] --- Loop 225 @ 15:27:11 IST ---
2026-08-12 09:57:11,554 [INFO] ⚠️ SBIN: missing entry_price or first_target_price, skipping
2026-08-12 09:57:11,554 [INFO] Instructions saved
2026-08-12 09:58:26,554 [INFO] --- Loop 226 @ 15:28:26 IST ---
2026-08-12 09:58:26,555 [INFO] ⚠️ SBIN: missing entry_price or first_target_price, skipping
2026-08-12 09:58:26,555 [INFO] Instructions saved
2026-08-12 09:59:41,555 [INFO] --- Loop 227 @ 15:29:41 IST ---
2026-08-12 09:59:41,555 [INFO] ⚠️ SBIN: missing entry_price or first_target_price, skipping
2026-08-12 09:59:41,556 [INFO] Instructions saved
2026-08-12 10:00:56,556 [INFO] --- Loop 228 @ 15:30:56 IST ---
2026-08-12 10:00:56,556 [INFO] ⚠️ SBIN: missing entry_price or first_target_price, skipping
2026-08-12 10:00:56,556 [INFO] Instructions saved
2026-08-12 10:00:56,556 [INFO] Market closed. Continuing brief monitoring until hard stop for final GTT status...
2026-08-12 10:02:11,557 [INFO] --- Loop 229 @ 15:32:11 IST ---
2026-08-12 10:02:11,557 [INFO] ⚠️ SBIN: missing entry_price or first_target_price, skipping
2026-08-12 10:02:11,557 [INFO] Instructions saved
2026-08-12 10:02:11,557 [INFO] Market closed. Continuing brief monitoring until hard stop for final GTT status...
2026-08-12 10:03:26,557 [INFO] --- Loop 230 @ 15:33:26 IST ---
2026-08-12 10:03:26,558 [INFO] ⚠️ SBIN: missing entry_price or first_target_price, skipping
2026-08-12 10:03:26,558 [INFO] Instructions saved
2026-08-12 10:03:26,558 [INFO] Market closed. Continuing brief monitoring until hard stop for final GTT status...
2026-08-12 10:04:41,558 [INFO] --- Loop 231 @ 15:34:41 IST ---
2026-08-12 10:04:41,558 [INFO] ⚠️ SBIN: missing entry_price or first_target_price, skipping
2026-08-12 10:04:41,559 [INFO] Instructions saved
2026-08-12 10:04:41,559 [INFO] Market closed. Continuing brief monitoring until hard stop for final GTT status...
2026-08-12 10:05:56,559 [INFO] Reached hard stop time. Ending trading day loop.
2026-08-12 10:05:56,559 [INFO] ============================================================
2026-08-12 10:05:56,559 [INFO] Trading day summary
2026-08-12 10:05:56,559 [INFO] Trades opened today: 0
2026-08-12 10:05:56,559 [INFO] Still active (multi-day): 0
2026-08-12 10:05:56,559 [INFO] ============================================================
