2026-08-13 05:21:29,451 [INFO] ============================================================
2026-08-13 05:21:29,451 [INFO] Trading day started — 2026-08-13
2026-08-13 05:21:29,451 [INFO] ============================================================
2026-08-13 05:21:29,451 [WARNING] Instructions are from 2026-06-22, not today (2026-08-13). Proceeding with existing watchlist anyway — update state/instructions.json for fresh rules.
2026-08-13 05:21:29,452 [INFO] --- Loop 1 @ 10:51:29 IST ---
2026-08-13 05:21:29,452 [INFO] ⚠️ SBIN: missing entry_price or first_target_price, skipping
2026-08-13 05:21:29,452 [INFO] Instructions saved
2026-08-13 05:22:44,452 [INFO] --- Loop 2 @ 10:52:44 IST ---
2026-08-13 05:22:44,453 [INFO] ⚠️ SBIN: missing entry_price or first_target_price, skipping
2026-08-13 05:22:44,453 [INFO] Instructions saved
2026-08-13 05:23:59,453 [INFO] --- Loop 3 @ 10:53:59 IST ---
2026-08-13 05:23:59,453 [INFO] ⚠️ SBIN: missing entry_price or first_target_price, skipping
2026-08-13 05:23:59,454 [INFO] Instructions saved
2026-08-13 05:25:14,454 [INFO] --- Loop 4 @ 10:55:14 IST ---
2026-08-13 05:25:14,454 [INFO] ⚠️ SBIN: missing entry_price or first_target_price, skipping
2026-08-13 05:25:14,455 [INFO] Instructions saved
2026-08-13 05:26:29,455 [INFO] --- Loop 5 @ 10:56:29 IST ---
2026-08-13 05:26:29,455 [INFO] ⚠️ SBIN: missing entry_price or first_target_price, skipping
2026-08-13 05:26:29,456 [INFO] Instructions saved
2026-08-13 05:27:44,456 [INFO] --- Loop 6 @ 10:57:44 IST ---
2026-08-13 05:27:44,456 [INFO] ⚠️ SBIN: missing entry_price or first_target_price, skipping
2026-08-13 05:27:44,457 [INFO] Instructions saved
2026-08-13 05:28:59,457 [INFO] --- Loop 7 @ 10:58:59 IST ---
2026-08-13 05:28:59,457 [INFO] ⚠️ SBIN: missing entry_price or first_target_price, skipping
2026-08-13 05:28:59,458 [INFO] Instructions saved
2026-08-13 05:30:14,458 [INFO] --- Loop 8 @ 11:00:14 IST ---
2026-08-13 05:30:14,458 [INFO] ⚠️ SBIN: missing entry_price or first_target_price, skipping
2026-08-13 05:30:14,459 [INFO] Instructions saved
2026-08-13 05:31:29,459 [INFO] --- Loop 9 @ 11:01:29 IST ---
2026-08-13 05:31:29,459 [INFO] ⚠️ SBIN: missing entry_price or first_target_price, skipping
2026-08-13 05:31:29,460 [INFO] Instructions saved
2026-08-13 05:32:44,460 [INFO] --- Loop 10 @ 11:02:44 IST ---
2026-08-13 05:32:44,460 [INFO] ⚠️ SBIN: missing entry_price or first_target_price, skipping
2026-08-13 05:32:44,461 [INFO] Instructions saved
2026-08-13 05:33:59,461 [INFO] --- Loop 11 @ 11:03:59 IST ---
2026-08-13 05:33:59,461 [INFO] ⚠️ SBIN: missing entry_price or first_target_price, skipping
2026-08-13 05:33:59,462 [INFO] Instructions saved
2026-08-13 05:35:14,462 [INFO] --- Loop 12 @ 11:05:14 IST ---
2026-08-13 05:35:14,462 [INFO] ⚠️ SBIN: missing entry_price or first_target_price, skipping
2026-08-13 05:35:14,462 [INFO] Instructions saved
2026-08-13 05:36:29,463 [INFO] --- Loop 13 @ 11:06:29 IST ---
2026-08-13 05:36:29,463 [INFO] ⚠️ SBIN: missing entry_price or first_target_price, skipping
2026-08-13 05:36:29,463 [INFO] Instructions saved
2026-08-13 05:37:44,464 [INFO] --- Loop 14 @ 11:07:44 IST ---
2026-08-13 05:37:44,464 [INFO] ⚠️ SBIN: missing entry_price or first_target_price, skipping
2026-08-13 05:37:44,464 [INFO] Instructions saved
2026-08-13 05:38:59,464 [INFO] --- Loop 15 @ 11:08:59 IST ---
2026-08-13 05:38:59,465 [INFO] ⚠️ SBIN: missing entry_price or first_target_price, skipping
2026-08-13 05:38:59,465 [INFO] Instructions saved
2026-08-13 05:40:14,465 [INFO] --- Loop 16 @ 11:10:14 IST ---
2026-08-13 05:40:14,465 [INFO] ⚠️ SBIN: missing entry_price or first_target_price, skipping
2026-08-13 05:40:14,466 [INFO] Instructions saved
2026-08-13 05:41:29,466 [INFO] --- Loop 17 @ 11:11:29 IST ---
2026-08-13 05:41:29,466 [INFO] ⚠️ SBIN: missing entry_price or first_target_price, skipping
2026-08-13 05:41:29,467 [INFO] Instructions saved
2026-08-13 05:42:44,467 [INFO] --- Loop 18 @ 11:12:44 IST ---
2026-08-13 05:42:44,467 [INFO] ⚠️ SBIN: missing entry_price or first_target_price, skipping
2026-08-13 05:42:44,467 [INFO] Instructions saved
2026-08-13 05:43:59,468 [INFO] --- Loop 19 @ 11:13:59 IST ---
2026-08-13 05:43:59,468 [INFO] ⚠️ SBIN: missing entry_price or first_target_price, skipping
2026-08-13 05:43:59,468 [INFO] Instructions saved
2026-08-13 05:45:14,469 [INFO] --- Loop 20 @ 11:15:14 IST ---
2026-08-13 05:45:14,469 [INFO] ⚠️ SBIN: missing entry_price or first_target_price, skipping
2026-08-13 05:45:14,469 [INFO] Instructions saved
2026-08-13 05:46:29,470 [INFO] --- Loop 21 @ 11:16:29 IST ---
2026-08-13 05:46:29,470 [INFO] ⚠️ SBIN: missing entry_price or first_target_price, skipping
2026-08-13 05:46:29,470 [INFO] Instructions saved
2026-08-13 05:47:44,470 [INFO] --- Loop 22 @ 11:17:44 IST ---
2026-08-13 05:47:44,471 [INFO] ⚠️ SBIN: missing entry_price or first_target_price, skipping
2026-08-13 05:47:44,471 [INFO] Instructions saved
2026-08-13 05:48:59,471 [INFO] --- Loop 23 @ 11:18:59 IST ---
2026-08-13 05:48:59,471 [INFO] ⚠️ SBIN: missing entry_price or first_target_price, skipping
2026-08-13 05:48:59,472 [INFO] Instructions saved
2026-08-13 05:50:14,472 [INFO] --- Loop 24 @ 11:20:14 IST ---
2026-08-13 05:50:14,472 [INFO] ⚠️ SBIN: missing entry_price or first_target_price, skipping
2026-08-13 05:50:14,473 [INFO] Instructions saved
2026-08-13 05:51:29,473 [INFO] --- Loop 25 @ 11:21:29 IST ---
2026-08-13 05:51:29,473 [INFO] ⚠️ SBIN: missing entry_price or first_target_price, skipping
2026-08-13 05:51:29,474 [INFO] Instructions saved
2026-08-13 05:52:44,474 [INFO] --- Loop 26 @ 11:22:44 IST ---
2026-08-13 05:52:44,474 [INFO] ⚠️ SBIN: missing entry_price or first_target_price, skipping
2026-08-13 05:52:44,475 [INFO] Instructions saved
2026-08-13 05:53:59,475 [INFO] --- Loop 27 @ 11:23:59 IST ---
2026-08-13 05:53:59,475 [INFO] ⚠️ SBIN: missing entry_price or first_target_price, skipping
2026-08-13 05:53:59,475 [INFO] Instructions saved
2026-08-13 05:55:14,476 [INFO] --- Loop 28 @ 11:25:14 IST ---
2026-08-13 05:55:14,476 [INFO] ⚠️ SBIN: missing entry_price or first_target_price, skipping
2026-08-13 05:55:14,476 [INFO] Instructions saved
2026-08-13 05:56:29,477 [INFO] --- Loop 29 @ 11:26:29 IST ---
2026-08-13 05:56:29,477 [INFO] ⚠️ SBIN: missing entry_price or first_target_price, skipping
2026-08-13 05:56:29,477 [INFO] Instructions saved
2026-08-13 05:57:44,478 [INFO] --- Loop 30 @ 11:27:44 IST ---
2026-08-13 05:57:44,478 [INFO] ⚠️ SBIN: missing entry_price or first_target_price, skipping
2026-08-13 05:57:44,478 [INFO] Instructions saved
2026-08-13 05:58:59,479 [INFO] --- Loop 31 @ 11:28:59 IST ---
2026-08-13 05:58:59,479 [INFO] ⚠️ SBIN: missing entry_price or first_target_price, skipping
2026-08-13 05:58:59,479 [INFO] Instructions saved
2026-08-13 06:00:14,479 [INFO] --- Loop 32 @ 11:30:14 IST ---
2026-08-13 06:00:14,480 [INFO] ⚠️ SBIN: missing entry_price or first_target_price, skipping
2026-08-13 06:00:14,480 [INFO] Instructions saved
2026-08-13 06:01:29,480 [INFO] --- Loop 33 @ 11:31:29 IST ---
2026-08-13 06:01:29,480 [INFO] ⚠️ SBIN: missing entry_price or first_target_price, skipping
2026-08-13 06:01:29,481 [INFO] Instructions saved
2026-08-13 06:02:44,481 [INFO] --- Loop 34 @ 11:32:44 IST ---
2026-08-13 06:02:44,481 [INFO] ⚠️ SBIN: missing entry_price or first_target_price, skipping
2026-08-13 06:02:44,482 [INFO] Instructions saved
2026-08-13 06:03:59,482 [INFO] --- Loop 35 @ 11:33:59 IST ---
2026-08-13 06:03:59,482 [INFO] ⚠️ SBIN: missing entry_price or first_target_price, skipping
2026-08-13 06:03:59,483 [INFO] Instructions saved
2026-08-13 06:05:14,483 [INFO] --- Loop 36 @ 11:35:14 IST ---
2026-08-13 06:05:14,483 [INFO] ⚠️ SBIN: missing entry_price or first_target_price, skipping
2026-08-13 06:05:14,484 [INFO] Instructions saved
2026-08-13 06:06:29,484 [INFO] --- Loop 37 @ 11:36:29 IST ---
2026-08-13 06:06:29,484 [INFO] ⚠️ SBIN: missing entry_price or first_target_price, skipping
2026-08-13 06:06:29,484 [INFO] Instructions saved
2026-08-13 06:07:44,485 [INFO] --- Loop 38 @ 11:37:44 IST ---
2026-08-13 06:07:44,485 [INFO] ⚠️ SBIN: missing entry_price or first_target_price, skipping
2026-08-13 06:07:44,485 [INFO] Instructions saved
2026-08-13 06:08:59,486 [INFO] --- Loop 39 @ 11:38:59 IST ---
2026-08-13 06:08:59,486 [INFO] ⚠️ SBIN: missing entry_price or first_target_price, skipping
2026-08-13 06:08:59,486 [INFO] Instructions saved
2026-08-13 06:10:14,487 [INFO] --- Loop 40 @ 11:40:14 IST ---
2026-08-13 06:10:14,487 [INFO] ⚠️ SBIN: missing entry_price or first_target_price, skipping
2026-08-13 06:10:14,487 [INFO] Instructions saved
2026-08-13 06:11:29,487 [INFO] --- Loop 41 @ 11:41:29 IST ---
2026-08-13 06:11:29,488 [INFO] ⚠️ SBIN: missing entry_price or first_target_price, skipping
2026-08-13 06:11:29,488 [INFO] Instructions saved
2026-08-13 06:12:44,488 [INFO] --- Loop 42 @ 11:42:44 IST ---
2026-08-13 06:12:44,489 [INFO] ⚠️ SBIN: missing entry_price or first_target_price, skipping
2026-08-13 06:12:44,489 [INFO] Instructions saved
2026-08-13 06:13:59,489 [INFO] --- Loop 43 @ 11:43:59 IST ---
2026-08-13 06:13:59,489 [INFO] ⚠️ SBIN: missing entry_price or first_target_price, skipping
2026-08-13 06:13:59,490 [INFO] Instructions saved
2026-08-13 06:15:14,490 [INFO] --- Loop 44 @ 11:45:14 IST ---
2026-08-13 06:15:14,490 [INFO] ⚠️ SBIN: missing entry_price or first_target_price, skipping
2026-08-13 06:15:14,491 [INFO] Instructions saved
2026-08-13 06:16:29,491 [INFO] --- Loop 45 @ 11:46:29 IST ---
2026-08-13 06:16:29,491 [INFO] ⚠️ SBIN: missing entry_price or first_target_price, skipping
2026-08-13 06:16:29,492 [INFO] Instructions saved
2026-08-13 06:17:44,492 [INFO] --- Loop 46 @ 11:47:44 IST ---
2026-08-13 06:17:44,492 [INFO] ⚠️ SBIN: missing entry_price or first_target_price, skipping
2026-08-13 06:17:44,493 [INFO] Instructions saved
2026-08-13 06:18:59,493 [INFO] --- Loop 47 @ 11:48:59 IST ---
2026-08-13 06:18:59,493 [INFO] ⚠️ SBIN: missing entry_price or first_target_price, skipping
2026-08-13 06:18:59,493 [INFO] Instructions saved
2026-08-13 06:20:14,494 [INFO] --- Loop 48 @ 11:50:14 IST ---
2026-08-13 06:20:14,494 [INFO] ⚠️ SBIN: missing entry_price or first_target_price, skipping
2026-08-13 06:20:14,494 [INFO] Instructions saved
2026-08-13 06:21:29,495 [INFO] --- Loop 49 @ 11:51:29 IST ---
2026-08-13 06:21:29,495 [INFO] ⚠️ SBIN: missing entry_price or first_target_price, skipping
2026-08-13 06:21:29,495 [INFO] Instructions saved
2026-08-13 06:22:44,495 [INFO] --- Loop 50 @ 11:52:44 IST ---
2026-08-13 06:22:44,496 [INFO] ⚠️ SBIN: missing entry_price or first_target_price, skipping
2026-08-13 06:22:44,496 [INFO] Instructions saved
2026-08-13 06:23:59,496 [INFO] --- Loop 51 @ 11:53:59 IST ---
2026-08-13 06:23:59,496 [INFO] ⚠️ SBIN: missing entry_price or first_target_price, skipping
2026-08-13 06:23:59,497 [INFO] Instructions saved
2026-08-13 06:25:14,497 [INFO] --- Loop 52 @ 11:55:14 IST ---
2026-08-13 06:25:14,497 [INFO] ⚠️ SBIN: missing entry_price or first_target_price, skipping
2026-08-13 06:25:14,498 [INFO] Instructions saved
2026-08-13 06:26:29,498 [INFO] --- Loop 53 @ 11:56:29 IST ---
2026-08-13 06:26:29,498 [INFO] ⚠️ SBIN: missing entry_price or first_target_price, skipping
2026-08-13 06:26:29,499 [INFO] Instructions saved
2026-08-13 06:27:44,499 [INFO] --- Loop 54 @ 11:57:44 IST ---
2026-08-13 06:27:44,499 [INFO] ⚠️ SBIN: missing entry_price or first_target_price, skipping
2026-08-13 06:27:44,500 [INFO] Instructions saved
2026-08-13 06:28:59,500 [INFO] --- Loop 55 @ 11:58:59 IST ---
2026-08-13 06:28:59,500 [INFO] ⚠️ SBIN: missing entry_price or first_target_price, skipping
2026-08-13 06:28:59,500 [INFO] Instructions saved
2026-08-13 06:30:14,501 [INFO] --- Loop 56 @ 12:00:14 IST ---
2026-08-13 06:30:14,501 [INFO] ⚠️ SBIN: missing entry_price or first_target_price, skipping
2026-08-13 06:30:14,501 [INFO] Instructions saved
2026-08-13 06:31:29,502 [INFO] --- Loop 57 @ 12:01:29 IST ---
2026-08-13 06:31:29,502 [INFO] ⚠️ SBIN: missing entry_price or first_target_price, skipping
2026-08-13 06:31:29,502 [INFO] Instructions saved
2026-08-13 06:32:44,502 [INFO] --- Loop 58 @ 12:02:44 IST ---
2026-08-13 06:32:44,503 [INFO] ⚠️ SBIN: missing entry_price or first_target_price, skipping
2026-08-13 06:32:44,503 [INFO] Instructions saved
2026-08-13 06:33:59,503 [INFO] --- Loop 59 @ 12:03:59 IST ---
2026-08-13 06:33:59,503 [INFO] ⚠️ SBIN: missing entry_price or first_target_price, skipping
2026-08-13 06:33:59,504 [INFO] Instructions saved
2026-08-13 06:35:14,504 [INFO] --- Loop 60 @ 12:05:14 IST ---
2026-08-13 06:35:14,504 [INFO] ⚠️ SBIN: missing entry_price or first_target_price, skipping
2026-08-13 06:35:14,505 [INFO] Instructions saved
2026-08-13 06:36:29,505 [INFO] --- Loop 61 @ 12:06:29 IST ---
2026-08-13 06:36:29,505 [INFO] ⚠️ SBIN: missing entry_price or first_target_price, skipping
2026-08-13 06:36:29,506 [INFO] Instructions saved
2026-08-13 06:37:44,506 [INFO] --- Loop 62 @ 12:07:44 IST ---
2026-08-13 06:37:44,506 [INFO] ⚠️ SBIN: missing entry_price or first_target_price, skipping
2026-08-13 06:37:44,507 [INFO] Instructions saved
2026-08-13 06:38:59,507 [INFO] --- Loop 63 @ 12:08:59 IST ---
2026-08-13 06:38:59,507 [INFO] ⚠️ SBIN: missing entry_price or first_target_price, skipping
2026-08-13 06:38:59,508 [INFO] Instructions saved
2026-08-13 06:40:14,508 [INFO] --- Loop 64 @ 12:10:14 IST ---
2026-08-13 06:40:14,508 [INFO] ⚠️ SBIN: missing entry_price or first_target_price, skipping
2026-08-13 06:40:14,509 [INFO] Instructions saved
2026-08-13 06:41:29,509 [INFO] --- Loop 65 @ 12:11:29 IST ---
2026-08-13 06:41:29,509 [INFO] ⚠️ SBIN: missing entry_price or first_target_price, skipping
2026-08-13 06:41:29,509 [INFO] Instructions saved
2026-08-13 06:42:44,510 [INFO] --- Loop 66 @ 12:12:44 IST ---
2026-08-13 06:42:44,510 [INFO] ⚠️ SBIN: missing entry_price or first_target_price, skipping
2026-08-13 06:42:44,510 [INFO] Instructions saved
2026-08-13 06:43:59,511 [INFO] --- Loop 67 @ 12:13:59 IST ---
2026-08-13 06:43:59,511 [INFO] ⚠️ SBIN: missing entry_price or first_target_price, skipping
2026-08-13 06:43:59,511 [INFO] Instructions saved
2026-08-13 06:45:14,511 [INFO] --- Loop 68 @ 12:15:14 IST ---
2026-08-13 06:45:14,512 [INFO] ⚠️ SBIN: missing entry_price or first_target_price, skipping
2026-08-13 06:45:14,512 [INFO] Instructions saved
2026-08-13 06:46:29,512 [INFO] --- Loop 69 @ 12:16:29 IST ---
2026-08-13 06:46:29,513 [INFO] ⚠️ SBIN: missing entry_price or first_target_price, skipping
2026-08-13 06:46:29,513 [INFO] Instructions saved
2026-08-13 06:47:44,513 [INFO] --- Loop 70 @ 12:17:44 IST ---
2026-08-13 06:47:44,513 [INFO] ⚠️ SBIN: missing entry_price or first_target_price, skipping
2026-08-13 06:47:44,514 [INFO] Instructions saved
2026-08-13 06:48:59,514 [INFO] --- Loop 71 @ 12:18:59 IST ---
2026-08-13 06:48:59,514 [INFO] ⚠️ SBIN: missing entry_price or first_target_price, skipping
2026-08-13 06:48:59,515 [INFO] Instructions saved
2026-08-13 06:50:14,515 [INFO] --- Loop 72 @ 12:20:14 IST ---
2026-08-13 06:50:14,515 [INFO] ⚠️ SBIN: missing entry_price or first_target_price, skipping
2026-08-13 06:50:14,516 [INFO] Instructions saved
2026-08-13 06:51:29,516 [INFO] --- Loop 73 @ 12:21:29 IST ---
2026-08-13 06:51:29,516 [INFO] ⚠️ SBIN: missing entry_price or first_target_price, skipping
2026-08-13 06:51:29,516 [INFO] Instructions saved
2026-08-13 06:52:44,517 [INFO] --- Loop 74 @ 12:22:44 IST ---
2026-08-13 06:52:44,517 [INFO] ⚠️ SBIN: missing entry_price or first_target_price, skipping
2026-08-13 06:52:44,517 [INFO] Instructions saved
2026-08-13 06:53:59,518 [INFO] --- Loop 75 @ 12:23:59 IST ---
2026-08-13 06:53:59,518 [INFO] ⚠️ SBIN: missing entry_price or first_target_price, skipping
2026-08-13 06:53:59,518 [INFO] Instructions saved
2026-08-13 06:55:14,519 [INFO] --- Loop 76 @ 12:25:14 IST ---
2026-08-13 06:55:14,519 [INFO] ⚠️ SBIN: missing entry_price or first_target_price, skipping
2026-08-13 06:55:14,519 [INFO] Instructions saved
2026-08-13 06:56:29,519 [INFO] --- Loop 77 @ 12:26:29 IST ---
2026-08-13 06:56:29,520 [INFO] ⚠️ SBIN: missing entry_price or first_target_price, skipping
2026-08-13 06:56:29,520 [INFO] Instructions saved
2026-08-13 06:57:44,520 [INFO] --- Loop 78 @ 12:27:44 IST ---
2026-08-13 06:57:44,521 [INFO] ⚠️ SBIN: missing entry_price or first_target_price, skipping
2026-08-13 06:57:44,521 [INFO] Instructions saved
2026-08-13 06:58:59,521 [INFO] --- Loop 79 @ 12:28:59 IST ---
2026-08-13 06:58:59,522 [INFO] ⚠️ SBIN: missing entry_price or first_target_price, skipping
2026-08-13 06:58:59,522 [INFO] Instructions saved
2026-08-13 07:00:14,522 [INFO] --- Loop 80 @ 12:30:14 IST ---
2026-08-13 07:00:14,522 [INFO] ⚠️ SBIN: missing entry_price or first_target_price, skipping
2026-08-13 07:00:14,523 [INFO] Instructions saved
2026-08-13 07:01:29,523 [INFO] --- Loop 81 @ 12:31:29 IST ---
2026-08-13 07:01:29,523 [INFO] ⚠️ SBIN: missing entry_price or first_target_price, skipping
2026-08-13 07:01:29,524 [INFO] Instructions saved
2026-08-13 07:02:44,524 [INFO] --- Loop 82 @ 12:32:44 IST ---
2026-08-13 07:02:44,524 [INFO] ⚠️ SBIN: missing entry_price or first_target_price, skipping
2026-08-13 07:02:44,525 [INFO] Instructions saved
2026-08-13 07:03:59,525 [INFO] --- Loop 83 @ 12:33:59 IST ---
2026-08-13 07:03:59,525 [INFO] ⚠️ SBIN: missing entry_price or first_target_price, skipping
2026-08-13 07:03:59,526 [INFO] Instructions saved
2026-08-13 07:05:14,526 [INFO] --- Loop 84 @ 12:35:14 IST ---
2026-08-13 07:05:14,526 [INFO] ⚠️ SBIN: missing entry_price or first_target_price, skipping
2026-08-13 07:05:14,527 [INFO] Instructions saved
2026-08-13 07:06:29,527 [INFO] --- Loop 85 @ 12:36:29 IST ---
2026-08-13 07:06:29,527 [INFO] ⚠️ SBIN: missing entry_price or first_target_price, skipping
2026-08-13 07:06:29,528 [INFO] Instructions saved
2026-08-13 07:07:44,528 [INFO] --- Loop 86 @ 12:37:44 IST ---
2026-08-13 07:07:44,528 [INFO] ⚠️ SBIN: missing entry_price or first_target_price, skipping
2026-08-13 07:07:44,529 [INFO] Instructions saved
2026-08-13 07:08:59,529 [INFO] --- Loop 87 @ 12:38:59 IST ---
2026-08-13 07:08:59,529 [INFO] ⚠️ SBIN: missing entry_price or first_target_price, skipping
2026-08-13 07:08:59,530 [INFO] Instructions saved
2026-08-13 07:10:14,530 [INFO] --- Loop 88 @ 12:40:14 IST ---
2026-08-13 07:10:14,530 [INFO] ⚠️ SBIN: missing entry_price or first_target_price, skipping
2026-08-13 07:10:14,530 [INFO] Instructions saved
2026-08-13 07:11:29,531 [INFO] --- Loop 89 @ 12:41:29 IST ---
2026-08-13 07:11:29,531 [INFO] ⚠️ SBIN: missing entry_price or first_target_price, skipping
2026-08-13 07:11:29,531 [INFO] Instructions saved
2026-08-13 07:12:44,532 [INFO] --- Loop 90 @ 12:42:44 IST ---
2026-08-13 07:12:44,532 [INFO] ⚠️ SBIN: missing entry_price or first_target_price, skipping
2026-08-13 07:12:44,532 [INFO] Instructions saved
2026-08-13 07:13:59,533 [INFO] --- Loop 91 @ 12:43:59 IST ---
2026-08-13 07:13:59,533 [INFO] ⚠️ SBIN: missing entry_price or first_target_price, skipping
2026-08-13 07:13:59,533 [INFO] Instructions saved
2026-08-13 07:15:14,534 [INFO] --- Loop 92 @ 12:45:14 IST ---
2026-08-13 07:15:14,534 [INFO] ⚠️ SBIN: missing entry_price or first_target_price, skipping
2026-08-13 07:15:14,534 [INFO] Instructions saved
2026-08-13 07:16:29,535 [INFO] --- Loop 93 @ 12:46:29 IST ---
2026-08-13 07:16:29,535 [INFO] ⚠️ SBIN: missing entry_price or first_target_price, skipping
2026-08-13 07:16:29,535 [INFO] Instructions saved
2026-08-13 07:17:44,536 [INFO] --- Loop 94 @ 12:47:44 IST ---
2026-08-13 07:17:44,536 [INFO] ⚠️ SBIN: missing entry_price or first_target_price, skipping
2026-08-13 07:17:44,536 [INFO] Instructions saved
2026-08-13 07:18:59,537 [INFO] --- Loop 95 @ 12:48:59 IST ---
2026-08-13 07:18:59,537 [INFO] ⚠️ SBIN: missing entry_price or first_target_price, skipping
2026-08-13 07:18:59,537 [INFO] Instructions saved
2026-08-13 07:20:14,538 [INFO] --- Loop 96 @ 12:50:14 IST ---
2026-08-13 07:20:14,538 [INFO] ⚠️ SBIN: missing entry_price or first_target_price, skipping
2026-08-13 07:20:14,538 [INFO] Instructions saved
2026-08-13 07:21:29,539 [INFO] --- Loop 97 @ 12:51:29 IST ---
2026-08-13 07:21:29,539 [INFO] ⚠️ SBIN: missing entry_price or first_target_price, skipping
2026-08-13 07:21:29,539 [INFO] Instructions saved
2026-08-13 07:22:44,539 [INFO] --- Loop 98 @ 12:52:44 IST ---
2026-08-13 07:22:44,540 [INFO] ⚠️ SBIN: missing entry_price or first_target_price, skipping
2026-08-13 07:22:44,540 [INFO] Instructions saved
2026-08-13 07:23:59,540 [INFO] --- Loop 99 @ 12:53:59 IST ---
2026-08-13 07:23:59,541 [INFO] ⚠️ SBIN: missing entry_price or first_target_price, skipping
2026-08-13 07:23:59,541 [INFO] Instructions saved
2026-08-13 07:25:14,541 [INFO] --- Loop 100 @ 12:55:14 IST ---
2026-08-13 07:25:14,542 [INFO] ⚠️ SBIN: missing entry_price or first_target_price, skipping
2026-08-13 07:25:14,542 [INFO] Instructions saved
2026-08-13 07:26:29,542 [INFO] --- Loop 101 @ 12:56:29 IST ---
2026-08-13 07:26:29,543 [INFO] ⚠️ SBIN: missing entry_price or first_target_price, skipping
2026-08-13 07:26:29,543 [INFO] Instructions saved
2026-08-13 07:27:44,544 [INFO] --- Loop 102 @ 12:57:44 IST ---
2026-08-13 07:27:44,544 [INFO] ⚠️ SBIN: missing entry_price or first_target_price, skipping
2026-08-13 07:27:44,544 [INFO] Instructions saved
2026-08-13 07:28:59,545 [INFO] --- Loop 103 @ 12:58:59 IST ---
2026-08-13 07:28:59,545 [INFO] ⚠️ SBIN: missing entry_price or first_target_price, skipping
2026-08-13 07:28:59,545 [INFO] Instructions saved
2026-08-13 07:30:14,546 [INFO] --- Loop 104 @ 13:00:14 IST ---
2026-08-13 07:30:14,546 [INFO] ⚠️ SBIN: missing entry_price or first_target_price, skipping
2026-08-13 07:30:14,546 [INFO] Instructions saved
2026-08-13 07:31:29,547 [INFO] --- Loop 105 @ 13:01:29 IST ---
2026-08-13 07:31:29,547 [INFO] ⚠️ SBIN: missing entry_price or first_target_price, skipping
2026-08-13 07:31:29,547 [INFO] Instructions saved
2026-08-13 07:32:44,548 [INFO] --- Loop 106 @ 13:02:44 IST ---
2026-08-13 07:32:44,548 [INFO] ⚠️ SBIN: missing entry_price or first_target_price, skipping
2026-08-13 07:32:44,548 [INFO] Instructions saved
2026-08-13 07:33:59,549 [INFO] --- Loop 107 @ 13:03:59 IST ---
2026-08-13 07:33:59,549 [INFO] ⚠️ SBIN: missing entry_price or first_target_price, skipping
2026-08-13 07:33:59,549 [INFO] Instructions saved
2026-08-13 07:35:14,550 [INFO] --- Loop 108 @ 13:05:14 IST ---
2026-08-13 07:35:14,550 [INFO] ⚠️ SBIN: missing entry_price or first_target_price, skipping
2026-08-13 07:35:14,550 [INFO] Instructions saved
2026-08-13 07:36:29,550 [INFO] --- Loop 109 @ 13:06:29 IST ---
2026-08-13 07:36:29,551 [INFO] ⚠️ SBIN: missing entry_price or first_target_price, skipping
2026-08-13 07:36:29,551 [INFO] Instructions saved
2026-08-13 07:37:44,551 [INFO] --- Loop 110 @ 13:07:44 IST ---
2026-08-13 07:37:44,552 [INFO] ⚠️ SBIN: missing entry_price or first_target_price, skipping
2026-08-13 07:37:44,552 [INFO] Instructions saved
2026-08-13 07:38:59,552 [INFO] --- Loop 111 @ 13:08:59 IST ---
2026-08-13 07:38:59,553 [INFO] ⚠️ SBIN: missing entry_price or first_target_price, skipping
2026-08-13 07:38:59,553 [INFO] Instructions saved
2026-08-13 07:40:14,553 [INFO] --- Loop 112 @ 13:10:14 IST ---
2026-08-13 07:40:14,554 [INFO] ⚠️ SBIN: missing entry_price or first_target_price, skipping
2026-08-13 07:40:14,554 [INFO] Instructions saved
2026-08-13 07:41:29,554 [INFO] --- Loop 113 @ 13:11:29 IST ---
2026-08-13 07:41:29,554 [INFO] ⚠️ SBIN: missing entry_price or first_target_price, skipping
2026-08-13 07:41:29,555 [INFO] Instructions saved
2026-08-13 07:42:44,555 [INFO] --- Loop 114 @ 13:12:44 IST ---
2026-08-13 07:42:44,556 [INFO] ⚠️ SBIN: missing entry_price or first_target_price, skipping
2026-08-13 07:42:44,556 [INFO] Instructions saved
2026-08-13 07:43:59,556 [INFO] --- Loop 115 @ 13:13:59 IST ---
2026-08-13 07:43:59,557 [INFO] ⚠️ SBIN: missing entry_price or first_target_price, skipping
2026-08-13 07:43:59,557 [INFO] Instructions saved
2026-08-13 07:45:14,557 [INFO] --- Loop 116 @ 13:15:14 IST ---
2026-08-13 07:45:14,557 [INFO] ⚠️ SBIN: missing entry_price or first_target_price, skipping
2026-08-13 07:45:14,558 [INFO] Instructions saved
2026-08-13 07:46:29,558 [INFO] --- Loop 117 @ 13:16:29 IST ---
2026-08-13 07:46:29,558 [INFO] ⚠️ SBIN: missing entry_price or first_target_price, skipping
2026-08-13 07:46:29,559 [INFO] Instructions saved
2026-08-13 07:47:44,559 [INFO] --- Loop 118 @ 13:17:44 IST ---
2026-08-13 07:47:44,559 [INFO] ⚠️ SBIN: missing entry_price or first_target_price, skipping
2026-08-13 07:47:44,560 [INFO] Instructions saved
2026-08-13 07:48:59,560 [INFO] --- Loop 119 @ 13:18:59 IST ---
2026-08-13 07:48:59,560 [INFO] ⚠️ SBIN: missing entry_price or first_target_price, skipping
2026-08-13 07:48:59,560 [INFO] Instructions saved
2026-08-13 07:50:14,561 [INFO] --- Loop 120 @ 13:20:14 IST ---
2026-08-13 07:50:14,561 [INFO] ⚠️ SBIN: missing entry_price or first_target_price, skipping
2026-08-13 07:50:14,561 [INFO] Instructions saved
2026-08-13 07:51:29,562 [INFO] --- Loop 121 @ 13:21:29 IST ---
2026-08-13 07:51:29,562 [INFO] ⚠️ SBIN: missing entry_price or first_target_price, skipping
2026-08-13 07:51:29,562 [INFO] Instructions saved
2026-08-13 07:52:44,563 [INFO] --- Loop 122 @ 13:22:44 IST ---
2026-08-13 07:52:44,563 [INFO] ⚠️ SBIN: missing entry_price or first_target_price, skipping
2026-08-13 07:52:44,563 [INFO] Instructions saved
2026-08-13 07:53:59,563 [INFO] --- Loop 123 @ 13:23:59 IST ---
2026-08-13 07:53:59,564 [INFO] ⚠️ SBIN: missing entry_price or first_target_price, skipping
2026-08-13 07:53:59,564 [INFO] Instructions saved
2026-08-13 07:55:14,565 [INFO] --- Loop 124 @ 13:25:14 IST ---
2026-08-13 07:55:14,565 [INFO] ⚠️ SBIN: missing entry_price or first_target_price, skipping
2026-08-13 07:55:14,565 [INFO] Instructions saved
2026-08-13 07:56:29,566 [INFO] --- Loop 125 @ 13:26:29 IST ---
2026-08-13 07:56:29,566 [INFO] ⚠️ SBIN: missing entry_price or first_target_price, skipping
2026-08-13 07:56:29,566 [INFO] Instructions saved
2026-08-13 07:57:44,567 [INFO] --- Loop 126 @ 13:27:44 IST ---
2026-08-13 07:57:44,567 [INFO] ⚠️ SBIN: missing entry_price or first_target_price, skipping
2026-08-13 07:57:44,567 [INFO] Instructions saved
2026-08-13 07:58:59,568 [INFO] --- Loop 127 @ 13:28:59 IST ---
2026-08-13 07:58:59,568 [INFO] ⚠️ SBIN: missing entry_price or first_target_price, skipping
2026-08-13 07:58:59,568 [INFO] Instructions saved
2026-08-13 08:00:14,568 [INFO] --- Loop 128 @ 13:30:14 IST ---
2026-08-13 08:00:14,569 [INFO] ⚠️ SBIN: missing entry_price or first_target_price, skipping
2026-08-13 08:00:14,569 [INFO] Instructions saved
2026-08-13 08:01:29,569 [INFO] --- Loop 129 @ 13:31:29 IST ---
2026-08-13 08:01:29,570 [INFO] ⚠️ SBIN: missing entry_price or first_target_price, skipping
2026-08-13 08:01:29,570 [INFO] Instructions saved
2026-08-13 08:02:44,570 [INFO] --- Loop 130 @ 13:32:44 IST ---
2026-08-13 08:02:44,571 [INFO] ⚠️ SBIN: missing entry_price or first_target_price, skipping
2026-08-13 08:02:44,571 [INFO] Instructions saved
2026-08-13 08:03:59,571 [INFO] --- Loop 131 @ 13:33:59 IST ---
2026-08-13 08:03:59,571 [INFO] ⚠️ SBIN: missing entry_price or first_target_price, skipping
2026-08-13 08:03:59,572 [INFO] Instructions saved
2026-08-13 08:05:14,572 [INFO] --- Loop 132 @ 13:35:14 IST ---
2026-08-13 08:05:14,572 [INFO] ⚠️ SBIN: missing entry_price or first_target_price, skipping
2026-08-13 08:05:14,573 [INFO] Instructions saved
2026-08-13 08:06:29,573 [INFO] --- Loop 133 @ 13:36:29 IST ---
2026-08-13 08:06:29,573 [INFO] ⚠️ SBIN: missing entry_price or first_target_price, skipping
2026-08-13 08:06:29,574 [INFO] Instructions saved
2026-08-13 08:07:44,574 [INFO] --- Loop 134 @ 13:37:44 IST ---
2026-08-13 08:07:44,574 [INFO] ⚠️ SBIN: missing entry_price or first_target_price, skipping
2026-08-13 08:07:44,575 [INFO] Instructions saved
2026-08-13 08:08:59,575 [INFO] --- Loop 135 @ 13:38:59 IST ---
2026-08-13 08:08:59,575 [INFO] ⚠️ SBIN: missing entry_price or first_target_price, skipping
2026-08-13 08:08:59,576 [INFO] Instructions saved
2026-08-13 08:10:14,576 [INFO] --- Loop 136 @ 13:40:14 IST ---
2026-08-13 08:10:14,576 [INFO] ⚠️ SBIN: missing entry_price or first_target_price, skipping
2026-08-13 08:10:14,576 [INFO] Instructions saved
2026-08-13 08:11:29,577 [INFO] --- Loop 137 @ 13:41:29 IST ---
2026-08-13 08:11:29,577 [INFO] ⚠️ SBIN: missing entry_price or first_target_price, skipping
2026-08-13 08:11:29,577 [INFO] Instructions saved
2026-08-13 08:12:44,578 [INFO] --- Loop 138 @ 13:42:44 IST ---
2026-08-13 08:12:44,578 [INFO] ⚠️ SBIN: missing entry_price or first_target_price, skipping
2026-08-13 08:12:44,578 [INFO] Instructions saved
2026-08-13 08:13:59,579 [INFO] --- Loop 139 @ 13:43:59 IST ---
2026-08-13 08:13:59,579 [INFO] ⚠️ SBIN: missing entry_price or first_target_price, skipping
2026-08-13 08:13:59,579 [INFO] Instructions saved
2026-08-13 08:15:14,580 [INFO] --- Loop 140 @ 13:45:14 IST ---
2026-08-13 08:15:14,580 [INFO] ⚠️ SBIN: missing entry_price or first_target_price, skipping
2026-08-13 08:15:14,580 [INFO] Instructions saved
2026-08-13 08:16:29,580 [INFO] --- Loop 141 @ 13:46:29 IST ---
2026-08-13 08:16:29,581 [INFO] ⚠️ SBIN: missing entry_price or first_target_price, skipping
2026-08-13 08:16:29,581 [INFO] Instructions saved
2026-08-13 08:17:44,581 [INFO] --- Loop 142 @ 13:47:44 IST ---
2026-08-13 08:17:44,582 [INFO] ⚠️ SBIN: missing entry_price or first_target_price, skipping
2026-08-13 08:17:44,582 [INFO] Instructions saved
2026-08-13 08:18:59,582 [INFO] --- Loop 143 @ 13:48:59 IST ---
2026-08-13 08:18:59,582 [INFO] ⚠️ SBIN: missing entry_price or first_target_price, skipping
2026-08-13 08:18:59,583 [INFO] Instructions saved
2026-08-13 08:20:14,583 [INFO] --- Loop 144 @ 13:50:14 IST ---
2026-08-13 08:20:14,583 [INFO] ⚠️ SBIN: missing entry_price or first_target_price, skipping
2026-08-13 08:20:14,584 [INFO] Instructions saved
2026-08-13 08:21:29,584 [INFO] --- Loop 145 @ 13:51:29 IST ---
2026-08-13 08:21:29,584 [INFO] ⚠️ SBIN: missing entry_price or first_target_price, skipping
2026-08-13 08:21:29,585 [INFO] Instructions saved
2026-08-13 08:22:44,585 [INFO] --- Loop 146 @ 13:52:44 IST ---
2026-08-13 08:22:44,585 [INFO] ⚠️ SBIN: missing entry_price or first_target_price, skipping
2026-08-13 08:22:44,585 [INFO] Instructions saved
2026-08-13 08:23:59,586 [INFO] --- Loop 147 @ 13:53:59 IST ---
2026-08-13 08:23:59,586 [INFO] ⚠️ SBIN: missing entry_price or first_target_price, skipping
2026-08-13 08:23:59,586 [INFO] Instructions saved
2026-08-13 08:25:14,587 [INFO] --- Loop 148 @ 13:55:14 IST ---
2026-08-13 08:25:14,587 [INFO] ⚠️ SBIN: missing entry_price or first_target_price, skipping
2026-08-13 08:25:14,587 [INFO] Instructions saved
2026-08-13 08:26:29,588 [INFO] --- Loop 149 @ 13:56:29 IST ---
2026-08-13 08:26:29,588 [INFO] ⚠️ SBIN: missing entry_price or first_target_price, skipping
2026-08-13 08:26:29,588 [INFO] Instructions saved
2026-08-13 08:27:44,589 [INFO] --- Loop 150 @ 13:57:44 IST ---
2026-08-13 08:27:44,589 [INFO] ⚠️ SBIN: missing entry_price or first_target_price, skipping
2026-08-13 08:27:44,589 [INFO] Instructions saved
2026-08-13 08:28:59,589 [INFO] --- Loop 151 @ 13:58:59 IST ---
2026-08-13 08:28:59,590 [INFO] ⚠️ SBIN: missing entry_price or first_target_price, skipping
2026-08-13 08:28:59,590 [INFO] Instructions saved
2026-08-13 08:30:14,590 [INFO] --- Loop 152 @ 14:00:14 IST ---
2026-08-13 08:30:14,591 [INFO] ⚠️ SBIN: missing entry_price or first_target_price, skipping
2026-08-13 08:30:14,591 [INFO] Instructions saved
2026-08-13 08:31:29,591 [INFO] --- Loop 153 @ 14:01:29 IST ---
2026-08-13 08:31:29,591 [INFO] ⚠️ SBIN: missing entry_price or first_target_price, skipping
2026-08-13 08:31:29,592 [INFO] Instructions saved
2026-08-13 08:32:44,592 [INFO] --- Loop 154 @ 14:02:44 IST ---
2026-08-13 08:32:44,592 [INFO] ⚠️ SBIN: missing entry_price or first_target_price, skipping
2026-08-13 08:32:44,593 [INFO] Instructions saved
2026-08-13 08:33:59,593 [INFO] --- Loop 155 @ 14:03:59 IST ---
2026-08-13 08:33:59,593 [INFO] ⚠️ SBIN: missing entry_price or first_target_price, skipping
2026-08-13 08:33:59,593 [INFO] Instructions saved
2026-08-13 08:35:14,594 [INFO] --- Loop 156 @ 14:05:14 IST ---
2026-08-13 08:35:14,594 [INFO] ⚠️ SBIN: missing entry_price or first_target_price, skipping
2026-08-13 08:35:14,594 [INFO] Instructions saved
2026-08-13 08:36:29,595 [INFO] --- Loop 157 @ 14:06:29 IST ---
2026-08-13 08:36:29,595 [INFO] ⚠️ SBIN: missing entry_price or first_target_price, skipping
2026-08-13 08:36:29,595 [INFO] Instructions saved
2026-08-13 08:37:44,595 [INFO] --- Loop 158 @ 14:07:44 IST ---
2026-08-13 08:37:44,596 [INFO] ⚠️ SBIN: missing entry_price or first_target_price, skipping
2026-08-13 08:37:44,596 [INFO] Instructions saved
2026-08-13 08:38:59,596 [INFO] --- Loop 159 @ 14:08:59 IST ---
2026-08-13 08:38:59,597 [INFO] ⚠️ SBIN: missing entry_price or first_target_price, skipping
2026-08-13 08:38:59,597 [INFO] Instructions saved
2026-08-13 08:40:14,597 [INFO] --- Loop 160 @ 14:10:14 IST ---
2026-08-13 08:40:14,597 [INFO] ⚠️ SBIN: missing entry_price or first_target_price, skipping
2026-08-13 08:40:14,598 [INFO] Instructions saved
2026-08-13 08:41:29,598 [INFO] --- Loop 161 @ 14:11:29 IST ---
2026-08-13 08:41:29,598 [INFO] ⚠️ SBIN: missing entry_price or first_target_price, skipping
2026-08-13 08:41:29,599 [INFO] Instructions saved
2026-08-13 08:42:44,599 [INFO] --- Loop 162 @ 14:12:44 IST ---
2026-08-13 08:42:44,599 [INFO] ⚠️ SBIN: missing entry_price or first_target_price, skipping
2026-08-13 08:42:44,600 [INFO] Instructions saved
2026-08-13 08:43:59,600 [INFO] --- Loop 163 @ 14:13:59 IST ---
2026-08-13 08:43:59,600 [INFO] ⚠️ SBIN: missing entry_price or first_target_price, skipping
2026-08-13 08:43:59,600 [INFO] Instructions saved
2026-08-13 08:45:14,601 [INFO] --- Loop 164 @ 14:15:14 IST ---
2026-08-13 08:45:14,601 [INFO] ⚠️ SBIN: missing entry_price or first_target_price, skipping
2026-08-13 08:45:14,601 [INFO] Instructions saved
2026-08-13 08:46:29,602 [INFO] --- Loop 165 @ 14:16:29 IST ---
2026-08-13 08:46:29,602 [INFO] ⚠️ SBIN: missing entry_price or first_target_price, skipping
2026-08-13 08:46:29,602 [INFO] Instructions saved
2026-08-13 08:47:44,603 [INFO] --- Loop 166 @ 14:17:44 IST ---
2026-08-13 08:47:44,603 [INFO] ⚠️ SBIN: missing entry_price or first_target_price, skipping
2026-08-13 08:47:44,603 [INFO] Instructions saved
2026-08-13 08:48:59,603 [INFO] --- Loop 167 @ 14:18:59 IST ---
2026-08-13 08:48:59,604 [INFO] ⚠️ SBIN: missing entry_price or first_target_price, skipping
2026-08-13 08:48:59,604 [INFO] Instructions saved
2026-08-13 08:50:14,604 [INFO] --- Loop 168 @ 14:20:14 IST ---
2026-08-13 08:50:14,604 [INFO] ⚠️ SBIN: missing entry_price or first_target_price, skipping
2026-08-13 08:50:14,605 [INFO] Instructions saved
2026-08-13 08:51:29,605 [INFO] --- Loop 169 @ 14:21:29 IST ---
2026-08-13 08:51:29,605 [INFO] ⚠️ SBIN: missing entry_price or first_target_price, skipping
2026-08-13 08:51:29,606 [INFO] Instructions saved
2026-08-13 08:52:44,606 [INFO] --- Loop 170 @ 14:22:44 IST ---
2026-08-13 08:52:44,606 [INFO] ⚠️ SBIN: missing entry_price or first_target_price, skipping
2026-08-13 08:52:44,607 [INFO] Instructions saved
2026-08-13 08:53:59,607 [INFO] --- Loop 171 @ 14:23:59 IST ---
2026-08-13 08:53:59,607 [INFO] ⚠️ SBIN: missing entry_price or first_target_price, skipping
2026-08-13 08:53:59,607 [INFO] Instructions saved
2026-08-13 08:55:14,608 [INFO] --- Loop 172 @ 14:25:14 IST ---
2026-08-13 08:55:14,608 [INFO] ⚠️ SBIN: missing entry_price or first_target_price, skipping
2026-08-13 08:55:14,608 [INFO] Instructions saved
2026-08-13 08:56:29,609 [INFO] --- Loop 173 @ 14:26:29 IST ---
2026-08-13 08:56:29,609 [INFO] ⚠️ SBIN: missing entry_price or first_target_price, skipping
2026-08-13 08:56:29,609 [INFO] Instructions saved
2026-08-13 08:57:44,610 [INFO] --- Loop 174 @ 14:27:44 IST ---
2026-08-13 08:57:44,610 [INFO] ⚠️ SBIN: missing entry_price or first_target_price, skipping
2026-08-13 08:57:44,610 [INFO] Instructions saved
2026-08-13 08:58:59,610 [INFO] --- Loop 175 @ 14:28:59 IST ---
2026-08-13 08:58:59,611 [INFO] ⚠️ SBIN: missing entry_price or first_target_price, skipping
2026-08-13 08:58:59,611 [INFO] Instructions saved
2026-08-13 09:00:14,611 [INFO] --- Loop 176 @ 14:30:14 IST ---
2026-08-13 09:00:14,612 [INFO] ⚠️ SBIN: missing entry_price or first_target_price, skipping
2026-08-13 09:00:14,612 [INFO] Instructions saved
2026-08-13 09:01:29,612 [INFO] --- Loop 177 @ 14:31:29 IST ---
2026-08-13 09:01:29,612 [INFO] ⚠️ SBIN: missing entry_price or first_target_price, skipping
2026-08-13 09:01:29,613 [INFO] Instructions saved
2026-08-13 09:02:44,613 [INFO] --- Loop 178 @ 14:32:44 IST ---
2026-08-13 09:02:44,613 [INFO] ⚠️ SBIN: missing entry_price or first_target_price, skipping
2026-08-13 09:02:44,614 [INFO] Instructions saved
2026-08-13 09:03:59,614 [INFO] --- Loop 179 @ 14:33:59 IST ---
2026-08-13 09:03:59,614 [INFO] ⚠️ SBIN: missing entry_price or first_target_price, skipping
2026-08-13 09:03:59,614 [INFO] Instructions saved
2026-08-13 09:05:14,615 [INFO] --- Loop 180 @ 14:35:14 IST ---
2026-08-13 09:05:14,615 [INFO] ⚠️ SBIN: missing entry_price or first_target_price, skipping
2026-08-13 09:05:14,615 [INFO] Instructions saved
2026-08-13 09:06:29,616 [INFO] --- Loop 181 @ 14:36:29 IST ---
2026-08-13 09:06:29,616 [INFO] ⚠️ SBIN: missing entry_price or first_target_price, skipping
2026-08-13 09:06:29,616 [INFO] Instructions saved
2026-08-13 09:07:44,617 [INFO] --- Loop 182 @ 14:37:44 IST ---
2026-08-13 09:07:44,617 [INFO] ⚠️ SBIN: missing entry_price or first_target_price, skipping
2026-08-13 09:07:44,617 [INFO] Instructions saved
2026-08-13 09:08:59,617 [INFO] --- Loop 183 @ 14:38:59 IST ---
2026-08-13 09:08:59,618 [INFO] ⚠️ SBIN: missing entry_price or first_target_price, skipping
2026-08-13 09:08:59,618 [INFO] Instructions saved
2026-08-13 09:10:14,618 [INFO] --- Loop 184 @ 14:40:14 IST ---
2026-08-13 09:10:14,619 [INFO] ⚠️ SBIN: missing entry_price or first_target_price, skipping
2026-08-13 09:10:14,619 [INFO] Instructions saved
2026-08-13 09:11:29,619 [INFO] --- Loop 185 @ 14:41:29 IST ---
2026-08-13 09:11:29,620 [INFO] ⚠️ SBIN: missing entry_price or first_target_price, skipping
2026-08-13 09:11:29,620 [INFO] Instructions saved
2026-08-13 09:12:44,620 [INFO] --- Loop 186 @ 14:42:44 IST ---
2026-08-13 09:12:44,620 [INFO] ⚠️ SBIN: missing entry_price or first_target_price, skipping
2026-08-13 09:12:44,621 [INFO] Instructions saved
2026-08-13 09:13:59,621 [INFO] --- Loop 187 @ 14:43:59 IST ---
2026-08-13 09:13:59,621 [INFO] ⚠️ SBIN: missing entry_price or first_target_price, skipping
2026-08-13 09:13:59,622 [INFO] Instructions saved
2026-08-13 09:15:14,622 [INFO] --- Loop 188 @ 14:45:14 IST ---
2026-08-13 09:15:14,622 [INFO] ⚠️ SBIN: missing entry_price or first_target_price, skipping
2026-08-13 09:15:14,623 [INFO] Instructions saved
2026-08-13 09:16:29,623 [INFO] --- Loop 189 @ 14:46:29 IST ---
2026-08-13 09:16:29,623 [INFO] ⚠️ SBIN: missing entry_price or first_target_price, skipping
2026-08-13 09:16:29,624 [INFO] Instructions saved
2026-08-13 09:17:44,624 [INFO] --- Loop 190 @ 14:47:44 IST ---
2026-08-13 09:17:44,624 [INFO] ⚠️ SBIN: missing entry_price or first_target_price, skipping
2026-08-13 09:17:44,625 [INFO] Instructions saved
2026-08-13 09:18:59,625 [INFO] --- Loop 191 @ 14:48:59 IST ---
2026-08-13 09:18:59,625 [INFO] ⚠️ SBIN: missing entry_price or first_target_price, skipping
2026-08-13 09:18:59,625 [INFO] Instructions saved
2026-08-13 09:20:14,626 [INFO] --- Loop 192 @ 14:50:14 IST ---
2026-08-13 09:20:14,626 [INFO] ⚠️ SBIN: missing entry_price or first_target_price, skipping
2026-08-13 09:20:14,626 [INFO] Instructions saved
2026-08-13 09:21:29,627 [INFO] --- Loop 193 @ 14:51:29 IST ---
2026-08-13 09:21:29,627 [INFO] ⚠️ SBIN: missing entry_price or first_target_price, skipping
2026-08-13 09:21:29,627 [INFO] Instructions saved
2026-08-13 09:22:44,628 [INFO] --- Loop 194 @ 14:52:44 IST ---
2026-08-13 09:22:44,628 [INFO] ⚠️ SBIN: missing entry_price or first_target_price, skipping
2026-08-13 09:22:44,628 [INFO] Instructions saved
2026-08-13 09:23:59,629 [INFO] --- Loop 195 @ 14:53:59 IST ---
2026-08-13 09:23:59,629 [INFO] ⚠️ SBIN: missing entry_price or first_target_price, skipping
2026-08-13 09:23:59,629 [INFO] Instructions saved
2026-08-13 09:25:14,629 [INFO] --- Loop 196 @ 14:55:14 IST ---
2026-08-13 09:25:14,630 [INFO] ⚠️ SBIN: missing entry_price or first_target_price, skipping
2026-08-13 09:25:14,630 [INFO] Instructions saved
2026-08-13 09:26:29,630 [INFO] --- Loop 197 @ 14:56:29 IST ---
2026-08-13 09:26:29,631 [INFO] ⚠️ SBIN: missing entry_price or first_target_price, skipping
2026-08-13 09:26:29,631 [INFO] Instructions saved
2026-08-13 09:27:44,631 [INFO] --- Loop 198 @ 14:57:44 IST ---
2026-08-13 09:27:44,632 [INFO] ⚠️ SBIN: missing entry_price or first_target_price, skipping
2026-08-13 09:27:44,632 [INFO] Instructions saved
2026-08-13 09:28:59,632 [INFO] --- Loop 199 @ 14:58:59 IST ---
2026-08-13 09:28:59,633 [INFO] ⚠️ SBIN: missing entry_price or first_target_price, skipping
2026-08-13 09:28:59,633 [INFO] Instructions saved
2026-08-13 09:30:14,633 [INFO] --- Loop 200 @ 15:00:14 IST ---
2026-08-13 09:30:14,634 [INFO] ⚠️ SBIN: missing entry_price or first_target_price, skipping
2026-08-13 09:30:14,634 [INFO] Instructions saved
2026-08-13 09:31:29,634 [INFO] --- Loop 201 @ 15:01:29 IST ---
2026-08-13 09:31:29,635 [INFO] ⚠️ SBIN: missing entry_price or first_target_price, skipping
2026-08-13 09:31:29,635 [INFO] Instructions saved
2026-08-13 09:32:44,635 [INFO] --- Loop 202 @ 15:02:44 IST ---
2026-08-13 09:32:44,636 [INFO] ⚠️ SBIN: missing entry_price or first_target_price, skipping
2026-08-13 09:32:44,636 [INFO] Instructions saved
2026-08-13 09:33:59,636 [INFO] --- Loop 203 @ 15:03:59 IST ---
2026-08-13 09:33:59,637 [INFO] ⚠️ SBIN: missing entry_price or first_target_price, skipping
2026-08-13 09:33:59,637 [INFO] Instructions saved
2026-08-13 09:35:14,637 [INFO] --- Loop 204 @ 15:05:14 IST ---
2026-08-13 09:35:14,638 [INFO] ⚠️ SBIN: missing entry_price or first_target_price, skipping
2026-08-13 09:35:14,638 [INFO] Instructions saved
2026-08-13 09:36:29,638 [INFO] --- Loop 205 @ 15:06:29 IST ---
2026-08-13 09:36:29,638 [INFO] ⚠️ SBIN: missing entry_price or first_target_price, skipping
2026-08-13 09:36:29,639 [INFO] Instructions saved
2026-08-13 09:37:44,639 [INFO] --- Loop 206 @ 15:07:44 IST ---
2026-08-13 09:37:44,639 [INFO] ⚠️ SBIN: missing entry_price or first_target_price, skipping
2026-08-13 09:37:44,640 [INFO] Instructions saved
2026-08-13 09:38:59,640 [INFO] --- Loop 207 @ 15:08:59 IST ---
2026-08-13 09:38:59,640 [INFO] ⚠️ SBIN: missing entry_price or first_target_price, skipping
2026-08-13 09:38:59,641 [INFO] Instructions saved
2026-08-13 09:40:14,641 [INFO] --- Loop 208 @ 15:10:14 IST ---
2026-08-13 09:40:14,641 [INFO] ⚠️ SBIN: missing entry_price or first_target_price, skipping
2026-08-13 09:40:14,642 [INFO] Instructions saved
2026-08-13 09:41:29,642 [INFO] --- Loop 209 @ 15:11:29 IST ---
2026-08-13 09:41:29,642 [INFO] ⚠️ SBIN: missing entry_price or first_target_price, skipping
2026-08-13 09:41:29,643 [INFO] Instructions saved
2026-08-13 09:42:44,643 [INFO] --- Loop 210 @ 15:12:44 IST ---
2026-08-13 09:42:44,643 [INFO] ⚠️ SBIN: missing entry_price or first_target_price, skipping
2026-08-13 09:42:44,644 [INFO] Instructions saved
2026-08-13 09:43:59,644 [INFO] --- Loop 211 @ 15:13:59 IST ---
2026-08-13 09:43:59,644 [INFO] ⚠️ SBIN: missing entry_price or first_target_price, skipping
2026-08-13 09:43:59,644 [INFO] Instructions saved
2026-08-13 09:45:14,645 [INFO] --- Loop 212 @ 15:15:14 IST ---
2026-08-13 09:45:14,645 [INFO] ⚠️ SBIN: missing entry_price or first_target_price, skipping
2026-08-13 09:45:14,645 [INFO] Instructions saved
2026-08-13 09:46:29,646 [INFO] --- Loop 213 @ 15:16:29 IST ---
2026-08-13 09:46:29,646 [INFO] ⚠️ SBIN: missing entry_price or first_target_price, skipping
2026-08-13 09:46:29,646 [INFO] Instructions saved
2026-08-13 09:47:44,647 [INFO] --- Loop 214 @ 15:17:44 IST ---
2026-08-13 09:47:44,647 [INFO] ⚠️ SBIN: missing entry_price or first_target_price, skipping
2026-08-13 09:47:44,647 [INFO] Instructions saved
2026-08-13 09:48:59,647 [INFO] --- Loop 215 @ 15:18:59 IST ---
2026-08-13 09:48:59,648 [INFO] ⚠️ SBIN: missing entry_price or first_target_price, skipping
2026-08-13 09:48:59,648 [INFO] Instructions saved
2026-08-13 09:50:14,648 [INFO] --- Loop 216 @ 15:20:14 IST ---
2026-08-13 09:50:14,649 [INFO] ⚠️ SBIN: missing entry_price or first_target_price, skipping
2026-08-13 09:50:14,649 [INFO] Instructions saved
2026-08-13 09:51:29,649 [INFO] --- Loop 217 @ 15:21:29 IST ---
2026-08-13 09:51:29,649 [INFO] ⚠️ SBIN: missing entry_price or first_target_price, skipping
2026-08-13 09:51:29,650 [INFO] Instructions saved
2026-08-13 09:52:44,650 [INFO] --- Loop 218 @ 15:22:44 IST ---
2026-08-13 09:52:44,650 [INFO] ⚠️ SBIN: missing entry_price or first_target_price, skipping
2026-08-13 09:52:44,651 [INFO] Instructions saved
2026-08-13 09:53:59,651 [INFO] --- Loop 219 @ 15:23:59 IST ---
2026-08-13 09:53:59,651 [INFO] ⚠️ SBIN: missing entry_price or first_target_price, skipping
2026-08-13 09:53:59,652 [INFO] Instructions saved
2026-08-13 09:55:14,652 [INFO] --- Loop 220 @ 15:25:14 IST ---
2026-08-13 09:55:14,652 [INFO] ⚠️ SBIN: missing entry_price or first_target_price, skipping
2026-08-13 09:55:14,652 [INFO] Instructions saved
2026-08-13 09:56:29,653 [INFO] --- Loop 221 @ 15:26:29 IST ---
2026-08-13 09:56:29,653 [INFO] ⚠️ SBIN: missing entry_price or first_target_price, skipping
2026-08-13 09:56:29,653 [INFO] Instructions saved
2026-08-13 09:57:44,654 [INFO] --- Loop 222 @ 15:27:44 IST ---
2026-08-13 09:57:44,654 [INFO] ⚠️ SBIN: missing entry_price or first_target_price, skipping
2026-08-13 09:57:44,654 [INFO] Instructions saved
2026-08-13 09:58:59,655 [INFO] --- Loop 223 @ 15:28:59 IST ---
2026-08-13 09:58:59,655 [INFO] ⚠️ SBIN: missing entry_price or first_target_price, skipping
2026-08-13 09:58:59,655 [INFO] Instructions saved
2026-08-13 10:00:14,656 [INFO] --- Loop 224 @ 15:30:14 IST ---
2026-08-13 10:00:14,656 [INFO] ⚠️ SBIN: missing entry_price or first_target_price, skipping
2026-08-13 10:00:14,656 [INFO] Instructions saved
2026-08-13 10:00:14,656 [INFO] Market closed. Continuing brief monitoring until hard stop for final GTT status...
2026-08-13 10:01:29,657 [INFO] --- Loop 225 @ 15:31:29 IST ---
2026-08-13 10:01:29,657 [INFO] ⚠️ SBIN: missing entry_price or first_target_price, skipping
2026-08-13 10:01:29,657 [INFO] Instructions saved
2026-08-13 10:01:29,657 [INFO] Market closed. Continuing brief monitoring until hard stop for final GTT status...
2026-08-13 10:02:44,658 [INFO] --- Loop 226 @ 15:32:44 IST ---
2026-08-13 10:02:44,658 [INFO] ⚠️ SBIN: missing entry_price or first_target_price, skipping
2026-08-13 10:02:44,658 [INFO] Instructions saved
2026-08-13 10:02:44,658 [INFO] Market closed. Continuing brief monitoring until hard stop for final GTT status...
2026-08-13 10:03:59,659 [INFO] --- Loop 227 @ 15:33:59 IST ---
2026-08-13 10:03:59,659 [INFO] ⚠️ SBIN: missing entry_price or first_target_price, skipping
2026-08-13 10:03:59,659 [INFO] Instructions saved
2026-08-13 10:03:59,659 [INFO] Market closed. Continuing brief monitoring until hard stop for final GTT status...
2026-08-13 10:05:14,659 [INFO] Reached hard stop time. Ending trading day loop.
2026-08-13 10:05:14,660 [INFO] ============================================================
2026-08-13 10:05:14,660 [INFO] Trading day summary
2026-08-13 10:05:14,660 [INFO] Trades opened today: 0
2026-08-13 10:05:14,660 [INFO] Still active (multi-day): 0
2026-08-13 10:05:14,660 [INFO] ============================================================
