2026-09-07 08:37:26,535 [INFO] ============================================================
2026-09-07 08:37:26,535 [INFO] Trading day started — 2026-09-07
2026-09-07 08:37:26,535 [INFO] ============================================================
2026-09-07 08:37:26,536 [WARNING] Instructions are from 2026-06-22, not today (2026-09-07). Proceeding with existing watchlist anyway — update state/instructions.json for fresh rules.
2026-09-07 08:37:26,536 [INFO] --- Loop 1 @ 14:07:26 IST ---
2026-09-07 08:37:26,536 [INFO] ⚠️ SBIN: missing entry_price or first_target_price, skipping
2026-09-07 08:37:26,536 [INFO] Instructions saved
2026-09-07 08:38:41,536 [INFO] --- Loop 2 @ 14:08:41 IST ---
2026-09-07 08:38:41,537 [INFO] ⚠️ SBIN: missing entry_price or first_target_price, skipping
2026-09-07 08:38:41,537 [INFO] Instructions saved
2026-09-07 08:39:56,538 [INFO] --- Loop 3 @ 14:09:56 IST ---
2026-09-07 08:39:56,538 [INFO] ⚠️ SBIN: missing entry_price or first_target_price, skipping
2026-09-07 08:39:56,538 [INFO] Instructions saved
2026-09-07 08:41:11,538 [INFO] --- Loop 4 @ 14:11:11 IST ---
2026-09-07 08:41:11,539 [INFO] ⚠️ SBIN: missing entry_price or first_target_price, skipping
2026-09-07 08:41:11,539 [INFO] Instructions saved
2026-09-07 08:42:26,539 [INFO] --- Loop 5 @ 14:12:26 IST ---
2026-09-07 08:42:26,540 [INFO] ⚠️ SBIN: missing entry_price or first_target_price, skipping
2026-09-07 08:42:26,540 [INFO] Instructions saved
2026-09-07 08:43:41,540 [INFO] --- Loop 6 @ 14:13:41 IST ---
2026-09-07 08:43:41,540 [INFO] ⚠️ SBIN: missing entry_price or first_target_price, skipping
2026-09-07 08:43:41,541 [INFO] Instructions saved
2026-09-07 08:44:56,541 [INFO] --- Loop 7 @ 14:14:56 IST ---
2026-09-07 08:44:56,542 [INFO] ⚠️ SBIN: missing entry_price or first_target_price, skipping
2026-09-07 08:44:56,542 [INFO] Instructions saved
2026-09-07 08:46:11,542 [INFO] --- Loop 8 @ 14:16:11 IST ---
2026-09-07 08:46:11,543 [INFO] ⚠️ SBIN: missing entry_price or first_target_price, skipping
2026-09-07 08:46:11,543 [INFO] Instructions saved
2026-09-07 08:47:26,543 [INFO] --- Loop 9 @ 14:17:26 IST ---
2026-09-07 08:47:26,544 [INFO] ⚠️ SBIN: missing entry_price or first_target_price, skipping
2026-09-07 08:47:26,544 [INFO] Instructions saved
2026-09-07 08:48:41,544 [INFO] --- Loop 10 @ 14:18:41 IST ---
2026-09-07 08:48:41,545 [INFO] ⚠️ SBIN: missing entry_price or first_target_price, skipping
2026-09-07 08:48:41,545 [INFO] Instructions saved
2026-09-07 08:49:56,545 [INFO] --- Loop 11 @ 14:19:56 IST ---
2026-09-07 08:49:56,546 [INFO] ⚠️ SBIN: missing entry_price or first_target_price, skipping
2026-09-07 08:49:56,546 [INFO] Instructions saved
2026-09-07 08:51:11,546 [INFO] --- Loop 12 @ 14:21:11 IST ---
2026-09-07 08:51:11,546 [INFO] ⚠️ SBIN: missing entry_price or first_target_price, skipping
2026-09-07 08:51:11,547 [INFO] Instructions saved
2026-09-07 08:52:26,547 [INFO] --- Loop 13 @ 14:22:26 IST ---
2026-09-07 08:52:26,547 [INFO] ⚠️ SBIN: missing entry_price or first_target_price, skipping
2026-09-07 08:52:26,548 [INFO] Instructions saved
2026-09-07 08:53:41,548 [INFO] --- Loop 14 @ 14:23:41 IST ---
2026-09-07 08:53:41,548 [INFO] ⚠️ SBIN: missing entry_price or first_target_price, skipping
2026-09-07 08:53:41,549 [INFO] Instructions saved
2026-09-07 08:54:56,549 [INFO] --- Loop 15 @ 14:24:56 IST ---
2026-09-07 08:54:56,550 [INFO] ⚠️ SBIN: missing entry_price or first_target_price, skipping
2026-09-07 08:54:56,550 [INFO] Instructions saved
2026-09-07 08:56:11,550 [INFO] --- Loop 16 @ 14:26:11 IST ---
2026-09-07 08:56:11,551 [INFO] ⚠️ SBIN: missing entry_price or first_target_price, skipping
2026-09-07 08:56:11,551 [INFO] Instructions saved
2026-09-07 08:57:26,551 [INFO] --- Loop 17 @ 14:27:26 IST ---
2026-09-07 08:57:26,551 [INFO] ⚠️ SBIN: missing entry_price or first_target_price, skipping
2026-09-07 08:57:26,552 [INFO] Instructions saved
2026-09-07 08:58:41,552 [INFO] --- Loop 18 @ 14:28:41 IST ---
2026-09-07 08:58:41,552 [INFO] ⚠️ SBIN: missing entry_price or first_target_price, skipping
2026-09-07 08:58:41,553 [INFO] Instructions saved
2026-09-07 08:59:56,553 [INFO] --- Loop 19 @ 14:29:56 IST ---
2026-09-07 08:59:56,554 [INFO] ⚠️ SBIN: missing entry_price or first_target_price, skipping
2026-09-07 08:59:56,554 [INFO] Instructions saved
2026-09-07 09:01:11,554 [INFO] --- Loop 20 @ 14:31:11 IST ---
2026-09-07 09:01:11,555 [INFO] ⚠️ SBIN: missing entry_price or first_target_price, skipping
2026-09-07 09:01:11,555 [INFO] Instructions saved
2026-09-07 09:02:26,555 [INFO] --- Loop 21 @ 14:32:26 IST ---
2026-09-07 09:02:26,556 [INFO] ⚠️ SBIN: missing entry_price or first_target_price, skipping
2026-09-07 09:02:26,556 [INFO] Instructions saved
2026-09-07 09:03:41,556 [INFO] --- Loop 22 @ 14:33:41 IST ---
2026-09-07 09:03:41,556 [INFO] ⚠️ SBIN: missing entry_price or first_target_price, skipping
2026-09-07 09:03:41,557 [INFO] Instructions saved
2026-09-07 09:04:56,557 [INFO] --- Loop 23 @ 14:34:56 IST ---
2026-09-07 09:04:56,557 [INFO] ⚠️ SBIN: missing entry_price or first_target_price, skipping
2026-09-07 09:04:56,558 [INFO] Instructions saved
2026-09-07 09:06:11,558 [INFO] --- Loop 24 @ 14:36:11 IST ---
2026-09-07 09:06:11,558 [INFO] ⚠️ SBIN: missing entry_price or first_target_price, skipping
2026-09-07 09:06:11,559 [INFO] Instructions saved
2026-09-07 09:07:26,559 [INFO] --- Loop 25 @ 14:37:26 IST ---
2026-09-07 09:07:26,559 [INFO] ⚠️ SBIN: missing entry_price or first_target_price, skipping
2026-09-07 09:07:26,560 [INFO] Instructions saved
2026-09-07 09:08:41,560 [INFO] --- Loop 26 @ 14:38:41 IST ---
2026-09-07 09:08:41,560 [INFO] ⚠️ SBIN: missing entry_price or first_target_price, skipping
2026-09-07 09:08:41,561 [INFO] Instructions saved
2026-09-07 09:09:56,561 [INFO] --- Loop 27 @ 14:39:56 IST ---
2026-09-07 09:09:56,561 [INFO] ⚠️ SBIN: missing entry_price or first_target_price, skipping
2026-09-07 09:09:56,562 [INFO] Instructions saved
2026-09-07 09:11:11,562 [INFO] --- Loop 28 @ 14:41:11 IST ---
2026-09-07 09:11:11,562 [INFO] ⚠️ SBIN: missing entry_price or first_target_price, skipping
2026-09-07 09:11:11,563 [INFO] Instructions saved
2026-09-07 09:12:26,563 [INFO] --- Loop 29 @ 14:42:26 IST ---
2026-09-07 09:12:26,563 [INFO] ⚠️ SBIN: missing entry_price or first_target_price, skipping
2026-09-07 09:12:26,564 [INFO] Instructions saved
2026-09-07 09:13:41,564 [INFO] --- Loop 30 @ 14:43:41 IST ---
2026-09-07 09:13:41,564 [INFO] ⚠️ SBIN: missing entry_price or first_target_price, skipping
2026-09-07 09:13:41,565 [INFO] Instructions saved
2026-09-07 09:14:56,565 [INFO] --- Loop 31 @ 14:44:56 IST ---
2026-09-07 09:14:56,565 [INFO] ⚠️ SBIN: missing entry_price or first_target_price, skipping
2026-09-07 09:14:56,566 [INFO] Instructions saved
2026-09-07 09:16:11,566 [INFO] --- Loop 32 @ 14:46:11 IST ---
2026-09-07 09:16:11,566 [INFO] ⚠️ SBIN: missing entry_price or first_target_price, skipping
2026-09-07 09:16:11,567 [INFO] Instructions saved
2026-09-07 09:17:26,567 [INFO] --- Loop 33 @ 14:47:26 IST ---
2026-09-07 09:17:26,567 [INFO] ⚠️ SBIN: missing entry_price or first_target_price, skipping
2026-09-07 09:17:26,567 [INFO] Instructions saved
2026-09-07 09:18:41,568 [INFO] --- Loop 34 @ 14:48:41 IST ---
2026-09-07 09:18:41,568 [INFO] ⚠️ SBIN: missing entry_price or first_target_price, skipping
2026-09-07 09:18:41,568 [INFO] Instructions saved
2026-09-07 09:19:56,569 [INFO] --- Loop 35 @ 14:49:56 IST ---
2026-09-07 09:19:56,569 [INFO] ⚠️ SBIN: missing entry_price or first_target_price, skipping
2026-09-07 09:19:56,569 [INFO] Instructions saved
2026-09-07 09:21:11,570 [INFO] --- Loop 36 @ 14:51:11 IST ---
2026-09-07 09:21:11,570 [INFO] ⚠️ SBIN: missing entry_price or first_target_price, skipping
2026-09-07 09:21:11,570 [INFO] Instructions saved
2026-09-07 09:22:26,571 [INFO] --- Loop 37 @ 14:52:26 IST ---
2026-09-07 09:22:26,571 [INFO] ⚠️ SBIN: missing entry_price or first_target_price, skipping
2026-09-07 09:22:26,571 [INFO] Instructions saved
2026-09-07 09:23:41,572 [INFO] --- Loop 38 @ 14:53:41 IST ---
2026-09-07 09:23:41,572 [INFO] ⚠️ SBIN: missing entry_price or first_target_price, skipping
2026-09-07 09:23:41,572 [INFO] Instructions saved
2026-09-07 09:24:56,573 [INFO] --- Loop 39 @ 14:54:56 IST ---
2026-09-07 09:24:56,573 [INFO] ⚠️ SBIN: missing entry_price or first_target_price, skipping
2026-09-07 09:24:56,573 [INFO] Instructions saved
2026-09-07 09:26:11,574 [INFO] --- Loop 40 @ 14:56:11 IST ---
2026-09-07 09:26:11,574 [INFO] ⚠️ SBIN: missing entry_price or first_target_price, skipping
2026-09-07 09:26:11,574 [INFO] Instructions saved
2026-09-07 09:27:26,574 [INFO] --- Loop 41 @ 14:57:26 IST ---
2026-09-07 09:27:26,575 [INFO] ⚠️ SBIN: missing entry_price or first_target_price, skipping
2026-09-07 09:27:26,575 [INFO] Instructions saved
2026-09-07 09:28:41,575 [INFO] --- Loop 42 @ 14:58:41 IST ---
2026-09-07 09:28:41,576 [INFO] ⚠️ SBIN: missing entry_price or first_target_price, skipping
2026-09-07 09:28:41,576 [INFO] Instructions saved
2026-09-07 09:29:56,576 [INFO] --- Loop 43 @ 14:59:56 IST ---
2026-09-07 09:29:56,577 [INFO] ⚠️ SBIN: missing entry_price or first_target_price, skipping
2026-09-07 09:29:56,577 [INFO] Instructions saved
2026-09-07 09:31:11,577 [INFO] --- Loop 44 @ 15:01:11 IST ---
2026-09-07 09:31:11,578 [INFO] ⚠️ SBIN: missing entry_price or first_target_price, skipping
2026-09-07 09:31:11,578 [INFO] Instructions saved
2026-09-07 09:32:26,578 [INFO] --- Loop 45 @ 15:02:26 IST ---
2026-09-07 09:32:26,579 [INFO] ⚠️ SBIN: missing entry_price or first_target_price, skipping
2026-09-07 09:32:26,579 [INFO] Instructions saved
2026-09-07 09:33:41,579 [INFO] --- Loop 46 @ 15:03:41 IST ---
2026-09-07 09:33:41,580 [INFO] ⚠️ SBIN: missing entry_price or first_target_price, skipping
2026-09-07 09:33:41,580 [INFO] Instructions saved
2026-09-07 09:34:56,580 [INFO] --- Loop 47 @ 15:04:56 IST ---
2026-09-07 09:34:56,580 [INFO] ⚠️ SBIN: missing entry_price or first_target_price, skipping
2026-09-07 09:34:56,581 [INFO] Instructions saved
2026-09-07 09:36:11,581 [INFO] --- Loop 48 @ 15:06:11 IST ---
2026-09-07 09:36:11,581 [INFO] ⚠️ SBIN: missing entry_price or first_target_price, skipping
2026-09-07 09:36:11,582 [INFO] Instructions saved
2026-09-07 09:37:26,582 [INFO] --- Loop 49 @ 15:07:26 IST ---
2026-09-07 09:37:26,582 [INFO] ⚠️ SBIN: missing entry_price or first_target_price, skipping
2026-09-07 09:37:26,583 [INFO] Instructions saved
2026-09-07 09:38:41,583 [INFO] --- Loop 50 @ 15:08:41 IST ---
2026-09-07 09:38:41,583 [INFO] ⚠️ SBIN: missing entry_price or first_target_price, skipping
2026-09-07 09:38:41,584 [INFO] Instructions saved
2026-09-07 09:39:56,584 [INFO] --- Loop 51 @ 15:09:56 IST ---
2026-09-07 09:39:56,584 [INFO] ⚠️ SBIN: missing entry_price or first_target_price, skipping
2026-09-07 09:39:56,585 [INFO] Instructions saved
2026-09-07 09:41:11,585 [INFO] --- Loop 52 @ 15:11:11 IST ---
2026-09-07 09:41:11,585 [INFO] ⚠️ SBIN: missing entry_price or first_target_price, skipping
2026-09-07 09:41:11,586 [INFO] Instructions saved
2026-09-07 09:42:26,586 [INFO] --- Loop 53 @ 15:12:26 IST ---
2026-09-07 09:42:26,586 [INFO] ⚠️ SBIN: missing entry_price or first_target_price, skipping
2026-09-07 09:42:26,587 [INFO] Instructions saved
2026-09-07 09:43:41,587 [INFO] --- Loop 54 @ 15:13:41 IST ---
2026-09-07 09:43:41,587 [INFO] ⚠️ SBIN: missing entry_price or first_target_price, skipping
2026-09-07 09:43:41,587 [INFO] Instructions saved
2026-09-07 09:44:56,588 [INFO] --- Loop 55 @ 15:14:56 IST ---
2026-09-07 09:44:56,588 [INFO] ⚠️ SBIN: missing entry_price or first_target_price, skipping
2026-09-07 09:44:56,588 [INFO] Instructions saved
2026-09-07 09:46:11,589 [INFO] --- Loop 56 @ 15:16:11 IST ---
2026-09-07 09:46:11,589 [INFO] ⚠️ SBIN: missing entry_price or first_target_price, skipping
2026-09-07 09:46:11,589 [INFO] Instructions saved
2026-09-07 09:47:26,590 [INFO] --- Loop 57 @ 15:17:26 IST ---
2026-09-07 09:47:26,590 [INFO] ⚠️ SBIN: missing entry_price or first_target_price, skipping
2026-09-07 09:47:26,590 [INFO] Instructions saved
2026-09-07 09:48:41,591 [INFO] --- Loop 58 @ 15:18:41 IST ---
2026-09-07 09:48:41,591 [INFO] ⚠️ SBIN: missing entry_price or first_target_price, skipping
2026-09-07 09:48:41,591 [INFO] Instructions saved
2026-09-07 09:49:56,591 [INFO] --- Loop 59 @ 15:19:56 IST ---
2026-09-07 09:49:56,592 [INFO] ⚠️ SBIN: missing entry_price or first_target_price, skipping
2026-09-07 09:49:56,592 [INFO] Instructions saved
2026-09-07 09:51:11,592 [INFO] --- Loop 60 @ 15:21:11 IST ---
2026-09-07 09:51:11,593 [INFO] ⚠️ SBIN: missing entry_price or first_target_price, skipping
2026-09-07 09:51:11,593 [INFO] Instructions saved
2026-09-07 09:52:26,593 [INFO] --- Loop 61 @ 15:22:26 IST ---
2026-09-07 09:52:26,593 [INFO] ⚠️ SBIN: missing entry_price or first_target_price, skipping
2026-09-07 09:52:26,594 [INFO] Instructions saved
2026-09-07 09:53:41,594 [INFO] --- Loop 62 @ 15:23:41 IST ---
2026-09-07 09:53:41,594 [INFO] ⚠️ SBIN: missing entry_price or first_target_price, skipping
2026-09-07 09:53:41,595 [INFO] Instructions saved
2026-09-07 09:54:56,595 [INFO] --- Loop 63 @ 15:24:56 IST ---
2026-09-07 09:54:56,595 [INFO] ⚠️ SBIN: missing entry_price or first_target_price, skipping
2026-09-07 09:54:56,596 [INFO] Instructions saved
2026-09-07 09:56:11,596 [INFO] --- Loop 64 @ 15:26:11 IST ---
2026-09-07 09:56:11,596 [INFO] ⚠️ SBIN: missing entry_price or first_target_price, skipping
2026-09-07 09:56:11,597 [INFO] Instructions saved
2026-09-07 09:57:26,597 [INFO] --- Loop 65 @ 15:27:26 IST ---
2026-09-07 09:57:26,597 [INFO] ⚠️ SBIN: missing entry_price or first_target_price, skipping
2026-09-07 09:57:26,597 [INFO] Instructions saved
2026-09-07 09:58:41,598 [INFO] --- Loop 66 @ 15:28:41 IST ---
2026-09-07 09:58:41,598 [INFO] ⚠️ SBIN: missing entry_price or first_target_price, skipping
2026-09-07 09:58:41,598 [INFO] Instructions saved
2026-09-07 09:59:56,599 [INFO] --- Loop 67 @ 15:29:56 IST ---
2026-09-07 09:59:56,599 [INFO] ⚠️ SBIN: missing entry_price or first_target_price, skipping
2026-09-07 09:59:56,599 [INFO] Instructions saved
2026-09-07 10:01:11,599 [INFO] --- Loop 68 @ 15:31:11 IST ---
2026-09-07 10:01:11,600 [INFO] ⚠️ SBIN: missing entry_price or first_target_price, skipping
2026-09-07 10:01:11,600 [INFO] Instructions saved
2026-09-07 10:01:11,600 [INFO] Market closed. Continuing brief monitoring until hard stop for final GTT status...
2026-09-07 10:02:26,601 [INFO] --- Loop 69 @ 15:32:26 IST ---
2026-09-07 10:02:26,601 [INFO] ⚠️ SBIN: missing entry_price or first_target_price, skipping
2026-09-07 10:02:26,601 [INFO] Instructions saved
2026-09-07 10:02:26,601 [INFO] Market closed. Continuing brief monitoring until hard stop for final GTT status...
2026-09-07 10:03:41,602 [INFO] --- Loop 70 @ 15:33:41 IST ---
2026-09-07 10:03:41,602 [INFO] ⚠️ SBIN: missing entry_price or first_target_price, skipping
2026-09-07 10:03:41,602 [INFO] Instructions saved
2026-09-07 10:03:41,602 [INFO] Market closed. Continuing brief monitoring until hard stop for final GTT status...
2026-09-07 10:04:56,603 [INFO] --- Loop 71 @ 15:34:56 IST ---
2026-09-07 10:04:56,603 [INFO] ⚠️ SBIN: missing entry_price or first_target_price, skipping
2026-09-07 10:04:56,603 [INFO] Instructions saved
2026-09-07 10:04:56,603 [INFO] Market closed. Continuing brief monitoring until hard stop for final GTT status...
2026-09-07 10:06:11,604 [INFO] Reached hard stop time. Ending trading day loop.
2026-09-07 10:06:11,604 [INFO] ============================================================
2026-09-07 10:06:11,604 [INFO] Trading day summary
2026-09-07 10:06:11,604 [INFO] Trades opened today: 0
2026-09-07 10:06:11,604 [INFO] Still active (multi-day): 0
2026-09-07 10:06:11,604 [INFO] ============================================================
