2026-07-30 06:11:35,527 [INFO] ============================================================
2026-07-30 06:11:35,527 [INFO] Trading day started — 2026-07-30
2026-07-30 06:11:35,527 [INFO] ============================================================
2026-07-30 06:11:35,528 [WARNING] Instructions are from 2026-06-22, not today (2026-07-30). Proceeding with existing watchlist anyway — update state/instructions.json for fresh rules.
2026-07-30 06:11:35,528 [INFO] --- Loop 1 @ 11:41:35 IST ---
2026-07-30 06:11:35,528 [INFO] ⚠️ SBIN: missing entry_price or first_target_price, skipping
2026-07-30 06:11:35,528 [INFO] Instructions saved
2026-07-30 06:12:50,528 [INFO] --- Loop 2 @ 11:42:50 IST ---
2026-07-30 06:12:50,529 [INFO] ⚠️ SBIN: missing entry_price or first_target_price, skipping
2026-07-30 06:12:50,529 [INFO] Instructions saved
2026-07-30 06:14:05,529 [INFO] --- Loop 3 @ 11:44:05 IST ---
2026-07-30 06:14:05,530 [INFO] ⚠️ SBIN: missing entry_price or first_target_price, skipping
2026-07-30 06:14:05,530 [INFO] Instructions saved
2026-07-30 06:15:20,530 [INFO] --- Loop 4 @ 11:45:20 IST ---
2026-07-30 06:15:20,531 [INFO] ⚠️ SBIN: missing entry_price or first_target_price, skipping
2026-07-30 06:15:20,531 [INFO] Instructions saved
2026-07-30 06:16:35,531 [INFO] --- Loop 5 @ 11:46:35 IST ---
2026-07-30 06:16:35,532 [INFO] ⚠️ SBIN: missing entry_price or first_target_price, skipping
2026-07-30 06:16:35,532 [INFO] Instructions saved
2026-07-30 06:17:50,532 [INFO] --- Loop 6 @ 11:47:50 IST ---
2026-07-30 06:17:50,533 [INFO] ⚠️ SBIN: missing entry_price or first_target_price, skipping
2026-07-30 06:17:50,533 [INFO] Instructions saved
2026-07-30 06:19:05,533 [INFO] --- Loop 7 @ 11:49:05 IST ---
2026-07-30 06:19:05,533 [INFO] ⚠️ SBIN: missing entry_price or first_target_price, skipping
2026-07-30 06:19:05,534 [INFO] Instructions saved
2026-07-30 06:20:20,534 [INFO] --- Loop 8 @ 11:50:20 IST ---
2026-07-30 06:20:20,534 [INFO] ⚠️ SBIN: missing entry_price or first_target_price, skipping
2026-07-30 06:20:20,535 [INFO] Instructions saved
2026-07-30 06:21:35,535 [INFO] --- Loop 9 @ 11:51:35 IST ---
2026-07-30 06:21:35,535 [INFO] ⚠️ SBIN: missing entry_price or first_target_price, skipping
2026-07-30 06:21:35,536 [INFO] Instructions saved
2026-07-30 06:22:50,536 [INFO] --- Loop 10 @ 11:52:50 IST ---
2026-07-30 06:22:50,536 [INFO] ⚠️ SBIN: missing entry_price or first_target_price, skipping
2026-07-30 06:22:50,537 [INFO] Instructions saved
2026-07-30 06:24:05,537 [INFO] --- Loop 11 @ 11:54:05 IST ---
2026-07-30 06:24:05,537 [INFO] ⚠️ SBIN: missing entry_price or first_target_price, skipping
2026-07-30 06:24:05,537 [INFO] Instructions saved
2026-07-30 06:25:20,538 [INFO] --- Loop 12 @ 11:55:20 IST ---
2026-07-30 06:25:20,538 [INFO] ⚠️ SBIN: missing entry_price or first_target_price, skipping
2026-07-30 06:25:20,538 [INFO] Instructions saved
2026-07-30 06:26:35,539 [INFO] --- Loop 13 @ 11:56:35 IST ---
2026-07-30 06:26:35,539 [INFO] ⚠️ SBIN: missing entry_price or first_target_price, skipping
2026-07-30 06:26:35,540 [INFO] Instructions saved
2026-07-30 06:27:50,540 [INFO] --- Loop 14 @ 11:57:50 IST ---
2026-07-30 06:27:50,540 [INFO] ⚠️ SBIN: missing entry_price or first_target_price, skipping
2026-07-30 06:27:50,540 [INFO] Instructions saved
2026-07-30 06:29:05,541 [INFO] --- Loop 15 @ 11:59:05 IST ---
2026-07-30 06:29:05,541 [INFO] ⚠️ SBIN: missing entry_price or first_target_price, skipping
2026-07-30 06:29:05,541 [INFO] Instructions saved
2026-07-30 06:30:20,542 [INFO] --- Loop 16 @ 12:00:20 IST ---
2026-07-30 06:30:20,542 [INFO] ⚠️ SBIN: missing entry_price or first_target_price, skipping
2026-07-30 06:30:20,542 [INFO] Instructions saved
2026-07-30 06:31:35,542 [INFO] --- Loop 17 @ 12:01:35 IST ---
2026-07-30 06:31:35,543 [INFO] ⚠️ SBIN: missing entry_price or first_target_price, skipping
2026-07-30 06:31:35,543 [INFO] Instructions saved
2026-07-30 06:32:50,543 [INFO] --- Loop 18 @ 12:02:50 IST ---
2026-07-30 06:32:50,543 [INFO] ⚠️ SBIN: missing entry_price or first_target_price, skipping
2026-07-30 06:32:50,544 [INFO] Instructions saved
2026-07-30 06:34:05,544 [INFO] --- Loop 19 @ 12:04:05 IST ---
2026-07-30 06:34:05,544 [INFO] ⚠️ SBIN: missing entry_price or first_target_price, skipping
2026-07-30 06:34:05,545 [INFO] Instructions saved
2026-07-30 06:35:20,545 [INFO] --- Loop 20 @ 12:05:20 IST ---
2026-07-30 06:35:20,545 [INFO] ⚠️ SBIN: missing entry_price or first_target_price, skipping
2026-07-30 06:35:20,546 [INFO] Instructions saved
2026-07-30 06:36:35,546 [INFO] --- Loop 21 @ 12:06:35 IST ---
2026-07-30 06:36:35,546 [INFO] ⚠️ SBIN: missing entry_price or first_target_price, skipping
2026-07-30 06:36:35,546 [INFO] Instructions saved
2026-07-30 06:37:50,547 [INFO] --- Loop 22 @ 12:07:50 IST ---
2026-07-30 06:37:50,547 [INFO] ⚠️ SBIN: missing entry_price or first_target_price, skipping
2026-07-30 06:37:50,547 [INFO] Instructions saved
2026-07-30 06:39:05,548 [INFO] --- Loop 23 @ 12:09:05 IST ---
2026-07-30 06:39:05,548 [INFO] ⚠️ SBIN: missing entry_price or first_target_price, skipping
2026-07-30 06:39:05,548 [INFO] Instructions saved
2026-07-30 06:40:20,549 [INFO] --- Loop 24 @ 12:10:20 IST ---
2026-07-30 06:40:20,549 [INFO] ⚠️ SBIN: missing entry_price or first_target_price, skipping
2026-07-30 06:40:20,549 [INFO] Instructions saved
2026-07-30 06:41:35,549 [INFO] --- Loop 25 @ 12:11:35 IST ---
2026-07-30 06:41:35,550 [INFO] ⚠️ SBIN: missing entry_price or first_target_price, skipping
2026-07-30 06:41:35,550 [INFO] Instructions saved
2026-07-30 06:42:50,550 [INFO] --- Loop 26 @ 12:12:50 IST ---
2026-07-30 06:42:50,551 [INFO] ⚠️ SBIN: missing entry_price or first_target_price, skipping
2026-07-30 06:42:50,551 [INFO] Instructions saved
2026-07-30 06:44:05,551 [INFO] --- Loop 27 @ 12:14:05 IST ---
2026-07-30 06:44:05,551 [INFO] ⚠️ SBIN: missing entry_price or first_target_price, skipping
2026-07-30 06:44:05,552 [INFO] Instructions saved
2026-07-30 06:45:20,552 [INFO] --- Loop 28 @ 12:15:20 IST ---
2026-07-30 06:45:20,552 [INFO] ⚠️ SBIN: missing entry_price or first_target_price, skipping
2026-07-30 06:45:20,553 [INFO] Instructions saved
2026-07-30 06:46:35,553 [INFO] --- Loop 29 @ 12:16:35 IST ---
2026-07-30 06:46:35,553 [INFO] ⚠️ SBIN: missing entry_price or first_target_price, skipping
2026-07-30 06:46:35,554 [INFO] Instructions saved
2026-07-30 06:47:50,554 [INFO] --- Loop 30 @ 12:17:50 IST ---
2026-07-30 06:47:50,554 [INFO] ⚠️ SBIN: missing entry_price or first_target_price, skipping
2026-07-30 06:47:50,554 [INFO] Instructions saved
2026-07-30 06:49:05,555 [INFO] --- Loop 31 @ 12:19:05 IST ---
2026-07-30 06:49:05,555 [INFO] ⚠️ SBIN: missing entry_price or first_target_price, skipping
2026-07-30 06:49:05,555 [INFO] Instructions saved
2026-07-30 06:50:20,556 [INFO] --- Loop 32 @ 12:20:20 IST ---
2026-07-30 06:50:20,556 [INFO] ⚠️ SBIN: missing entry_price or first_target_price, skipping
2026-07-30 06:50:20,556 [INFO] Instructions saved
2026-07-30 06:51:35,556 [INFO] --- Loop 33 @ 12:21:35 IST ---
2026-07-30 06:51:35,557 [INFO] ⚠️ SBIN: missing entry_price or first_target_price, skipping
2026-07-30 06:51:35,557 [INFO] Instructions saved
2026-07-30 06:52:50,557 [INFO] --- Loop 34 @ 12:22:50 IST ---
2026-07-30 06:52:50,557 [INFO] ⚠️ SBIN: missing entry_price or first_target_price, skipping
2026-07-30 06:52:50,558 [INFO] Instructions saved
2026-07-30 06:54:05,558 [INFO] --- Loop 35 @ 12:24:05 IST ---
2026-07-30 06:54:05,558 [INFO] ⚠️ SBIN: missing entry_price or first_target_price, skipping
2026-07-30 06:54:05,559 [INFO] Instructions saved
2026-07-30 06:55:20,559 [INFO] --- Loop 36 @ 12:25:20 IST ---
2026-07-30 06:55:20,559 [INFO] ⚠️ SBIN: missing entry_price or first_target_price, skipping
2026-07-30 06:55:20,560 [INFO] Instructions saved
2026-07-30 06:56:35,560 [INFO] --- Loop 37 @ 12:26:35 IST ---
2026-07-30 06:56:35,560 [INFO] ⚠️ SBIN: missing entry_price or first_target_price, skipping
2026-07-30 06:56:35,560 [INFO] Instructions saved
2026-07-30 06:57:50,561 [INFO] --- Loop 38 @ 12:27:50 IST ---
2026-07-30 06:57:50,561 [INFO] ⚠️ SBIN: missing entry_price or first_target_price, skipping
2026-07-30 06:57:50,561 [INFO] Instructions saved
2026-07-30 06:59:05,562 [INFO] --- Loop 39 @ 12:29:05 IST ---
2026-07-30 06:59:05,562 [INFO] ⚠️ SBIN: missing entry_price or first_target_price, skipping
2026-07-30 06:59:05,562 [INFO] Instructions saved
2026-07-30 07:00:20,562 [INFO] --- Loop 40 @ 12:30:20 IST ---
2026-07-30 07:00:20,563 [INFO] ⚠️ SBIN: missing entry_price or first_target_price, skipping
2026-07-30 07:00:20,563 [INFO] Instructions saved
2026-07-30 07:01:35,563 [INFO] --- Loop 41 @ 12:31:35 IST ---
2026-07-30 07:01:35,564 [INFO] ⚠️ SBIN: missing entry_price or first_target_price, skipping
2026-07-30 07:01:35,564 [INFO] Instructions saved
2026-07-30 07:02:50,564 [INFO] --- Loop 42 @ 12:32:50 IST ---
2026-07-30 07:02:50,564 [INFO] ⚠️ SBIN: missing entry_price or first_target_price, skipping
2026-07-30 07:02:50,565 [INFO] Instructions saved
2026-07-30 07:04:05,565 [INFO] --- Loop 43 @ 12:34:05 IST ---
2026-07-30 07:04:05,565 [INFO] ⚠️ SBIN: missing entry_price or first_target_price, skipping
2026-07-30 07:04:05,566 [INFO] Instructions saved
2026-07-30 07:05:20,566 [INFO] --- Loop 44 @ 12:35:20 IST ---
2026-07-30 07:05:20,566 [INFO] ⚠️ SBIN: missing entry_price or first_target_price, skipping
2026-07-30 07:05:20,566 [INFO] Instructions saved
2026-07-30 07:06:35,567 [INFO] --- Loop 45 @ 12:36:35 IST ---
2026-07-30 07:06:35,567 [INFO] ⚠️ SBIN: missing entry_price or first_target_price, skipping
2026-07-30 07:06:35,567 [INFO] Instructions saved
2026-07-30 07:07:50,568 [INFO] --- Loop 46 @ 12:37:50 IST ---
2026-07-30 07:07:50,568 [INFO] ⚠️ SBIN: missing entry_price or first_target_price, skipping
2026-07-30 07:07:50,568 [INFO] Instructions saved
2026-07-30 07:09:05,568 [INFO] --- Loop 47 @ 12:39:05 IST ---
2026-07-30 07:09:05,569 [INFO] ⚠️ SBIN: missing entry_price or first_target_price, skipping
2026-07-30 07:09:05,569 [INFO] Instructions saved
2026-07-30 07:10:20,569 [INFO] --- Loop 48 @ 12:40:20 IST ---
2026-07-30 07:10:20,569 [INFO] ⚠️ SBIN: missing entry_price or first_target_price, skipping
2026-07-30 07:10:20,570 [INFO] Instructions saved
2026-07-30 07:11:35,570 [INFO] --- Loop 49 @ 12:41:35 IST ---
2026-07-30 07:11:35,570 [INFO] ⚠️ SBIN: missing entry_price or first_target_price, skipping
2026-07-30 07:11:35,571 [INFO] Instructions saved
2026-07-30 07:12:50,571 [INFO] --- Loop 50 @ 12:42:50 IST ---
2026-07-30 07:12:50,571 [INFO] ⚠️ SBIN: missing entry_price or first_target_price, skipping
2026-07-30 07:12:50,572 [INFO] Instructions saved
2026-07-30 07:14:05,572 [INFO] --- Loop 51 @ 12:44:05 IST ---
2026-07-30 07:14:05,572 [INFO] ⚠️ SBIN: missing entry_price or first_target_price, skipping
2026-07-30 07:14:05,572 [INFO] Instructions saved
2026-07-30 07:15:20,573 [INFO] --- Loop 52 @ 12:45:20 IST ---
2026-07-30 07:15:20,573 [INFO] ⚠️ SBIN: missing entry_price or first_target_price, skipping
2026-07-30 07:15:20,573 [INFO] Instructions saved
2026-07-30 07:16:35,573 [INFO] --- Loop 53 @ 12:46:35 IST ---
2026-07-30 07:16:35,574 [INFO] ⚠️ SBIN: missing entry_price or first_target_price, skipping
2026-07-30 07:16:35,574 [INFO] Instructions saved
2026-07-30 07:17:50,574 [INFO] --- Loop 54 @ 12:47:50 IST ---
2026-07-30 07:17:50,575 [INFO] ⚠️ SBIN: missing entry_price or first_target_price, skipping
2026-07-30 07:17:50,575 [INFO] Instructions saved
2026-07-30 07:19:05,575 [INFO] --- Loop 55 @ 12:49:05 IST ---
2026-07-30 07:19:05,575 [INFO] ⚠️ SBIN: missing entry_price or first_target_price, skipping
2026-07-30 07:19:05,576 [INFO] Instructions saved
2026-07-30 07:20:20,576 [INFO] --- Loop 56 @ 12:50:20 IST ---
2026-07-30 07:20:20,576 [INFO] ⚠️ SBIN: missing entry_price or first_target_price, skipping
2026-07-30 07:20:20,576 [INFO] Instructions saved
2026-07-30 07:21:35,577 [INFO] --- Loop 57 @ 12:51:35 IST ---
2026-07-30 07:21:35,577 [INFO] ⚠️ SBIN: missing entry_price or first_target_price, skipping
2026-07-30 07:21:35,577 [INFO] Instructions saved
2026-07-30 07:22:50,578 [INFO] --- Loop 58 @ 12:52:50 IST ---
2026-07-30 07:22:50,578 [INFO] ⚠️ SBIN: missing entry_price or first_target_price, skipping
2026-07-30 07:22:50,578 [INFO] Instructions saved
2026-07-30 07:24:05,578 [INFO] --- Loop 59 @ 12:54:05 IST ---
2026-07-30 07:24:05,579 [INFO] ⚠️ SBIN: missing entry_price or first_target_price, skipping
2026-07-30 07:24:05,579 [INFO] Instructions saved
2026-07-30 07:25:20,579 [INFO] --- Loop 60 @ 12:55:20 IST ---
2026-07-30 07:25:20,580 [INFO] ⚠️ SBIN: missing entry_price or first_target_price, skipping
2026-07-30 07:25:20,580 [INFO] Instructions saved
2026-07-30 07:26:35,580 [INFO] --- Loop 61 @ 12:56:35 IST ---
2026-07-30 07:26:35,580 [INFO] ⚠️ SBIN: missing entry_price or first_target_price, skipping
2026-07-30 07:26:35,581 [INFO] Instructions saved
2026-07-30 07:27:50,581 [INFO] --- Loop 62 @ 12:57:50 IST ---
2026-07-30 07:27:50,581 [INFO] ⚠️ SBIN: missing entry_price or first_target_price, skipping
2026-07-30 07:27:50,581 [INFO] Instructions saved
2026-07-30 07:29:05,582 [INFO] --- Loop 63 @ 12:59:05 IST ---
2026-07-30 07:29:05,582 [INFO] ⚠️ SBIN: missing entry_price or first_target_price, skipping
2026-07-30 07:29:05,582 [INFO] Instructions saved
2026-07-30 07:30:20,583 [INFO] --- Loop 64 @ 13:00:20 IST ---
2026-07-30 07:30:20,583 [INFO] ⚠️ SBIN: missing entry_price or first_target_price, skipping
2026-07-30 07:30:20,583 [INFO] Instructions saved
2026-07-30 07:31:35,583 [INFO] --- Loop 65 @ 13:01:35 IST ---
2026-07-30 07:31:35,584 [INFO] ⚠️ SBIN: missing entry_price or first_target_price, skipping
2026-07-30 07:31:35,584 [INFO] Instructions saved
2026-07-30 07:32:50,584 [INFO] --- Loop 66 @ 13:02:50 IST ---
2026-07-30 07:32:50,584 [INFO] ⚠️ SBIN: missing entry_price or first_target_price, skipping
2026-07-30 07:32:50,585 [INFO] Instructions saved
2026-07-30 07:34:05,585 [INFO] --- Loop 67 @ 13:04:05 IST ---
2026-07-30 07:34:05,585 [INFO] ⚠️ SBIN: missing entry_price or first_target_price, skipping
2026-07-30 07:34:05,586 [INFO] Instructions saved
2026-07-30 07:35:20,586 [INFO] --- Loop 68 @ 13:05:20 IST ---
2026-07-30 07:35:20,586 [INFO] ⚠️ SBIN: missing entry_price or first_target_price, skipping
2026-07-30 07:35:20,586 [INFO] Instructions saved
2026-07-30 07:36:35,587 [INFO] --- Loop 69 @ 13:06:35 IST ---
2026-07-30 07:36:35,587 [INFO] ⚠️ SBIN: missing entry_price or first_target_price, skipping
2026-07-30 07:36:35,587 [INFO] Instructions saved
2026-07-30 07:37:50,588 [INFO] --- Loop 70 @ 13:07:50 IST ---
2026-07-30 07:37:50,588 [INFO] ⚠️ SBIN: missing entry_price or first_target_price, skipping
2026-07-30 07:37:50,588 [INFO] Instructions saved
2026-07-30 07:39:05,588 [INFO] --- Loop 71 @ 13:09:05 IST ---
2026-07-30 07:39:05,588 [INFO] ⚠️ SBIN: missing entry_price or first_target_price, skipping
2026-07-30 07:39:05,589 [INFO] Instructions saved
2026-07-30 07:40:20,589 [INFO] --- Loop 72 @ 13:10:20 IST ---
2026-07-30 07:40:20,589 [INFO] ⚠️ SBIN: missing entry_price or first_target_price, skipping
2026-07-30 07:40:20,590 [INFO] Instructions saved
2026-07-30 07:41:35,590 [INFO] --- Loop 73 @ 13:11:35 IST ---
2026-07-30 07:41:35,590 [INFO] ⚠️ SBIN: missing entry_price or first_target_price, skipping
2026-07-30 07:41:35,590 [INFO] Instructions saved
2026-07-30 07:42:50,591 [INFO] --- Loop 74 @ 13:12:50 IST ---
2026-07-30 07:42:50,591 [INFO] ⚠️ SBIN: missing entry_price or first_target_price, skipping
2026-07-30 07:42:50,591 [INFO] Instructions saved
2026-07-30 07:44:05,592 [INFO] --- Loop 75 @ 13:14:05 IST ---
2026-07-30 07:44:05,592 [INFO] ⚠️ SBIN: missing entry_price or first_target_price, skipping
2026-07-30 07:44:05,592 [INFO] Instructions saved
2026-07-30 07:45:20,592 [INFO] --- Loop 76 @ 13:15:20 IST ---
2026-07-30 07:45:20,593 [INFO] ⚠️ SBIN: missing entry_price or first_target_price, skipping
2026-07-30 07:45:20,593 [INFO] Instructions saved
2026-07-30 07:46:35,593 [INFO] --- Loop 77 @ 13:16:35 IST ---
2026-07-30 07:46:35,593 [INFO] ⚠️ SBIN: missing entry_price or first_target_price, skipping
2026-07-30 07:46:35,594 [INFO] Instructions saved
2026-07-30 07:47:50,594 [INFO] --- Loop 78 @ 13:17:50 IST ---
2026-07-30 07:47:50,594 [INFO] ⚠️ SBIN: missing entry_price or first_target_price, skipping
2026-07-30 07:47:50,595 [INFO] Instructions saved
2026-07-30 07:49:05,595 [INFO] --- Loop 79 @ 13:19:05 IST ---
2026-07-30 07:49:05,595 [INFO] ⚠️ SBIN: missing entry_price or first_target_price, skipping
2026-07-30 07:49:05,595 [INFO] Instructions saved
2026-07-30 07:50:20,596 [INFO] --- Loop 80 @ 13:20:20 IST ---
2026-07-30 07:50:20,596 [INFO] ⚠️ SBIN: missing entry_price or first_target_price, skipping
2026-07-30 07:50:20,596 [INFO] Instructions saved
2026-07-30 07:51:35,597 [INFO] --- Loop 81 @ 13:21:35 IST ---
2026-07-30 07:51:35,597 [INFO] ⚠️ SBIN: missing entry_price or first_target_price, skipping
2026-07-30 07:51:35,597 [INFO] Instructions saved
2026-07-30 07:52:50,597 [INFO] --- Loop 82 @ 13:22:50 IST ---
2026-07-30 07:52:50,598 [INFO] ⚠️ SBIN: missing entry_price or first_target_price, skipping
2026-07-30 07:52:50,598 [INFO] Instructions saved
2026-07-30 07:54:05,598 [INFO] --- Loop 83 @ 13:24:05 IST ---
2026-07-30 07:54:05,598 [INFO] ⚠️ SBIN: missing entry_price or first_target_price, skipping
2026-07-30 07:54:05,599 [INFO] Instructions saved
2026-07-30 07:55:20,599 [INFO] --- Loop 84 @ 13:25:20 IST ---
2026-07-30 07:55:20,599 [INFO] ⚠️ SBIN: missing entry_price or first_target_price, skipping
2026-07-30 07:55:20,600 [INFO] Instructions saved
2026-07-30 07:56:35,600 [INFO] --- Loop 85 @ 13:26:35 IST ---
2026-07-30 07:56:35,600 [INFO] ⚠️ SBIN: missing entry_price or first_target_price, skipping
2026-07-30 07:56:35,601 [INFO] Instructions saved
2026-07-30 07:57:50,601 [INFO] --- Loop 86 @ 13:27:50 IST ---
2026-07-30 07:57:50,601 [INFO] ⚠️ SBIN: missing entry_price or first_target_price, skipping
2026-07-30 07:57:50,602 [INFO] Instructions saved
2026-07-30 07:59:05,602 [INFO] --- Loop 87 @ 13:29:05 IST ---
2026-07-30 07:59:05,602 [INFO] ⚠️ SBIN: missing entry_price or first_target_price, skipping
2026-07-30 07:59:05,602 [INFO] Instructions saved
2026-07-30 08:00:20,603 [INFO] --- Loop 88 @ 13:30:20 IST ---
2026-07-30 08:00:20,603 [INFO] ⚠️ SBIN: missing entry_price or first_target_price, skipping
2026-07-30 08:00:20,603 [INFO] Instructions saved
2026-07-30 08:01:35,604 [INFO] --- Loop 89 @ 13:31:35 IST ---
2026-07-30 08:01:35,604 [INFO] ⚠️ SBIN: missing entry_price or first_target_price, skipping
2026-07-30 08:01:35,604 [INFO] Instructions saved
2026-07-30 08:02:50,604 [INFO] --- Loop 90 @ 13:32:50 IST ---
2026-07-30 08:02:50,605 [INFO] ⚠️ SBIN: missing entry_price or first_target_price, skipping
2026-07-30 08:02:50,605 [INFO] Instructions saved
2026-07-30 08:04:05,605 [INFO] --- Loop 91 @ 13:34:05 IST ---
2026-07-30 08:04:05,605 [INFO] ⚠️ SBIN: missing entry_price or first_target_price, skipping
2026-07-30 08:04:05,606 [INFO] Instructions saved
2026-07-30 08:05:20,606 [INFO] --- Loop 92 @ 13:35:20 IST ---
2026-07-30 08:05:20,606 [INFO] ⚠️ SBIN: missing entry_price or first_target_price, skipping
2026-07-30 08:05:20,607 [INFO] Instructions saved
2026-07-30 08:06:35,607 [INFO] --- Loop 93 @ 13:36:35 IST ---
2026-07-30 08:06:35,607 [INFO] ⚠️ SBIN: missing entry_price or first_target_price, skipping
2026-07-30 08:06:35,608 [INFO] Instructions saved
2026-07-30 08:07:50,608 [INFO] --- Loop 94 @ 13:37:50 IST ---
2026-07-30 08:07:50,608 [INFO] ⚠️ SBIN: missing entry_price or first_target_price, skipping
2026-07-30 08:07:50,608 [INFO] Instructions saved
2026-07-30 08:09:05,609 [INFO] --- Loop 95 @ 13:39:05 IST ---
2026-07-30 08:09:05,609 [INFO] ⚠️ SBIN: missing entry_price or first_target_price, skipping
2026-07-30 08:09:05,609 [INFO] Instructions saved
2026-07-30 08:10:20,610 [INFO] --- Loop 96 @ 13:40:20 IST ---
2026-07-30 08:10:20,610 [INFO] ⚠️ SBIN: missing entry_price or first_target_price, skipping
2026-07-30 08:10:20,610 [INFO] Instructions saved
2026-07-30 08:11:35,610 [INFO] --- Loop 97 @ 13:41:35 IST ---
2026-07-30 08:11:35,610 [INFO] ⚠️ SBIN: missing entry_price or first_target_price, skipping
2026-07-30 08:11:35,611 [INFO] Instructions saved
2026-07-30 08:12:50,611 [INFO] --- Loop 98 @ 13:42:50 IST ---
2026-07-30 08:12:50,611 [INFO] ⚠️ SBIN: missing entry_price or first_target_price, skipping
2026-07-30 08:12:50,612 [INFO] Instructions saved
2026-07-30 08:14:05,612 [INFO] --- Loop 99 @ 13:44:05 IST ---
2026-07-30 08:14:05,612 [INFO] ⚠️ SBIN: missing entry_price or first_target_price, skipping
2026-07-30 08:14:05,613 [INFO] Instructions saved
2026-07-30 08:15:20,613 [INFO] --- Loop 100 @ 13:45:20 IST ---
2026-07-30 08:15:20,613 [INFO] ⚠️ SBIN: missing entry_price or first_target_price, skipping
2026-07-30 08:15:20,613 [INFO] Instructions saved
2026-07-30 08:16:35,614 [INFO] --- Loop 101 @ 13:46:35 IST ---
2026-07-30 08:16:35,614 [INFO] ⚠️ SBIN: missing entry_price or first_target_price, skipping
2026-07-30 08:16:35,614 [INFO] Instructions saved
2026-07-30 08:17:50,615 [INFO] --- Loop 102 @ 13:47:50 IST ---
2026-07-30 08:17:50,615 [INFO] ⚠️ SBIN: missing entry_price or first_target_price, skipping
2026-07-30 08:17:50,615 [INFO] Instructions saved
2026-07-30 08:19:05,616 [INFO] --- Loop 103 @ 13:49:05 IST ---
2026-07-30 08:19:05,616 [INFO] ⚠️ SBIN: missing entry_price or first_target_price, skipping
2026-07-30 08:19:05,616 [INFO] Instructions saved
2026-07-30 08:20:20,616 [INFO] --- Loop 104 @ 13:50:20 IST ---
2026-07-30 08:20:20,617 [INFO] ⚠️ SBIN: missing entry_price or first_target_price, skipping
2026-07-30 08:20:20,617 [INFO] Instructions saved
2026-07-30 08:21:35,617 [INFO] --- Loop 105 @ 13:51:35 IST ---
2026-07-30 08:21:35,618 [INFO] ⚠️ SBIN: missing entry_price or first_target_price, skipping
2026-07-30 08:21:35,618 [INFO] Instructions saved
2026-07-30 08:22:50,618 [INFO] --- Loop 106 @ 13:52:50 IST ---
2026-07-30 08:22:50,618 [INFO] ⚠️ SBIN: missing entry_price or first_target_price, skipping
2026-07-30 08:22:50,619 [INFO] Instructions saved
2026-07-30 08:24:05,619 [INFO] --- Loop 107 @ 13:54:05 IST ---
2026-07-30 08:24:05,619 [INFO] ⚠️ SBIN: missing entry_price or first_target_price, skipping
2026-07-30 08:24:05,620 [INFO] Instructions saved
2026-07-30 08:25:20,620 [INFO] --- Loop 108 @ 13:55:20 IST ---
2026-07-30 08:25:20,620 [INFO] ⚠️ SBIN: missing entry_price or first_target_price, skipping
2026-07-30 08:25:20,621 [INFO] Instructions saved
2026-07-30 08:26:35,621 [INFO] --- Loop 109 @ 13:56:35 IST ---
2026-07-30 08:26:35,621 [INFO] ⚠️ SBIN: missing entry_price or first_target_price, skipping
2026-07-30 08:26:35,621 [INFO] Instructions saved
2026-07-30 08:27:50,622 [INFO] --- Loop 110 @ 13:57:50 IST ---
2026-07-30 08:27:50,622 [INFO] ⚠️ SBIN: missing entry_price or first_target_price, skipping
2026-07-30 08:27:50,622 [INFO] Instructions saved
2026-07-30 08:29:05,623 [INFO] --- Loop 111 @ 13:59:05 IST ---
2026-07-30 08:29:05,623 [INFO] ⚠️ SBIN: missing entry_price or first_target_price, skipping
2026-07-30 08:29:05,623 [INFO] Instructions saved
2026-07-30 08:30:20,624 [INFO] --- Loop 112 @ 14:00:20 IST ---
2026-07-30 08:30:20,624 [INFO] ⚠️ SBIN: missing entry_price or first_target_price, skipping
2026-07-30 08:30:20,624 [INFO] Instructions saved
2026-07-30 08:31:35,625 [INFO] --- Loop 113 @ 14:01:35 IST ---
2026-07-30 08:31:35,625 [INFO] ⚠️ SBIN: missing entry_price or first_target_price, skipping
2026-07-30 08:31:35,625 [INFO] Instructions saved
2026-07-30 08:32:50,625 [INFO] --- Loop 114 @ 14:02:50 IST ---
2026-07-30 08:32:50,626 [INFO] ⚠️ SBIN: missing entry_price or first_target_price, skipping
2026-07-30 08:32:50,626 [INFO] Instructions saved
2026-07-30 08:34:05,626 [INFO] --- Loop 115 @ 14:04:05 IST ---
2026-07-30 08:34:05,626 [INFO] ⚠️ SBIN: missing entry_price or first_target_price, skipping
2026-07-30 08:34:05,627 [INFO] Instructions saved
2026-07-30 08:35:20,627 [INFO] --- Loop 116 @ 14:05:20 IST ---
2026-07-30 08:35:20,627 [INFO] ⚠️ SBIN: missing entry_price or first_target_price, skipping
2026-07-30 08:35:20,628 [INFO] Instructions saved
2026-07-30 08:36:35,628 [INFO] --- Loop 117 @ 14:06:35 IST ---
2026-07-30 08:36:35,628 [INFO] ⚠️ SBIN: missing entry_price or first_target_price, skipping
2026-07-30 08:36:35,628 [INFO] Instructions saved
2026-07-30 08:37:50,629 [INFO] --- Loop 118 @ 14:07:50 IST ---
2026-07-30 08:37:50,629 [INFO] ⚠️ SBIN: missing entry_price or first_target_price, skipping
2026-07-30 08:37:50,629 [INFO] Instructions saved
2026-07-30 08:39:05,630 [INFO] --- Loop 119 @ 14:09:05 IST ---
2026-07-30 08:39:05,630 [INFO] ⚠️ SBIN: missing entry_price or first_target_price, skipping
2026-07-30 08:39:05,630 [INFO] Instructions saved
2026-07-30 08:40:20,631 [INFO] --- Loop 120 @ 14:10:20 IST ---
2026-07-30 08:40:20,631 [INFO] ⚠️ SBIN: missing entry_price or first_target_price, skipping
2026-07-30 08:40:20,631 [INFO] Instructions saved
2026-07-30 08:41:35,631 [INFO] --- Loop 121 @ 14:11:35 IST ---
2026-07-30 08:41:35,632 [INFO] ⚠️ SBIN: missing entry_price or first_target_price, skipping
2026-07-30 08:41:35,632 [INFO] Instructions saved
2026-07-30 08:42:50,632 [INFO] --- Loop 122 @ 14:12:50 IST ---
2026-07-30 08:42:50,632 [INFO] ⚠️ SBIN: missing entry_price or first_target_price, skipping
2026-07-30 08:42:50,633 [INFO] Instructions saved
2026-07-30 08:44:05,633 [INFO] --- Loop 123 @ 14:14:05 IST ---
2026-07-30 08:44:05,633 [INFO] ⚠️ SBIN: missing entry_price or first_target_price, skipping
2026-07-30 08:44:05,634 [INFO] Instructions saved
2026-07-30 08:45:20,634 [INFO] --- Loop 124 @ 14:15:20 IST ---
2026-07-30 08:45:20,634 [INFO] ⚠️ SBIN: missing entry_price or first_target_price, skipping
2026-07-30 08:45:20,635 [INFO] Instructions saved
2026-07-30 08:46:35,635 [INFO] --- Loop 125 @ 14:16:35 IST ---
2026-07-30 08:46:35,635 [INFO] ⚠️ SBIN: missing entry_price or first_target_price, skipping
2026-07-30 08:46:35,635 [INFO] Instructions saved
2026-07-30 08:47:50,636 [INFO] --- Loop 126 @ 14:17:50 IST ---
2026-07-30 08:47:50,636 [INFO] ⚠️ SBIN: missing entry_price or first_target_price, skipping
2026-07-30 08:47:50,636 [INFO] Instructions saved
2026-07-30 08:49:05,636 [INFO] --- Loop 127 @ 14:19:05 IST ---
2026-07-30 08:49:05,637 [INFO] ⚠️ SBIN: missing entry_price or first_target_price, skipping
2026-07-30 08:49:05,637 [INFO] Instructions saved
2026-07-30 08:50:20,637 [INFO] --- Loop 128 @ 14:20:20 IST ---
2026-07-30 08:50:20,637 [INFO] ⚠️ SBIN: missing entry_price or first_target_price, skipping
2026-07-30 08:50:20,638 [INFO] Instructions saved
2026-07-30 08:51:35,638 [INFO] --- Loop 129 @ 14:21:35 IST ---
2026-07-30 08:51:35,638 [INFO] ⚠️ SBIN: missing entry_price or first_target_price, skipping
2026-07-30 08:51:35,639 [INFO] Instructions saved
2026-07-30 08:52:50,639 [INFO] --- Loop 130 @ 14:22:50 IST ---
2026-07-30 08:52:50,639 [INFO] ⚠️ SBIN: missing entry_price or first_target_price, skipping
2026-07-30 08:52:50,640 [INFO] Instructions saved
2026-07-30 08:54:05,640 [INFO] --- Loop 131 @ 14:24:05 IST ---
2026-07-30 08:54:05,640 [INFO] ⚠️ SBIN: missing entry_price or first_target_price, skipping
2026-07-30 08:54:05,640 [INFO] Instructions saved
2026-07-30 08:55:20,641 [INFO] --- Loop 132 @ 14:25:20 IST ---
2026-07-30 08:55:20,641 [INFO] ⚠️ SBIN: missing entry_price or first_target_price, skipping
2026-07-30 08:55:20,642 [INFO] Instructions saved
2026-07-30 08:56:35,642 [INFO] --- Loop 133 @ 14:26:35 IST ---
2026-07-30 08:56:35,642 [INFO] ⚠️ SBIN: missing entry_price or first_target_price, skipping
2026-07-30 08:56:35,642 [INFO] Instructions saved
2026-07-30 08:57:50,643 [INFO] --- Loop 134 @ 14:27:50 IST ---
2026-07-30 08:57:50,643 [INFO] ⚠️ SBIN: missing entry_price or first_target_price, skipping
2026-07-30 08:57:50,643 [INFO] Instructions saved
2026-07-30 08:59:05,644 [INFO] --- Loop 135 @ 14:29:05 IST ---
2026-07-30 08:59:05,644 [INFO] ⚠️ SBIN: missing entry_price or first_target_price, skipping
2026-07-30 08:59:05,644 [INFO] Instructions saved
2026-07-30 09:00:20,644 [INFO] --- Loop 136 @ 14:30:20 IST ---
2026-07-30 09:00:20,645 [INFO] ⚠️ SBIN: missing entry_price or first_target_price, skipping
2026-07-30 09:00:20,645 [INFO] Instructions saved
2026-07-30 09:01:35,645 [INFO] --- Loop 137 @ 14:31:35 IST ---
2026-07-30 09:01:35,645 [INFO] ⚠️ SBIN: missing entry_price or first_target_price, skipping
2026-07-30 09:01:35,646 [INFO] Instructions saved
2026-07-30 09:02:50,646 [INFO] --- Loop 138 @ 14:32:50 IST ---
2026-07-30 09:02:50,646 [INFO] ⚠️ SBIN: missing entry_price or first_target_price, skipping
2026-07-30 09:02:50,647 [INFO] Instructions saved
2026-07-30 09:04:05,647 [INFO] --- Loop 139 @ 14:34:05 IST ---
2026-07-30 09:04:05,647 [INFO] ⚠️ SBIN: missing entry_price or first_target_price, skipping
2026-07-30 09:04:05,647 [INFO] Instructions saved
2026-07-30 09:05:20,648 [INFO] --- Loop 140 @ 14:35:20 IST ---
2026-07-30 09:05:20,648 [INFO] ⚠️ SBIN: missing entry_price or first_target_price, skipping
2026-07-30 09:05:20,648 [INFO] Instructions saved
2026-07-30 09:06:35,649 [INFO] --- Loop 141 @ 14:36:35 IST ---
2026-07-30 09:06:35,649 [INFO] ⚠️ SBIN: missing entry_price or first_target_price, skipping
2026-07-30 09:06:35,649 [INFO] Instructions saved
2026-07-30 09:07:50,649 [INFO] --- Loop 142 @ 14:37:50 IST ---
2026-07-30 09:07:50,650 [INFO] ⚠️ SBIN: missing entry_price or first_target_price, skipping
2026-07-30 09:07:50,650 [INFO] Instructions saved
2026-07-30 09:09:05,650 [INFO] --- Loop 143 @ 14:39:05 IST ---
2026-07-30 09:09:05,650 [INFO] ⚠️ SBIN: missing entry_price or first_target_price, skipping
2026-07-30 09:09:05,651 [INFO] Instructions saved
2026-07-30 09:10:20,651 [INFO] --- Loop 144 @ 14:40:20 IST ---
2026-07-30 09:10:20,651 [INFO] ⚠️ SBIN: missing entry_price or first_target_price, skipping
2026-07-30 09:10:20,651 [INFO] Instructions saved
2026-07-30 09:11:35,652 [INFO] --- Loop 145 @ 14:41:35 IST ---
2026-07-30 09:11:35,652 [INFO] ⚠️ SBIN: missing entry_price or first_target_price, skipping
2026-07-30 09:11:35,652 [INFO] Instructions saved
2026-07-30 09:12:50,653 [INFO] --- Loop 146 @ 14:42:50 IST ---
2026-07-30 09:12:50,653 [INFO] ⚠️ SBIN: missing entry_price or first_target_price, skipping
2026-07-30 09:12:50,653 [INFO] Instructions saved
2026-07-30 09:14:05,653 [INFO] --- Loop 147 @ 14:44:05 IST ---
2026-07-30 09:14:05,654 [INFO] ⚠️ SBIN: missing entry_price or first_target_price, skipping
2026-07-30 09:14:05,654 [INFO] Instructions saved
2026-07-30 09:15:20,654 [INFO] --- Loop 148 @ 14:45:20 IST ---
2026-07-30 09:15:20,654 [INFO] ⚠️ SBIN: missing entry_price or first_target_price, skipping
2026-07-30 09:15:20,655 [INFO] Instructions saved
2026-07-30 09:16:35,655 [INFO] --- Loop 149 @ 14:46:35 IST ---
2026-07-30 09:16:35,655 [INFO] ⚠️ SBIN: missing entry_price or first_target_price, skipping
2026-07-30 09:16:35,656 [INFO] Instructions saved
2026-07-30 09:17:50,656 [INFO] --- Loop 150 @ 14:47:50 IST ---
2026-07-30 09:17:50,656 [INFO] ⚠️ SBIN: missing entry_price or first_target_price, skipping
2026-07-30 09:17:50,657 [INFO] Instructions saved
2026-07-30 09:19:05,657 [INFO] --- Loop 151 @ 14:49:05 IST ---
2026-07-30 09:19:05,657 [INFO] ⚠️ SBIN: missing entry_price or first_target_price, skipping
2026-07-30 09:19:05,658 [INFO] Instructions saved
2026-07-30 09:20:20,658 [INFO] --- Loop 152 @ 14:50:20 IST ---
2026-07-30 09:20:20,658 [INFO] ⚠️ SBIN: missing entry_price or first_target_price, skipping
2026-07-30 09:20:20,658 [INFO] Instructions saved
2026-07-30 09:21:35,659 [INFO] --- Loop 153 @ 14:51:35 IST ---
2026-07-30 09:21:35,659 [INFO] ⚠️ SBIN: missing entry_price or first_target_price, skipping
2026-07-30 09:21:35,659 [INFO] Instructions saved
2026-07-30 09:22:50,660 [INFO] --- Loop 154 @ 14:52:50 IST ---
2026-07-30 09:22:50,660 [INFO] ⚠️ SBIN: missing entry_price or first_target_price, skipping
2026-07-30 09:22:50,660 [INFO] Instructions saved
2026-07-30 09:24:05,660 [INFO] --- Loop 155 @ 14:54:05 IST ---
2026-07-30 09:24:05,661 [INFO] ⚠️ SBIN: missing entry_price or first_target_price, skipping
2026-07-30 09:24:05,661 [INFO] Instructions saved
2026-07-30 09:25:20,661 [INFO] --- Loop 156 @ 14:55:20 IST ---
2026-07-30 09:25:20,661 [INFO] ⚠️ SBIN: missing entry_price or first_target_price, skipping
2026-07-30 09:25:20,662 [INFO] Instructions saved
2026-07-30 09:26:35,662 [INFO] --- Loop 157 @ 14:56:35 IST ---
2026-07-30 09:26:35,662 [INFO] ⚠️ SBIN: missing entry_price or first_target_price, skipping
2026-07-30 09:26:35,663 [INFO] Instructions saved
2026-07-30 09:27:50,663 [INFO] --- Loop 158 @ 14:57:50 IST ---
2026-07-30 09:27:50,663 [INFO] ⚠️ SBIN: missing entry_price or first_target_price, skipping
2026-07-30 09:27:50,664 [INFO] Instructions saved
2026-07-30 09:29:05,664 [INFO] --- Loop 159 @ 14:59:05 IST ---
2026-07-30 09:29:05,664 [INFO] ⚠️ SBIN: missing entry_price or first_target_price, skipping
2026-07-30 09:29:05,665 [INFO] Instructions saved
2026-07-30 09:30:20,665 [INFO] --- Loop 160 @ 15:00:20 IST ---
2026-07-30 09:30:20,665 [INFO] ⚠️ SBIN: missing entry_price or first_target_price, skipping
2026-07-30 09:30:20,665 [INFO] Instructions saved
2026-07-30 09:31:35,666 [INFO] --- Loop 161 @ 15:01:35 IST ---
2026-07-30 09:31:35,666 [INFO] ⚠️ SBIN: missing entry_price or first_target_price, skipping
2026-07-30 09:31:35,666 [INFO] Instructions saved
2026-07-30 09:32:50,667 [INFO] --- Loop 162 @ 15:02:50 IST ---
2026-07-30 09:32:50,667 [INFO] ⚠️ SBIN: missing entry_price or first_target_price, skipping
2026-07-30 09:32:50,667 [INFO] Instructions saved
2026-07-30 09:34:05,667 [INFO] --- Loop 163 @ 15:04:05 IST ---
2026-07-30 09:34:05,668 [INFO] ⚠️ SBIN: missing entry_price or first_target_price, skipping
2026-07-30 09:34:05,668 [INFO] Instructions saved
2026-07-30 09:35:20,668 [INFO] --- Loop 164 @ 15:05:20 IST ---
2026-07-30 09:35:20,669 [INFO] ⚠️ SBIN: missing entry_price or first_target_price, skipping
2026-07-30 09:35:20,669 [INFO] Instructions saved
2026-07-30 09:36:35,669 [INFO] --- Loop 165 @ 15:06:35 IST ---
2026-07-30 09:36:35,669 [INFO] ⚠️ SBIN: missing entry_price or first_target_price, skipping
2026-07-30 09:36:35,670 [INFO] Instructions saved
2026-07-30 09:37:50,670 [INFO] --- Loop 166 @ 15:07:50 IST ---
2026-07-30 09:37:50,670 [INFO] ⚠️ SBIN: missing entry_price or first_target_price, skipping
2026-07-30 09:37:50,671 [INFO] Instructions saved
2026-07-30 09:39:05,671 [INFO] --- Loop 167 @ 15:09:05 IST ---
2026-07-30 09:39:05,671 [INFO] ⚠️ SBIN: missing entry_price or first_target_price, skipping
2026-07-30 09:39:05,672 [INFO] Instructions saved
2026-07-30 09:40:20,672 [INFO] --- Loop 168 @ 15:10:20 IST ---
2026-07-30 09:40:20,672 [INFO] ⚠️ SBIN: missing entry_price or first_target_price, skipping
2026-07-30 09:40:20,672 [INFO] Instructions saved
2026-07-30 09:41:35,673 [INFO] --- Loop 169 @ 15:11:35 IST ---
2026-07-30 09:41:35,673 [INFO] ⚠️ SBIN: missing entry_price or first_target_price, skipping
2026-07-30 09:41:35,673 [INFO] Instructions saved
2026-07-30 09:42:50,674 [INFO] --- Loop 170 @ 15:12:50 IST ---
2026-07-30 09:42:50,674 [INFO] ⚠️ SBIN: missing entry_price or first_target_price, skipping
2026-07-30 09:42:50,674 [INFO] Instructions saved
2026-07-30 09:44:05,674 [INFO] --- Loop 171 @ 15:14:05 IST ---
2026-07-30 09:44:05,675 [INFO] ⚠️ SBIN: missing entry_price or first_target_price, skipping
2026-07-30 09:44:05,675 [INFO] Instructions saved
2026-07-30 09:45:20,675 [INFO] --- Loop 172 @ 15:15:20 IST ---
2026-07-30 09:45:20,675 [INFO] ⚠️ SBIN: missing entry_price or first_target_price, skipping
2026-07-30 09:45:20,676 [INFO] Instructions saved
2026-07-30 09:46:35,676 [INFO] --- Loop 173 @ 15:16:35 IST ---
2026-07-30 09:46:35,676 [INFO] ⚠️ SBIN: missing entry_price or first_target_price, skipping
2026-07-30 09:46:35,677 [INFO] Instructions saved
2026-07-30 09:47:50,677 [INFO] --- Loop 174 @ 15:17:50 IST ---
2026-07-30 09:47:50,677 [INFO] ⚠️ SBIN: missing entry_price or first_target_price, skipping
2026-07-30 09:47:50,677 [INFO] Instructions saved
2026-07-30 09:49:05,678 [INFO] --- Loop 175 @ 15:19:05 IST ---
2026-07-30 09:49:05,678 [INFO] ⚠️ SBIN: missing entry_price or first_target_price, skipping
2026-07-30 09:49:05,678 [INFO] Instructions saved
2026-07-30 09:50:20,679 [INFO] --- Loop 176 @ 15:20:20 IST ---
2026-07-30 09:50:20,679 [INFO] ⚠️ SBIN: missing entry_price or first_target_price, skipping
2026-07-30 09:50:20,679 [INFO] Instructions saved
2026-07-30 09:51:35,679 [INFO] --- Loop 177 @ 15:21:35 IST ---
2026-07-30 09:51:35,680 [INFO] ⚠️ SBIN: missing entry_price or first_target_price, skipping
2026-07-30 09:51:35,680 [INFO] Instructions saved
2026-07-30 09:52:50,680 [INFO] --- Loop 178 @ 15:22:50 IST ---
2026-07-30 09:52:50,680 [INFO] ⚠️ SBIN: missing entry_price or first_target_price, skipping
2026-07-30 09:52:50,681 [INFO] Instructions saved
2026-07-30 09:54:05,681 [INFO] --- Loop 179 @ 15:24:05 IST ---
2026-07-30 09:54:05,681 [INFO] ⚠️ SBIN: missing entry_price or first_target_price, skipping
2026-07-30 09:54:05,682 [INFO] Instructions saved
2026-07-30 09:55:20,682 [INFO] --- Loop 180 @ 15:25:20 IST ---
2026-07-30 09:55:20,682 [INFO] ⚠️ SBIN: missing entry_price or first_target_price, skipping
2026-07-30 09:55:20,683 [INFO] Instructions saved
2026-07-30 09:56:35,683 [INFO] --- Loop 181 @ 15:26:35 IST ---
2026-07-30 09:56:35,683 [INFO] ⚠️ SBIN: missing entry_price or first_target_price, skipping
2026-07-30 09:56:35,683 [INFO] Instructions saved
2026-07-30 09:57:50,684 [INFO] --- Loop 182 @ 15:27:50 IST ---
2026-07-30 09:57:50,684 [INFO] ⚠️ SBIN: missing entry_price or first_target_price, skipping
2026-07-30 09:57:50,684 [INFO] Instructions saved
2026-07-30 09:59:05,685 [INFO] --- Loop 183 @ 15:29:05 IST ---
2026-07-30 09:59:05,685 [INFO] ⚠️ SBIN: missing entry_price or first_target_price, skipping
2026-07-30 09:59:05,685 [INFO] Instructions saved
2026-07-30 10:00:20,685 [INFO] --- Loop 184 @ 15:30:20 IST ---
2026-07-30 10:00:20,686 [INFO] ⚠️ SBIN: missing entry_price or first_target_price, skipping
2026-07-30 10:00:20,686 [INFO] Instructions saved
2026-07-30 10:00:20,686 [INFO] Market closed. Continuing brief monitoring until hard stop for final GTT status...
2026-07-30 10:01:35,686 [INFO] --- Loop 185 @ 15:31:35 IST ---
2026-07-30 10:01:35,687 [INFO] ⚠️ SBIN: missing entry_price or first_target_price, skipping
2026-07-30 10:01:35,687 [INFO] Instructions saved
2026-07-30 10:01:35,687 [INFO] Market closed. Continuing brief monitoring until hard stop for final GTT status...
2026-07-30 10:02:50,687 [INFO] --- Loop 186 @ 15:32:50 IST ---
2026-07-30 10:02:50,688 [INFO] ⚠️ SBIN: missing entry_price or first_target_price, skipping
2026-07-30 10:02:50,688 [INFO] Instructions saved
2026-07-30 10:02:50,688 [INFO] Market closed. Continuing brief monitoring until hard stop for final GTT status...
2026-07-30 10:04:05,688 [INFO] --- Loop 187 @ 15:34:05 IST ---
2026-07-30 10:04:05,688 [INFO] ⚠️ SBIN: missing entry_price or first_target_price, skipping
2026-07-30 10:04:05,689 [INFO] Instructions saved
2026-07-30 10:04:05,689 [INFO] Market closed. Continuing brief monitoring until hard stop for final GTT status...
2026-07-30 10:05:20,689 [INFO] Reached hard stop time. Ending trading day loop.
2026-07-30 10:05:20,689 [INFO] ============================================================
2026-07-30 10:05:20,689 [INFO] Trading day summary
2026-07-30 10:05:20,689 [INFO] Trades opened today: 0
2026-07-30 10:05:20,690 [INFO] Still active (multi-day): 0
2026-07-30 10:05:20,690 [INFO] ============================================================
