2026-08-24 04:26:40,033 [INFO] ============================================================
2026-08-24 04:26:40,033 [INFO] Trading day started — 2026-08-24
2026-08-24 04:26:40,033 [INFO] ============================================================
2026-08-24 04:26:40,034 [WARNING] Instructions are from 2026-06-22, not today (2026-08-24). Proceeding with existing watchlist anyway — update state/instructions.json for fresh rules.
2026-08-24 04:26:40,034 [INFO] --- Loop 1 @ 09:56:40 IST ---
2026-08-24 04:26:40,034 [INFO] ⚠️ SBIN: missing entry_price or first_target_price, skipping
2026-08-24 04:26:40,034 [INFO] Instructions saved
2026-08-24 04:27:55,034 [INFO] --- Loop 2 @ 09:57:55 IST ---
2026-08-24 04:27:55,035 [INFO] ⚠️ SBIN: missing entry_price or first_target_price, skipping
2026-08-24 04:27:55,035 [INFO] Instructions saved
2026-08-24 04:29:10,035 [INFO] --- Loop 3 @ 09:59:10 IST ---
2026-08-24 04:29:10,035 [INFO] ⚠️ SBIN: missing entry_price or first_target_price, skipping
2026-08-24 04:29:10,036 [INFO] Instructions saved
2026-08-24 04:30:25,036 [INFO] --- Loop 4 @ 10:00:25 IST ---
2026-08-24 04:30:25,037 [INFO] ⚠️ SBIN: missing entry_price or first_target_price, skipping
2026-08-24 04:30:25,037 [INFO] Instructions saved
2026-08-24 04:31:40,037 [INFO] --- Loop 5 @ 10:01:40 IST ---
2026-08-24 04:31:40,037 [INFO] ⚠️ SBIN: missing entry_price or first_target_price, skipping
2026-08-24 04:31:40,038 [INFO] Instructions saved
2026-08-24 04:32:55,038 [INFO] --- Loop 6 @ 10:02:55 IST ---
2026-08-24 04:32:55,038 [INFO] ⚠️ SBIN: missing entry_price or first_target_price, skipping
2026-08-24 04:32:55,039 [INFO] Instructions saved
2026-08-24 04:34:10,039 [INFO] --- Loop 7 @ 10:04:10 IST ---
2026-08-24 04:34:10,039 [INFO] ⚠️ SBIN: missing entry_price or first_target_price, skipping
2026-08-24 04:34:10,039 [INFO] Instructions saved
2026-08-24 04:35:25,040 [INFO] --- Loop 8 @ 10:05:25 IST ---
2026-08-24 04:35:25,040 [INFO] ⚠️ SBIN: missing entry_price or first_target_price, skipping
2026-08-24 04:35:25,040 [INFO] Instructions saved
2026-08-24 04:36:40,040 [INFO] --- Loop 9 @ 10:06:40 IST ---
2026-08-24 04:36:40,041 [INFO] ⚠️ SBIN: missing entry_price or first_target_price, skipping
2026-08-24 04:36:40,041 [INFO] Instructions saved
2026-08-24 04:37:55,041 [INFO] --- Loop 10 @ 10:07:55 IST ---
2026-08-24 04:37:55,041 [INFO] ⚠️ SBIN: missing entry_price or first_target_price, skipping
2026-08-24 04:37:55,042 [INFO] Instructions saved
2026-08-24 04:39:10,042 [INFO] --- Loop 11 @ 10:09:10 IST ---
2026-08-24 04:39:10,042 [INFO] ⚠️ SBIN: missing entry_price or first_target_price, skipping
2026-08-24 04:39:10,043 [INFO] Instructions saved
2026-08-24 04:40:25,043 [INFO] --- Loop 12 @ 10:10:25 IST ---
2026-08-24 04:40:25,043 [INFO] ⚠️ SBIN: missing entry_price or first_target_price, skipping
2026-08-24 04:40:25,043 [INFO] Instructions saved
2026-08-24 04:41:40,044 [INFO] --- Loop 13 @ 10:11:40 IST ---
2026-08-24 04:41:40,044 [INFO] ⚠️ SBIN: missing entry_price or first_target_price, skipping
2026-08-24 04:41:40,044 [INFO] Instructions saved
2026-08-24 04:42:55,045 [INFO] --- Loop 14 @ 10:12:55 IST ---
2026-08-24 04:42:55,045 [INFO] ⚠️ SBIN: missing entry_price or first_target_price, skipping
2026-08-24 04:42:55,045 [INFO] Instructions saved
2026-08-24 04:44:10,046 [INFO] --- Loop 15 @ 10:14:10 IST ---
2026-08-24 04:44:10,046 [INFO] ⚠️ SBIN: missing entry_price or first_target_price, skipping
2026-08-24 04:44:10,046 [INFO] Instructions saved
2026-08-24 04:45:25,046 [INFO] --- Loop 16 @ 10:15:25 IST ---
2026-08-24 04:45:25,047 [INFO] ⚠️ SBIN: missing entry_price or first_target_price, skipping
2026-08-24 04:45:25,047 [INFO] Instructions saved
2026-08-24 04:46:40,047 [INFO] --- Loop 17 @ 10:16:40 IST ---
2026-08-24 04:46:40,048 [INFO] ⚠️ SBIN: missing entry_price or first_target_price, skipping
2026-08-24 04:46:40,048 [INFO] Instructions saved
2026-08-24 04:47:55,048 [INFO] --- Loop 18 @ 10:17:55 IST ---
2026-08-24 04:47:55,048 [INFO] ⚠️ SBIN: missing entry_price or first_target_price, skipping
2026-08-24 04:47:55,049 [INFO] Instructions saved
2026-08-24 04:49:10,049 [INFO] --- Loop 19 @ 10:19:10 IST ---
2026-08-24 04:49:10,049 [INFO] ⚠️ SBIN: missing entry_price or first_target_price, skipping
2026-08-24 04:49:10,050 [INFO] Instructions saved
2026-08-24 04:50:25,050 [INFO] --- Loop 20 @ 10:20:25 IST ---
2026-08-24 04:50:25,050 [INFO] ⚠️ SBIN: missing entry_price or first_target_price, skipping
2026-08-24 04:50:25,051 [INFO] Instructions saved
2026-08-24 04:51:40,051 [INFO] --- Loop 21 @ 10:21:40 IST ---
2026-08-24 04:51:40,051 [INFO] ⚠️ SBIN: missing entry_price or first_target_price, skipping
2026-08-24 04:51:40,051 [INFO] Instructions saved
2026-08-24 04:52:55,052 [INFO] --- Loop 22 @ 10:22:55 IST ---
2026-08-24 04:52:55,052 [INFO] ⚠️ SBIN: missing entry_price or first_target_price, skipping
2026-08-24 04:52:55,052 [INFO] Instructions saved
2026-08-24 04:54:10,053 [INFO] --- Loop 23 @ 10:24:10 IST ---
2026-08-24 04:54:10,053 [INFO] ⚠️ SBIN: missing entry_price or first_target_price, skipping
2026-08-24 04:54:10,053 [INFO] Instructions saved
2026-08-24 04:55:25,053 [INFO] --- Loop 24 @ 10:25:25 IST ---
2026-08-24 04:55:25,054 [INFO] ⚠️ SBIN: missing entry_price or first_target_price, skipping
2026-08-24 04:55:25,054 [INFO] Instructions saved
2026-08-24 04:56:40,054 [INFO] --- Loop 25 @ 10:26:40 IST ---
2026-08-24 04:56:40,055 [INFO] ⚠️ SBIN: missing entry_price or first_target_price, skipping
2026-08-24 04:56:40,055 [INFO] Instructions saved
2026-08-24 04:57:55,055 [INFO] --- Loop 26 @ 10:27:55 IST ---
2026-08-24 04:57:55,056 [INFO] ⚠️ SBIN: missing entry_price or first_target_price, skipping
2026-08-24 04:57:55,056 [INFO] Instructions saved
2026-08-24 04:59:10,056 [INFO] --- Loop 27 @ 10:29:10 IST ---
2026-08-24 04:59:10,057 [INFO] ⚠️ SBIN: missing entry_price or first_target_price, skipping
2026-08-24 04:59:10,057 [INFO] Instructions saved
2026-08-24 05:00:25,057 [INFO] --- Loop 28 @ 10:30:25 IST ---
2026-08-24 05:00:25,057 [INFO] ⚠️ SBIN: missing entry_price or first_target_price, skipping
2026-08-24 05:00:25,058 [INFO] Instructions saved
2026-08-24 05:01:40,058 [INFO] --- Loop 29 @ 10:31:40 IST ---
2026-08-24 05:01:40,058 [INFO] ⚠️ SBIN: missing entry_price or first_target_price, skipping
2026-08-24 05:01:40,059 [INFO] Instructions saved
2026-08-24 05:02:55,059 [INFO] --- Loop 30 @ 10:32:55 IST ---
2026-08-24 05:02:55,059 [INFO] ⚠️ SBIN: missing entry_price or first_target_price, skipping
2026-08-24 05:02:55,060 [INFO] Instructions saved
2026-08-24 05:04:10,060 [INFO] --- Loop 31 @ 10:34:10 IST ---
2026-08-24 05:04:10,060 [INFO] ⚠️ SBIN: missing entry_price or first_target_price, skipping
2026-08-24 05:04:10,061 [INFO] Instructions saved
2026-08-24 05:05:25,061 [INFO] --- Loop 32 @ 10:35:25 IST ---
2026-08-24 05:05:25,061 [INFO] ⚠️ SBIN: missing entry_price or first_target_price, skipping
2026-08-24 05:05:25,062 [INFO] Instructions saved
2026-08-24 05:06:40,062 [INFO] --- Loop 33 @ 10:36:40 IST ---
2026-08-24 05:06:40,062 [INFO] ⚠️ SBIN: missing entry_price or first_target_price, skipping
2026-08-24 05:06:40,062 [INFO] Instructions saved
2026-08-24 05:07:55,063 [INFO] --- Loop 34 @ 10:37:55 IST ---
2026-08-24 05:07:55,063 [INFO] ⚠️ SBIN: missing entry_price or first_target_price, skipping
2026-08-24 05:07:55,063 [INFO] Instructions saved
2026-08-24 05:09:10,064 [INFO] --- Loop 35 @ 10:39:10 IST ---
2026-08-24 05:09:10,064 [INFO] ⚠️ SBIN: missing entry_price or first_target_price, skipping
2026-08-24 05:09:10,064 [INFO] Instructions saved
2026-08-24 05:10:25,065 [INFO] --- Loop 36 @ 10:40:25 IST ---
2026-08-24 05:10:25,065 [INFO] ⚠️ SBIN: missing entry_price or first_target_price, skipping
2026-08-24 05:10:25,065 [INFO] Instructions saved
2026-08-24 05:11:40,066 [INFO] --- Loop 37 @ 10:41:40 IST ---
2026-08-24 05:11:40,066 [INFO] ⚠️ SBIN: missing entry_price or first_target_price, skipping
2026-08-24 05:11:40,066 [INFO] Instructions saved
2026-08-24 05:12:55,066 [INFO] --- Loop 38 @ 10:42:55 IST ---
2026-08-24 05:12:55,067 [INFO] ⚠️ SBIN: missing entry_price or first_target_price, skipping
2026-08-24 05:12:55,067 [INFO] Instructions saved
2026-08-24 05:14:10,067 [INFO] --- Loop 39 @ 10:44:10 IST ---
2026-08-24 05:14:10,068 [INFO] ⚠️ SBIN: missing entry_price or first_target_price, skipping
2026-08-24 05:14:10,068 [INFO] Instructions saved
2026-08-24 05:15:25,068 [INFO] --- Loop 40 @ 10:45:25 IST ---
2026-08-24 05:15:25,068 [INFO] ⚠️ SBIN: missing entry_price or first_target_price, skipping
2026-08-24 05:15:25,069 [INFO] Instructions saved
2026-08-24 05:16:40,069 [INFO] --- Loop 41 @ 10:46:40 IST ---
2026-08-24 05:16:40,069 [INFO] ⚠️ SBIN: missing entry_price or first_target_price, skipping
2026-08-24 05:16:40,070 [INFO] Instructions saved
2026-08-24 05:17:55,070 [INFO] --- Loop 42 @ 10:47:55 IST ---
2026-08-24 05:17:55,070 [INFO] ⚠️ SBIN: missing entry_price or first_target_price, skipping
2026-08-24 05:17:55,071 [INFO] Instructions saved
2026-08-24 05:19:10,071 [INFO] --- Loop 43 @ 10:49:10 IST ---
2026-08-24 05:19:10,071 [INFO] ⚠️ SBIN: missing entry_price or first_target_price, skipping
2026-08-24 05:19:10,072 [INFO] Instructions saved
2026-08-24 05:20:25,072 [INFO] --- Loop 44 @ 10:50:25 IST ---
2026-08-24 05:20:25,072 [INFO] ⚠️ SBIN: missing entry_price or first_target_price, skipping
2026-08-24 05:20:25,073 [INFO] Instructions saved
2026-08-24 05:21:40,073 [INFO] --- Loop 45 @ 10:51:40 IST ---
2026-08-24 05:21:40,073 [INFO] ⚠️ SBIN: missing entry_price or first_target_price, skipping
2026-08-24 05:21:40,073 [INFO] Instructions saved
2026-08-24 05:22:55,074 [INFO] --- Loop 46 @ 10:52:55 IST ---
2026-08-24 05:22:55,074 [INFO] ⚠️ SBIN: missing entry_price or first_target_price, skipping
2026-08-24 05:22:55,074 [INFO] Instructions saved
2026-08-24 05:24:10,075 [INFO] --- Loop 47 @ 10:54:10 IST ---
2026-08-24 05:24:10,075 [INFO] ⚠️ SBIN: missing entry_price or first_target_price, skipping
2026-08-24 05:24:10,075 [INFO] Instructions saved
2026-08-24 05:25:25,076 [INFO] --- Loop 48 @ 10:55:25 IST ---
2026-08-24 05:25:25,076 [INFO] ⚠️ SBIN: missing entry_price or first_target_price, skipping
2026-08-24 05:25:25,076 [INFO] Instructions saved
2026-08-24 05:26:40,077 [INFO] --- Loop 49 @ 10:56:40 IST ---
2026-08-24 05:26:40,077 [INFO] ⚠️ SBIN: missing entry_price or first_target_price, skipping
2026-08-24 05:26:40,077 [INFO] Instructions saved
2026-08-24 05:27:55,077 [INFO] --- Loop 50 @ 10:57:55 IST ---
2026-08-24 05:27:55,078 [INFO] ⚠️ SBIN: missing entry_price or first_target_price, skipping
2026-08-24 05:27:55,078 [INFO] Instructions saved
2026-08-24 05:29:10,078 [INFO] --- Loop 51 @ 10:59:10 IST ---
2026-08-24 05:29:10,079 [INFO] ⚠️ SBIN: missing entry_price or first_target_price, skipping
2026-08-24 05:29:10,079 [INFO] Instructions saved
2026-08-24 05:30:25,079 [INFO] --- Loop 52 @ 11:00:25 IST ---
2026-08-24 05:30:25,080 [INFO] ⚠️ SBIN: missing entry_price or first_target_price, skipping
2026-08-24 05:30:25,080 [INFO] Instructions saved
2026-08-24 05:31:40,080 [INFO] --- Loop 53 @ 11:01:40 IST ---
2026-08-24 05:31:40,080 [INFO] ⚠️ SBIN: missing entry_price or first_target_price, skipping
2026-08-24 05:31:40,081 [INFO] Instructions saved
2026-08-24 05:32:55,081 [INFO] --- Loop 54 @ 11:02:55 IST ---
2026-08-24 05:32:55,081 [INFO] ⚠️ SBIN: missing entry_price or first_target_price, skipping
2026-08-24 05:32:55,082 [INFO] Instructions saved
2026-08-24 05:34:10,082 [INFO] --- Loop 55 @ 11:04:10 IST ---
2026-08-24 05:34:10,082 [INFO] ⚠️ SBIN: missing entry_price or first_target_price, skipping
2026-08-24 05:34:10,083 [INFO] Instructions saved
2026-08-24 05:35:25,083 [INFO] --- Loop 56 @ 11:05:25 IST ---
2026-08-24 05:35:25,083 [INFO] ⚠️ SBIN: missing entry_price or first_target_price, skipping
2026-08-24 05:35:25,084 [INFO] Instructions saved
2026-08-24 05:36:40,084 [INFO] --- Loop 57 @ 11:06:40 IST ---
2026-08-24 05:36:40,084 [INFO] ⚠️ SBIN: missing entry_price or first_target_price, skipping
2026-08-24 05:36:40,084 [INFO] Instructions saved
2026-08-24 05:37:55,085 [INFO] --- Loop 58 @ 11:07:55 IST ---
2026-08-24 05:37:55,085 [INFO] ⚠️ SBIN: missing entry_price or first_target_price, skipping
2026-08-24 05:37:55,085 [INFO] Instructions saved
2026-08-24 05:39:10,086 [INFO] --- Loop 59 @ 11:09:10 IST ---
2026-08-24 05:39:10,086 [INFO] ⚠️ SBIN: missing entry_price or first_target_price, skipping
2026-08-24 05:39:10,086 [INFO] Instructions saved
2026-08-24 05:40:25,087 [INFO] --- Loop 60 @ 11:10:25 IST ---
2026-08-24 05:40:25,087 [INFO] ⚠️ SBIN: missing entry_price or first_target_price, skipping
2026-08-24 05:40:25,087 [INFO] Instructions saved
2026-08-24 05:41:40,088 [INFO] --- Loop 61 @ 11:11:40 IST ---
2026-08-24 05:41:40,088 [INFO] ⚠️ SBIN: missing entry_price or first_target_price, skipping
2026-08-24 05:41:40,088 [INFO] Instructions saved
2026-08-24 05:42:55,088 [INFO] --- Loop 62 @ 11:12:55 IST ---
2026-08-24 05:42:55,089 [INFO] ⚠️ SBIN: missing entry_price or first_target_price, skipping
2026-08-24 05:42:55,089 [INFO] Instructions saved
2026-08-24 05:44:10,089 [INFO] --- Loop 63 @ 11:14:10 IST ---
2026-08-24 05:44:10,090 [INFO] ⚠️ SBIN: missing entry_price or first_target_price, skipping
2026-08-24 05:44:10,090 [INFO] Instructions saved
2026-08-24 05:45:25,090 [INFO] --- Loop 64 @ 11:15:25 IST ---
2026-08-24 05:45:25,090 [INFO] ⚠️ SBIN: missing entry_price or first_target_price, skipping
2026-08-24 05:45:25,091 [INFO] Instructions saved
2026-08-24 05:46:40,091 [INFO] --- Loop 65 @ 11:16:40 IST ---
2026-08-24 05:46:40,091 [INFO] ⚠️ SBIN: missing entry_price or first_target_price, skipping
2026-08-24 05:46:40,092 [INFO] Instructions saved
2026-08-24 05:47:55,092 [INFO] --- Loop 66 @ 11:17:55 IST ---
2026-08-24 05:47:55,092 [INFO] ⚠️ SBIN: missing entry_price or first_target_price, skipping
2026-08-24 05:47:55,092 [INFO] Instructions saved
2026-08-24 05:49:10,093 [INFO] --- Loop 67 @ 11:19:10 IST ---
2026-08-24 05:49:10,093 [INFO] ⚠️ SBIN: missing entry_price or first_target_price, skipping
2026-08-24 05:49:10,093 [INFO] Instructions saved
2026-08-24 05:50:25,094 [INFO] --- Loop 68 @ 11:20:25 IST ---
2026-08-24 05:50:25,094 [INFO] ⚠️ SBIN: missing entry_price or first_target_price, skipping
2026-08-24 05:50:25,094 [INFO] Instructions saved
2026-08-24 05:51:40,095 [INFO] --- Loop 69 @ 11:21:40 IST ---
2026-08-24 05:51:40,095 [INFO] ⚠️ SBIN: missing entry_price or first_target_price, skipping
2026-08-24 05:51:40,095 [INFO] Instructions saved
2026-08-24 05:52:55,096 [INFO] --- Loop 70 @ 11:22:55 IST ---
2026-08-24 05:52:55,096 [INFO] ⚠️ SBIN: missing entry_price or first_target_price, skipping
2026-08-24 05:52:55,096 [INFO] Instructions saved
2026-08-24 05:54:10,096 [INFO] --- Loop 71 @ 11:24:10 IST ---
2026-08-24 05:54:10,097 [INFO] ⚠️ SBIN: missing entry_price or first_target_price, skipping
2026-08-24 05:54:10,097 [INFO] Instructions saved
2026-08-24 05:55:25,097 [INFO] --- Loop 72 @ 11:25:25 IST ---
2026-08-24 05:55:25,098 [INFO] ⚠️ SBIN: missing entry_price or first_target_price, skipping
2026-08-24 05:55:25,098 [INFO] Instructions saved
2026-08-24 05:56:40,098 [INFO] --- Loop 73 @ 11:26:40 IST ---
2026-08-24 05:56:40,098 [INFO] ⚠️ SBIN: missing entry_price or first_target_price, skipping
2026-08-24 05:56:40,099 [INFO] Instructions saved
2026-08-24 05:57:55,099 [INFO] --- Loop 74 @ 11:27:55 IST ---
2026-08-24 05:57:55,099 [INFO] ⚠️ SBIN: missing entry_price or first_target_price, skipping
2026-08-24 05:57:55,100 [INFO] Instructions saved
2026-08-24 05:59:10,100 [INFO] --- Loop 75 @ 11:29:10 IST ---
2026-08-24 05:59:10,100 [INFO] ⚠️ SBIN: missing entry_price or first_target_price, skipping
2026-08-24 05:59:10,101 [INFO] Instructions saved
2026-08-24 06:00:25,101 [INFO] --- Loop 76 @ 11:30:25 IST ---
2026-08-24 06:00:25,101 [INFO] ⚠️ SBIN: missing entry_price or first_target_price, skipping
2026-08-24 06:00:25,102 [INFO] Instructions saved
2026-08-24 06:01:40,102 [INFO] --- Loop 77 @ 11:31:40 IST ---
2026-08-24 06:01:40,102 [INFO] ⚠️ SBIN: missing entry_price or first_target_price, skipping
2026-08-24 06:01:40,103 [INFO] Instructions saved
2026-08-24 06:02:55,103 [INFO] --- Loop 78 @ 11:32:55 IST ---
2026-08-24 06:02:55,103 [INFO] ⚠️ SBIN: missing entry_price or first_target_price, skipping
2026-08-24 06:02:55,103 [INFO] Instructions saved
2026-08-24 06:04:10,104 [INFO] --- Loop 79 @ 11:34:10 IST ---
2026-08-24 06:04:10,104 [INFO] ⚠️ SBIN: missing entry_price or first_target_price, skipping
2026-08-24 06:04:10,104 [INFO] Instructions saved
2026-08-24 06:05:25,105 [INFO] --- Loop 80 @ 11:35:25 IST ---
2026-08-24 06:05:25,105 [INFO] ⚠️ SBIN: missing entry_price or first_target_price, skipping
2026-08-24 06:05:25,105 [INFO] Instructions saved
2026-08-24 06:06:40,105 [INFO] --- Loop 81 @ 11:36:40 IST ---
2026-08-24 06:06:40,106 [INFO] ⚠️ SBIN: missing entry_price or first_target_price, skipping
2026-08-24 06:06:40,106 [INFO] Instructions saved
2026-08-24 06:07:55,106 [INFO] --- Loop 82 @ 11:37:55 IST ---
2026-08-24 06:07:55,107 [INFO] ⚠️ SBIN: missing entry_price or first_target_price, skipping
2026-08-24 06:07:55,107 [INFO] Instructions saved
2026-08-24 06:09:10,107 [INFO] --- Loop 83 @ 11:39:10 IST ---
2026-08-24 06:09:10,108 [INFO] ⚠️ SBIN: missing entry_price or first_target_price, skipping
2026-08-24 06:09:10,108 [INFO] Instructions saved
2026-08-24 06:10:25,108 [INFO] --- Loop 84 @ 11:40:25 IST ---
2026-08-24 06:10:25,108 [INFO] ⚠️ SBIN: missing entry_price or first_target_price, skipping
2026-08-24 06:10:25,109 [INFO] Instructions saved
2026-08-24 06:11:40,109 [INFO] --- Loop 85 @ 11:41:40 IST ---
2026-08-24 06:11:40,109 [INFO] ⚠️ SBIN: missing entry_price or first_target_price, skipping
2026-08-24 06:11:40,110 [INFO] Instructions saved
2026-08-24 06:12:55,110 [INFO] --- Loop 86 @ 11:42:55 IST ---
2026-08-24 06:12:55,110 [INFO] ⚠️ SBIN: missing entry_price or first_target_price, skipping
2026-08-24 06:12:55,111 [INFO] Instructions saved
2026-08-24 06:14:10,111 [INFO] --- Loop 87 @ 11:44:10 IST ---
2026-08-24 06:14:10,111 [INFO] ⚠️ SBIN: missing entry_price or first_target_price, skipping
2026-08-24 06:14:10,112 [INFO] Instructions saved
2026-08-24 06:15:25,112 [INFO] --- Loop 88 @ 11:45:25 IST ---
2026-08-24 06:15:25,112 [INFO] ⚠️ SBIN: missing entry_price or first_target_price, skipping
2026-08-24 06:15:25,113 [INFO] Instructions saved
2026-08-24 06:16:40,113 [INFO] --- Loop 89 @ 11:46:40 IST ---
2026-08-24 06:16:40,113 [INFO] ⚠️ SBIN: missing entry_price or first_target_price, skipping
2026-08-24 06:16:40,114 [INFO] Instructions saved
2026-08-24 06:17:55,114 [INFO] --- Loop 90 @ 11:47:55 IST ---
2026-08-24 06:17:55,114 [INFO] ⚠️ SBIN: missing entry_price or first_target_price, skipping
2026-08-24 06:17:55,114 [INFO] Instructions saved
2026-08-24 06:19:10,115 [INFO] --- Loop 91 @ 11:49:10 IST ---
2026-08-24 06:19:10,115 [INFO] ⚠️ SBIN: missing entry_price or first_target_price, skipping
2026-08-24 06:19:10,115 [INFO] Instructions saved
2026-08-24 06:20:25,116 [INFO] --- Loop 92 @ 11:50:25 IST ---
2026-08-24 06:20:25,116 [INFO] ⚠️ SBIN: missing entry_price or first_target_price, skipping
2026-08-24 06:20:25,116 [INFO] Instructions saved
2026-08-24 06:21:40,117 [INFO] --- Loop 93 @ 11:51:40 IST ---
2026-08-24 06:21:40,117 [INFO] ⚠️ SBIN: missing entry_price or first_target_price, skipping
2026-08-24 06:21:40,117 [INFO] Instructions saved
2026-08-24 06:22:55,118 [INFO] --- Loop 94 @ 11:52:55 IST ---
2026-08-24 06:22:55,118 [INFO] ⚠️ SBIN: missing entry_price or first_target_price, skipping
2026-08-24 06:22:55,118 [INFO] Instructions saved
2026-08-24 06:24:10,118 [INFO] --- Loop 95 @ 11:54:10 IST ---
2026-08-24 06:24:10,119 [INFO] ⚠️ SBIN: missing entry_price or first_target_price, skipping
2026-08-24 06:24:10,119 [INFO] Instructions saved
2026-08-24 06:25:25,119 [INFO] --- Loop 96 @ 11:55:25 IST ---
2026-08-24 06:25:25,120 [INFO] ⚠️ SBIN: missing entry_price or first_target_price, skipping
2026-08-24 06:25:25,120 [INFO] Instructions saved
2026-08-24 06:26:40,120 [INFO] --- Loop 97 @ 11:56:40 IST ---
2026-08-24 06:26:40,121 [INFO] ⚠️ SBIN: missing entry_price or first_target_price, skipping
2026-08-24 06:26:40,121 [INFO] Instructions saved
2026-08-24 06:27:55,121 [INFO] --- Loop 98 @ 11:57:55 IST ---
2026-08-24 06:27:55,121 [INFO] ⚠️ SBIN: missing entry_price or first_target_price, skipping
2026-08-24 06:27:55,122 [INFO] Instructions saved
2026-08-24 06:29:10,122 [INFO] --- Loop 99 @ 11:59:10 IST ---
2026-08-24 06:29:10,122 [INFO] ⚠️ SBIN: missing entry_price or first_target_price, skipping
2026-08-24 06:29:10,123 [INFO] Instructions saved
2026-08-24 06:30:25,123 [INFO] --- Loop 100 @ 12:00:25 IST ---
2026-08-24 06:30:25,123 [INFO] ⚠️ SBIN: missing entry_price or first_target_price, skipping
2026-08-24 06:30:25,124 [INFO] Instructions saved
2026-08-24 06:31:40,124 [INFO] --- Loop 101 @ 12:01:40 IST ---
2026-08-24 06:31:40,124 [INFO] ⚠️ SBIN: missing entry_price or first_target_price, skipping
2026-08-24 06:31:40,125 [INFO] Instructions saved
2026-08-24 06:32:55,125 [INFO] --- Loop 102 @ 12:02:55 IST ---
2026-08-24 06:32:55,125 [INFO] ⚠️ SBIN: missing entry_price or first_target_price, skipping
2026-08-24 06:32:55,125 [INFO] Instructions saved
2026-08-24 06:34:10,126 [INFO] --- Loop 103 @ 12:04:10 IST ---
2026-08-24 06:34:10,126 [INFO] ⚠️ SBIN: missing entry_price or first_target_price, skipping
2026-08-24 06:34:10,126 [INFO] Instructions saved
2026-08-24 06:35:25,127 [INFO] --- Loop 104 @ 12:05:25 IST ---
2026-08-24 06:35:25,127 [INFO] ⚠️ SBIN: missing entry_price or first_target_price, skipping
2026-08-24 06:35:25,127 [INFO] Instructions saved
2026-08-24 06:36:40,127 [INFO] --- Loop 105 @ 12:06:40 IST ---
2026-08-24 06:36:40,128 [INFO] ⚠️ SBIN: missing entry_price or first_target_price, skipping
2026-08-24 06:36:40,128 [INFO] Instructions saved
2026-08-24 06:37:55,128 [INFO] --- Loop 106 @ 12:07:55 IST ---
2026-08-24 06:37:55,129 [INFO] ⚠️ SBIN: missing entry_price or first_target_price, skipping
2026-08-24 06:37:55,129 [INFO] Instructions saved
2026-08-24 06:39:10,129 [INFO] --- Loop 107 @ 12:09:10 IST ---
2026-08-24 06:39:10,129 [INFO] ⚠️ SBIN: missing entry_price or first_target_price, skipping
2026-08-24 06:39:10,130 [INFO] Instructions saved
2026-08-24 06:40:25,130 [INFO] --- Loop 108 @ 12:10:25 IST ---
2026-08-24 06:40:25,130 [INFO] ⚠️ SBIN: missing entry_price or first_target_price, skipping
2026-08-24 06:40:25,131 [INFO] Instructions saved
2026-08-24 06:41:40,131 [INFO] --- Loop 109 @ 12:11:40 IST ---
2026-08-24 06:41:40,131 [INFO] ⚠️ SBIN: missing entry_price or first_target_price, skipping
2026-08-24 06:41:40,132 [INFO] Instructions saved
2026-08-24 06:42:55,132 [INFO] --- Loop 110 @ 12:12:55 IST ---
2026-08-24 06:42:55,132 [INFO] ⚠️ SBIN: missing entry_price or first_target_price, skipping
2026-08-24 06:42:55,133 [INFO] Instructions saved
2026-08-24 06:44:10,133 [INFO] --- Loop 111 @ 12:14:10 IST ---
2026-08-24 06:44:10,133 [INFO] ⚠️ SBIN: missing entry_price or first_target_price, skipping
2026-08-24 06:44:10,134 [INFO] Instructions saved
2026-08-24 06:45:25,134 [INFO] --- Loop 112 @ 12:15:25 IST ---
2026-08-24 06:45:25,134 [INFO] ⚠️ SBIN: missing entry_price or first_target_price, skipping
2026-08-24 06:45:25,134 [INFO] Instructions saved
2026-08-24 06:46:40,135 [INFO] --- Loop 113 @ 12:16:40 IST ---
2026-08-24 06:46:40,135 [INFO] ⚠️ SBIN: missing entry_price or first_target_price, skipping
2026-08-24 06:46:40,135 [INFO] Instructions saved
2026-08-24 06:47:55,136 [INFO] --- Loop 114 @ 12:17:55 IST ---
2026-08-24 06:47:55,136 [INFO] ⚠️ SBIN: missing entry_price or first_target_price, skipping
2026-08-24 06:47:55,136 [INFO] Instructions saved
2026-08-24 06:49:10,136 [INFO] --- Loop 115 @ 12:19:10 IST ---
2026-08-24 06:49:10,137 [INFO] ⚠️ SBIN: missing entry_price or first_target_price, skipping
2026-08-24 06:49:10,137 [INFO] Instructions saved
2026-08-24 06:50:25,137 [INFO] --- Loop 116 @ 12:20:25 IST ---
2026-08-24 06:50:25,138 [INFO] ⚠️ SBIN: missing entry_price or first_target_price, skipping
2026-08-24 06:50:25,138 [INFO] Instructions saved
2026-08-24 06:51:40,138 [INFO] --- Loop 117 @ 12:21:40 IST ---
2026-08-24 06:51:40,138 [INFO] ⚠️ SBIN: missing entry_price or first_target_price, skipping
2026-08-24 06:51:40,139 [INFO] Instructions saved
2026-08-24 06:52:55,139 [INFO] --- Loop 118 @ 12:22:55 IST ---
2026-08-24 06:52:55,139 [INFO] ⚠️ SBIN: missing entry_price or first_target_price, skipping
2026-08-24 06:52:55,140 [INFO] Instructions saved
2026-08-24 06:54:10,140 [INFO] --- Loop 119 @ 12:24:10 IST ---
2026-08-24 06:54:10,140 [INFO] ⚠️ SBIN: missing entry_price or first_target_price, skipping
2026-08-24 06:54:10,141 [INFO] Instructions saved
2026-08-24 06:55:25,141 [INFO] --- Loop 120 @ 12:25:25 IST ---
2026-08-24 06:55:25,141 [INFO] ⚠️ SBIN: missing entry_price or first_target_price, skipping
2026-08-24 06:55:25,142 [INFO] Instructions saved
2026-08-24 06:56:40,142 [INFO] --- Loop 121 @ 12:26:40 IST ---
2026-08-24 06:56:40,142 [INFO] ⚠️ SBIN: missing entry_price or first_target_price, skipping
2026-08-24 06:56:40,142 [INFO] Instructions saved
2026-08-24 06:57:55,143 [INFO] --- Loop 122 @ 12:27:55 IST ---
2026-08-24 06:57:55,143 [INFO] ⚠️ SBIN: missing entry_price or first_target_price, skipping
2026-08-24 06:57:55,143 [INFO] Instructions saved
2026-08-24 06:59:10,144 [INFO] --- Loop 123 @ 12:29:10 IST ---
2026-08-24 06:59:10,144 [INFO] ⚠️ SBIN: missing entry_price or first_target_price, skipping
2026-08-24 06:59:10,144 [INFO] Instructions saved
2026-08-24 07:00:25,144 [INFO] --- Loop 124 @ 12:30:25 IST ---
2026-08-24 07:00:25,145 [INFO] ⚠️ SBIN: missing entry_price or first_target_price, skipping
2026-08-24 07:00:25,145 [INFO] Instructions saved
2026-08-24 07:01:40,145 [INFO] --- Loop 125 @ 12:31:40 IST ---
2026-08-24 07:01:40,145 [INFO] ⚠️ SBIN: missing entry_price or first_target_price, skipping
2026-08-24 07:01:40,146 [INFO] Instructions saved
2026-08-24 07:02:55,146 [INFO] --- Loop 126 @ 12:32:55 IST ---
2026-08-24 07:02:55,146 [INFO] ⚠️ SBIN: missing entry_price or first_target_price, skipping
2026-08-24 07:02:55,147 [INFO] Instructions saved
2026-08-24 07:04:10,147 [INFO] --- Loop 127 @ 12:34:10 IST ---
2026-08-24 07:04:10,147 [INFO] ⚠️ SBIN: missing entry_price or first_target_price, skipping
2026-08-24 07:04:10,148 [INFO] Instructions saved
2026-08-24 07:05:25,148 [INFO] --- Loop 128 @ 12:35:25 IST ---
2026-08-24 07:05:25,148 [INFO] ⚠️ SBIN: missing entry_price or first_target_price, skipping
2026-08-24 07:05:25,149 [INFO] Instructions saved
2026-08-24 07:06:40,149 [INFO] --- Loop 129 @ 12:36:40 IST ---
2026-08-24 07:06:40,149 [INFO] ⚠️ SBIN: missing entry_price or first_target_price, skipping
2026-08-24 07:06:40,150 [INFO] Instructions saved
2026-08-24 07:07:55,150 [INFO] --- Loop 130 @ 12:37:55 IST ---
2026-08-24 07:07:55,150 [INFO] ⚠️ SBIN: missing entry_price or first_target_price, skipping
2026-08-24 07:07:55,151 [INFO] Instructions saved
2026-08-24 07:09:10,151 [INFO] --- Loop 131 @ 12:39:10 IST ---
2026-08-24 07:09:10,151 [INFO] ⚠️ SBIN: missing entry_price or first_target_price, skipping
2026-08-24 07:09:10,152 [INFO] Instructions saved
2026-08-24 07:10:25,152 [INFO] --- Loop 132 @ 12:40:25 IST ---
2026-08-24 07:10:25,152 [INFO] ⚠️ SBIN: missing entry_price or first_target_price, skipping
2026-08-24 07:10:25,153 [INFO] Instructions saved
2026-08-24 07:11:40,153 [INFO] --- Loop 133 @ 12:41:40 IST ---
2026-08-24 07:11:40,153 [INFO] ⚠️ SBIN: missing entry_price or first_target_price, skipping
2026-08-24 07:11:40,154 [INFO] Instructions saved
2026-08-24 07:12:55,154 [INFO] --- Loop 134 @ 12:42:55 IST ---
2026-08-24 07:12:55,154 [INFO] ⚠️ SBIN: missing entry_price or first_target_price, skipping
2026-08-24 07:12:55,154 [INFO] Instructions saved
2026-08-24 07:14:10,155 [INFO] --- Loop 135 @ 12:44:10 IST ---
2026-08-24 07:14:10,155 [INFO] ⚠️ SBIN: missing entry_price or first_target_price, skipping
2026-08-24 07:14:10,155 [INFO] Instructions saved
2026-08-24 07:15:25,155 [INFO] --- Loop 136 @ 12:45:25 IST ---
2026-08-24 07:15:25,156 [INFO] ⚠️ SBIN: missing entry_price or first_target_price, skipping
2026-08-24 07:15:25,156 [INFO] Instructions saved
2026-08-24 07:16:40,156 [INFO] --- Loop 137 @ 12:46:40 IST ---
2026-08-24 07:16:40,157 [INFO] ⚠️ SBIN: missing entry_price or first_target_price, skipping
2026-08-24 07:16:40,157 [INFO] Instructions saved
2026-08-24 07:17:55,157 [INFO] --- Loop 138 @ 12:47:55 IST ---
2026-08-24 07:17:55,157 [INFO] ⚠️ SBIN: missing entry_price or first_target_price, skipping
2026-08-24 07:17:55,158 [INFO] Instructions saved
2026-08-24 07:19:10,158 [INFO] --- Loop 139 @ 12:49:10 IST ---
2026-08-24 07:19:10,158 [INFO] ⚠️ SBIN: missing entry_price or first_target_price, skipping
2026-08-24 07:19:10,159 [INFO] Instructions saved
2026-08-24 07:20:25,159 [INFO] --- Loop 140 @ 12:50:25 IST ---
2026-08-24 07:20:25,159 [INFO] ⚠️ SBIN: missing entry_price or first_target_price, skipping
2026-08-24 07:20:25,160 [INFO] Instructions saved
2026-08-24 07:21:40,160 [INFO] --- Loop 141 @ 12:51:40 IST ---
2026-08-24 07:21:40,160 [INFO] ⚠️ SBIN: missing entry_price or first_target_price, skipping
2026-08-24 07:21:40,160 [INFO] Instructions saved
2026-08-24 07:22:55,161 [INFO] --- Loop 142 @ 12:52:55 IST ---
2026-08-24 07:22:55,161 [INFO] ⚠️ SBIN: missing entry_price or first_target_price, skipping
2026-08-24 07:22:55,161 [INFO] Instructions saved
2026-08-24 07:24:10,161 [INFO] --- Loop 143 @ 12:54:10 IST ---
2026-08-24 07:24:10,162 [INFO] ⚠️ SBIN: missing entry_price or first_target_price, skipping
2026-08-24 07:24:10,162 [INFO] Instructions saved
2026-08-24 07:25:25,162 [INFO] --- Loop 144 @ 12:55:25 IST ---
2026-08-24 07:25:25,162 [INFO] ⚠️ SBIN: missing entry_price or first_target_price, skipping
2026-08-24 07:25:25,163 [INFO] Instructions saved
2026-08-24 07:26:40,163 [INFO] --- Loop 145 @ 12:56:40 IST ---
2026-08-24 07:26:40,163 [INFO] ⚠️ SBIN: missing entry_price or first_target_price, skipping
2026-08-24 07:26:40,164 [INFO] Instructions saved
2026-08-24 07:27:55,164 [INFO] --- Loop 146 @ 12:57:55 IST ---
2026-08-24 07:27:55,164 [INFO] ⚠️ SBIN: missing entry_price or first_target_price, skipping
2026-08-24 07:27:55,164 [INFO] Instructions saved
2026-08-24 07:29:10,165 [INFO] --- Loop 147 @ 12:59:10 IST ---
2026-08-24 07:29:10,165 [INFO] ⚠️ SBIN: missing entry_price or first_target_price, skipping
2026-08-24 07:29:10,165 [INFO] Instructions saved
2026-08-24 07:30:25,166 [INFO] --- Loop 148 @ 13:00:25 IST ---
2026-08-24 07:30:25,166 [INFO] ⚠️ SBIN: missing entry_price or first_target_price, skipping
2026-08-24 07:30:25,166 [INFO] Instructions saved
2026-08-24 07:31:40,166 [INFO] --- Loop 149 @ 13:01:40 IST ---
2026-08-24 07:31:40,167 [INFO] ⚠️ SBIN: missing entry_price or first_target_price, skipping
2026-08-24 07:31:40,167 [INFO] Instructions saved
2026-08-24 07:32:55,167 [INFO] --- Loop 150 @ 13:02:55 IST ---
2026-08-24 07:32:55,167 [INFO] ⚠️ SBIN: missing entry_price or first_target_price, skipping
2026-08-24 07:32:55,168 [INFO] Instructions saved
2026-08-24 07:34:10,168 [INFO] --- Loop 151 @ 13:04:10 IST ---
2026-08-24 07:34:10,168 [INFO] ⚠️ SBIN: missing entry_price or first_target_price, skipping
2026-08-24 07:34:10,169 [INFO] Instructions saved
2026-08-24 07:35:25,169 [INFO] --- Loop 152 @ 13:05:25 IST ---
2026-08-24 07:35:25,169 [INFO] ⚠️ SBIN: missing entry_price or first_target_price, skipping
2026-08-24 07:35:25,170 [INFO] Instructions saved
2026-08-24 07:36:40,170 [INFO] --- Loop 153 @ 13:06:40 IST ---
2026-08-24 07:36:40,170 [INFO] ⚠️ SBIN: missing entry_price or first_target_price, skipping
2026-08-24 07:36:40,171 [INFO] Instructions saved
2026-08-24 07:37:55,171 [INFO] --- Loop 154 @ 13:07:55 IST ---
2026-08-24 07:37:55,171 [INFO] ⚠️ SBIN: missing entry_price or first_target_price, skipping
2026-08-24 07:37:55,171 [INFO] Instructions saved
2026-08-24 07:39:10,172 [INFO] --- Loop 155 @ 13:09:10 IST ---
2026-08-24 07:39:10,172 [INFO] ⚠️ SBIN: missing entry_price or first_target_price, skipping
2026-08-24 07:39:10,172 [INFO] Instructions saved
2026-08-24 07:40:25,173 [INFO] --- Loop 156 @ 13:10:25 IST ---
2026-08-24 07:40:25,173 [INFO] ⚠️ SBIN: missing entry_price or first_target_price, skipping
2026-08-24 07:40:25,173 [INFO] Instructions saved
2026-08-24 07:41:40,174 [INFO] --- Loop 157 @ 13:11:40 IST ---
2026-08-24 07:41:40,174 [INFO] ⚠️ SBIN: missing entry_price or first_target_price, skipping
2026-08-24 07:41:40,174 [INFO] Instructions saved
2026-08-24 07:42:55,174 [INFO] --- Loop 158 @ 13:12:55 IST ---
2026-08-24 07:42:55,175 [INFO] ⚠️ SBIN: missing entry_price or first_target_price, skipping
2026-08-24 07:42:55,175 [INFO] Instructions saved
2026-08-24 07:44:10,175 [INFO] --- Loop 159 @ 13:14:10 IST ---
2026-08-24 07:44:10,176 [INFO] ⚠️ SBIN: missing entry_price or first_target_price, skipping
2026-08-24 07:44:10,176 [INFO] Instructions saved
2026-08-24 07:45:25,176 [INFO] --- Loop 160 @ 13:15:25 IST ---
2026-08-24 07:45:25,176 [INFO] ⚠️ SBIN: missing entry_price or first_target_price, skipping
2026-08-24 07:45:25,177 [INFO] Instructions saved
2026-08-24 07:46:40,177 [INFO] --- Loop 161 @ 13:16:40 IST ---
2026-08-24 07:46:40,177 [INFO] ⚠️ SBIN: missing entry_price or first_target_price, skipping
2026-08-24 07:46:40,178 [INFO] Instructions saved
2026-08-24 07:47:55,178 [INFO] --- Loop 162 @ 13:17:55 IST ---
2026-08-24 07:47:55,178 [INFO] ⚠️ SBIN: missing entry_price or first_target_price, skipping
2026-08-24 07:47:55,179 [INFO] Instructions saved
2026-08-24 07:49:10,179 [INFO] --- Loop 163 @ 13:19:10 IST ---
2026-08-24 07:49:10,179 [INFO] ⚠️ SBIN: missing entry_price or first_target_price, skipping
2026-08-24 07:49:10,180 [INFO] Instructions saved
2026-08-24 07:50:25,180 [INFO] --- Loop 164 @ 13:20:25 IST ---
2026-08-24 07:50:25,180 [INFO] ⚠️ SBIN: missing entry_price or first_target_price, skipping
2026-08-24 07:50:25,180 [INFO] Instructions saved
2026-08-24 07:51:40,181 [INFO] --- Loop 165 @ 13:21:40 IST ---
2026-08-24 07:51:40,181 [INFO] ⚠️ SBIN: missing entry_price or first_target_price, skipping
2026-08-24 07:51:40,181 [INFO] Instructions saved
2026-08-24 07:52:55,181 [INFO] --- Loop 166 @ 13:22:55 IST ---
2026-08-24 07:52:55,182 [INFO] ⚠️ SBIN: missing entry_price or first_target_price, skipping
2026-08-24 07:52:55,182 [INFO] Instructions saved
2026-08-24 07:54:10,182 [INFO] --- Loop 167 @ 13:24:10 IST ---
2026-08-24 07:54:10,183 [INFO] ⚠️ SBIN: missing entry_price or first_target_price, skipping
2026-08-24 07:54:10,183 [INFO] Instructions saved
2026-08-24 07:55:25,183 [INFO] --- Loop 168 @ 13:25:25 IST ---
2026-08-24 07:55:25,183 [INFO] ⚠️ SBIN: missing entry_price or first_target_price, skipping
2026-08-24 07:55:25,184 [INFO] Instructions saved
2026-08-24 07:56:40,184 [INFO] --- Loop 169 @ 13:26:40 IST ---
2026-08-24 07:56:40,184 [INFO] ⚠️ SBIN: missing entry_price or first_target_price, skipping
2026-08-24 07:56:40,185 [INFO] Instructions saved
2026-08-24 07:57:55,185 [INFO] --- Loop 170 @ 13:27:55 IST ---
2026-08-24 07:57:55,185 [INFO] ⚠️ SBIN: missing entry_price or first_target_price, skipping
2026-08-24 07:57:55,186 [INFO] Instructions saved
2026-08-24 07:59:10,186 [INFO] --- Loop 171 @ 13:29:10 IST ---
2026-08-24 07:59:10,186 [INFO] ⚠️ SBIN: missing entry_price or first_target_price, skipping
2026-08-24 07:59:10,187 [INFO] Instructions saved
2026-08-24 08:00:25,187 [INFO] --- Loop 172 @ 13:30:25 IST ---
2026-08-24 08:00:25,187 [INFO] ⚠️ SBIN: missing entry_price or first_target_price, skipping
2026-08-24 08:00:25,187 [INFO] Instructions saved
2026-08-24 08:01:40,188 [INFO] --- Loop 173 @ 13:31:40 IST ---
2026-08-24 08:01:40,188 [INFO] ⚠️ SBIN: missing entry_price or first_target_price, skipping
2026-08-24 08:01:40,188 [INFO] Instructions saved
2026-08-24 08:02:55,189 [INFO] --- Loop 174 @ 13:32:55 IST ---
2026-08-24 08:02:55,189 [INFO] ⚠️ SBIN: missing entry_price or first_target_price, skipping
2026-08-24 08:02:55,189 [INFO] Instructions saved
2026-08-24 08:04:10,190 [INFO] --- Loop 175 @ 13:34:10 IST ---
2026-08-24 08:04:10,190 [INFO] ⚠️ SBIN: missing entry_price or first_target_price, skipping
2026-08-24 08:04:10,190 [INFO] Instructions saved
2026-08-24 08:05:25,190 [INFO] --- Loop 176 @ 13:35:25 IST ---
2026-08-24 08:05:25,191 [INFO] ⚠️ SBIN: missing entry_price or first_target_price, skipping
2026-08-24 08:05:25,191 [INFO] Instructions saved
2026-08-24 08:06:40,191 [INFO] --- Loop 177 @ 13:36:40 IST ---
2026-08-24 08:06:40,192 [INFO] ⚠️ SBIN: missing entry_price or first_target_price, skipping
2026-08-24 08:06:40,192 [INFO] Instructions saved
2026-08-24 08:07:55,192 [INFO] --- Loop 178 @ 13:37:55 IST ---
2026-08-24 08:07:55,192 [INFO] ⚠️ SBIN: missing entry_price or first_target_price, skipping
2026-08-24 08:07:55,193 [INFO] Instructions saved
2026-08-24 08:09:10,193 [INFO] --- Loop 179 @ 13:39:10 IST ---
2026-08-24 08:09:10,193 [INFO] ⚠️ SBIN: missing entry_price or first_target_price, skipping
2026-08-24 08:09:10,193 [INFO] Instructions saved
2026-08-24 08:10:25,194 [INFO] --- Loop 180 @ 13:40:25 IST ---
2026-08-24 08:10:25,194 [INFO] ⚠️ SBIN: missing entry_price or first_target_price, skipping
2026-08-24 08:10:25,194 [INFO] Instructions saved
2026-08-24 08:11:40,195 [INFO] --- Loop 181 @ 13:41:40 IST ---
2026-08-24 08:11:40,195 [INFO] ⚠️ SBIN: missing entry_price or first_target_price, skipping
2026-08-24 08:11:40,195 [INFO] Instructions saved
2026-08-24 08:12:55,195 [INFO] --- Loop 182 @ 13:42:55 IST ---
2026-08-24 08:12:55,196 [INFO] ⚠️ SBIN: missing entry_price or first_target_price, skipping
2026-08-24 08:12:55,196 [INFO] Instructions saved
2026-08-24 08:14:10,196 [INFO] --- Loop 183 @ 13:44:10 IST ---
2026-08-24 08:14:10,196 [INFO] ⚠️ SBIN: missing entry_price or first_target_price, skipping
2026-08-24 08:14:10,197 [INFO] Instructions saved
2026-08-24 08:15:25,197 [INFO] --- Loop 184 @ 13:45:25 IST ---
2026-08-24 08:15:25,197 [INFO] ⚠️ SBIN: missing entry_price or first_target_price, skipping
2026-08-24 08:15:25,198 [INFO] Instructions saved
2026-08-24 08:16:40,198 [INFO] --- Loop 185 @ 13:46:40 IST ---
2026-08-24 08:16:40,198 [INFO] ⚠️ SBIN: missing entry_price or first_target_price, skipping
2026-08-24 08:16:40,199 [INFO] Instructions saved
2026-08-24 08:17:55,199 [INFO] --- Loop 186 @ 13:47:55 IST ---
2026-08-24 08:17:55,199 [INFO] ⚠️ SBIN: missing entry_price or first_target_price, skipping
2026-08-24 08:17:55,199 [INFO] Instructions saved
2026-08-24 08:19:10,200 [INFO] --- Loop 187 @ 13:49:10 IST ---
2026-08-24 08:19:10,200 [INFO] ⚠️ SBIN: missing entry_price or first_target_price, skipping
2026-08-24 08:19:10,200 [INFO] Instructions saved
2026-08-24 08:20:25,201 [INFO] --- Loop 188 @ 13:50:25 IST ---
2026-08-24 08:20:25,201 [INFO] ⚠️ SBIN: missing entry_price or first_target_price, skipping
2026-08-24 08:20:25,201 [INFO] Instructions saved
2026-08-24 08:21:40,201 [INFO] --- Loop 189 @ 13:51:40 IST ---
2026-08-24 08:21:40,202 [INFO] ⚠️ SBIN: missing entry_price or first_target_price, skipping
2026-08-24 08:21:40,202 [INFO] Instructions saved
2026-08-24 08:22:55,202 [INFO] --- Loop 190 @ 13:52:55 IST ---
2026-08-24 08:22:55,203 [INFO] ⚠️ SBIN: missing entry_price or first_target_price, skipping
2026-08-24 08:22:55,203 [INFO] Instructions saved
2026-08-24 08:24:10,203 [INFO] --- Loop 191 @ 13:54:10 IST ---
2026-08-24 08:24:10,203 [INFO] ⚠️ SBIN: missing entry_price or first_target_price, skipping
2026-08-24 08:24:10,204 [INFO] Instructions saved
2026-08-24 08:25:25,204 [INFO] --- Loop 192 @ 13:55:25 IST ---
2026-08-24 08:25:25,204 [INFO] ⚠️ SBIN: missing entry_price or first_target_price, skipping
2026-08-24 08:25:25,205 [INFO] Instructions saved
2026-08-24 08:26:40,205 [INFO] --- Loop 193 @ 13:56:40 IST ---
2026-08-24 08:26:40,205 [INFO] ⚠️ SBIN: missing entry_price or first_target_price, skipping
2026-08-24 08:26:40,206 [INFO] Instructions saved
2026-08-24 08:27:55,206 [INFO] --- Loop 194 @ 13:57:55 IST ---
2026-08-24 08:27:55,206 [INFO] ⚠️ SBIN: missing entry_price or first_target_price, skipping
2026-08-24 08:27:55,207 [INFO] Instructions saved
2026-08-24 08:29:10,207 [INFO] --- Loop 195 @ 13:59:10 IST ---
2026-08-24 08:29:10,207 [INFO] ⚠️ SBIN: missing entry_price or first_target_price, skipping
2026-08-24 08:29:10,207 [INFO] Instructions saved
2026-08-24 08:30:25,208 [INFO] --- Loop 196 @ 14:00:25 IST ---
2026-08-24 08:30:25,208 [INFO] ⚠️ SBIN: missing entry_price or first_target_price, skipping
2026-08-24 08:30:25,208 [INFO] Instructions saved
2026-08-24 08:31:40,209 [INFO] --- Loop 197 @ 14:01:40 IST ---
2026-08-24 08:31:40,209 [INFO] ⚠️ SBIN: missing entry_price or first_target_price, skipping
2026-08-24 08:31:40,209 [INFO] Instructions saved
2026-08-24 08:32:55,210 [INFO] --- Loop 198 @ 14:02:55 IST ---
2026-08-24 08:32:55,210 [INFO] ⚠️ SBIN: missing entry_price or first_target_price, skipping
2026-08-24 08:32:55,210 [INFO] Instructions saved
2026-08-24 08:34:10,211 [INFO] --- Loop 199 @ 14:04:10 IST ---
2026-08-24 08:34:10,211 [INFO] ⚠️ SBIN: missing entry_price or first_target_price, skipping
2026-08-24 08:34:10,211 [INFO] Instructions saved
2026-08-24 08:35:25,211 [INFO] --- Loop 200 @ 14:05:25 IST ---
2026-08-24 08:35:25,212 [INFO] ⚠️ SBIN: missing entry_price or first_target_price, skipping
2026-08-24 08:35:25,212 [INFO] Instructions saved
2026-08-24 08:36:40,212 [INFO] --- Loop 201 @ 14:06:40 IST ---
2026-08-24 08:36:40,212 [INFO] ⚠️ SBIN: missing entry_price or first_target_price, skipping
2026-08-24 08:36:40,213 [INFO] Instructions saved
2026-08-24 08:37:55,213 [INFO] --- Loop 202 @ 14:07:55 IST ---
2026-08-24 08:37:55,213 [INFO] ⚠️ SBIN: missing entry_price or first_target_price, skipping
2026-08-24 08:37:55,214 [INFO] Instructions saved
2026-08-24 08:39:10,214 [INFO] --- Loop 203 @ 14:09:10 IST ---
2026-08-24 08:39:10,214 [INFO] ⚠️ SBIN: missing entry_price or first_target_price, skipping
2026-08-24 08:39:10,215 [INFO] Instructions saved
2026-08-24 08:40:25,215 [INFO] --- Loop 204 @ 14:10:25 IST ---
2026-08-24 08:40:25,215 [INFO] ⚠️ SBIN: missing entry_price or first_target_price, skipping
2026-08-24 08:40:25,216 [INFO] Instructions saved
2026-08-24 08:41:40,216 [INFO] --- Loop 205 @ 14:11:40 IST ---
2026-08-24 08:41:40,216 [INFO] ⚠️ SBIN: missing entry_price or first_target_price, skipping
2026-08-24 08:41:40,217 [INFO] Instructions saved
2026-08-24 08:42:55,217 [INFO] --- Loop 206 @ 14:12:55 IST ---
2026-08-24 08:42:55,217 [INFO] ⚠️ SBIN: missing entry_price or first_target_price, skipping
2026-08-24 08:42:55,217 [INFO] Instructions saved
2026-08-24 08:44:10,218 [INFO] --- Loop 207 @ 14:14:10 IST ---
2026-08-24 08:44:10,218 [INFO] ⚠️ SBIN: missing entry_price or first_target_price, skipping
2026-08-24 08:44:10,218 [INFO] Instructions saved
2026-08-24 08:45:25,218 [INFO] --- Loop 208 @ 14:15:25 IST ---
2026-08-24 08:45:25,219 [INFO] ⚠️ SBIN: missing entry_price or first_target_price, skipping
2026-08-24 08:45:25,219 [INFO] Instructions saved
2026-08-24 08:46:40,219 [INFO] --- Loop 209 @ 14:16:40 IST ---
2026-08-24 08:46:40,219 [INFO] ⚠️ SBIN: missing entry_price or first_target_price, skipping
2026-08-24 08:46:40,220 [INFO] Instructions saved
2026-08-24 08:47:55,220 [INFO] --- Loop 210 @ 14:17:55 IST ---
2026-08-24 08:47:55,220 [INFO] ⚠️ SBIN: missing entry_price or first_target_price, skipping
2026-08-24 08:47:55,221 [INFO] Instructions saved
2026-08-24 08:49:10,221 [INFO] --- Loop 211 @ 14:19:10 IST ---
2026-08-24 08:49:10,221 [INFO] ⚠️ SBIN: missing entry_price or first_target_price, skipping
2026-08-24 08:49:10,222 [INFO] Instructions saved
2026-08-24 08:50:25,222 [INFO] --- Loop 212 @ 14:20:25 IST ---
2026-08-24 08:50:25,222 [INFO] ⚠️ SBIN: missing entry_price or first_target_price, skipping
2026-08-24 08:50:25,222 [INFO] Instructions saved
2026-08-24 08:51:40,223 [INFO] --- Loop 213 @ 14:21:40 IST ---
2026-08-24 08:51:40,223 [INFO] ⚠️ SBIN: missing entry_price or first_target_price, skipping
2026-08-24 08:51:40,223 [INFO] Instructions saved
2026-08-24 08:52:55,224 [INFO] --- Loop 214 @ 14:22:55 IST ---
2026-08-24 08:52:55,224 [INFO] ⚠️ SBIN: missing entry_price or first_target_price, skipping
2026-08-24 08:52:55,224 [INFO] Instructions saved
2026-08-24 08:54:10,224 [INFO] --- Loop 215 @ 14:24:10 IST ---
2026-08-24 08:54:10,225 [INFO] ⚠️ SBIN: missing entry_price or first_target_price, skipping
2026-08-24 08:54:10,225 [INFO] Instructions saved
2026-08-24 08:55:25,225 [INFO] --- Loop 216 @ 14:25:25 IST ---
2026-08-24 08:55:25,225 [INFO] ⚠️ SBIN: missing entry_price or first_target_price, skipping
2026-08-24 08:55:25,226 [INFO] Instructions saved
2026-08-24 08:56:40,226 [INFO] --- Loop 217 @ 14:26:40 IST ---
2026-08-24 08:56:40,226 [INFO] ⚠️ SBIN: missing entry_price or first_target_price, skipping
2026-08-24 08:56:40,226 [INFO] Instructions saved
2026-08-24 08:57:55,227 [INFO] --- Loop 218 @ 14:27:55 IST ---
2026-08-24 08:57:55,227 [INFO] ⚠️ SBIN: missing entry_price or first_target_price, skipping
2026-08-24 08:57:55,227 [INFO] Instructions saved
2026-08-24 08:59:10,228 [INFO] --- Loop 219 @ 14:29:10 IST ---
2026-08-24 08:59:10,228 [INFO] ⚠️ SBIN: missing entry_price or first_target_price, skipping
2026-08-24 08:59:10,228 [INFO] Instructions saved
2026-08-24 09:00:25,228 [INFO] --- Loop 220 @ 14:30:25 IST ---
2026-08-24 09:00:25,228 [INFO] ⚠️ SBIN: missing entry_price or first_target_price, skipping
2026-08-24 09:00:25,229 [INFO] Instructions saved
2026-08-24 09:01:40,229 [INFO] --- Loop 221 @ 14:31:40 IST ---
2026-08-24 09:01:40,229 [INFO] ⚠️ SBIN: missing entry_price or first_target_price, skipping
2026-08-24 09:01:40,230 [INFO] Instructions saved
2026-08-24 09:02:55,230 [INFO] --- Loop 222 @ 14:32:55 IST ---
2026-08-24 09:02:55,230 [INFO] ⚠️ SBIN: missing entry_price or first_target_price, skipping
2026-08-24 09:02:55,230 [INFO] Instructions saved
2026-08-24 09:04:10,231 [INFO] --- Loop 223 @ 14:34:10 IST ---
2026-08-24 09:04:10,231 [INFO] ⚠️ SBIN: missing entry_price or first_target_price, skipping
2026-08-24 09:04:10,231 [INFO] Instructions saved
2026-08-24 09:05:25,231 [INFO] --- Loop 224 @ 14:35:25 IST ---
2026-08-24 09:05:25,232 [INFO] ⚠️ SBIN: missing entry_price or first_target_price, skipping
2026-08-24 09:05:25,232 [INFO] Instructions saved
2026-08-24 09:06:40,232 [INFO] --- Loop 225 @ 14:36:40 IST ---
2026-08-24 09:06:40,232 [INFO] ⚠️ SBIN: missing entry_price or first_target_price, skipping
2026-08-24 09:06:40,233 [INFO] Instructions saved
2026-08-24 09:07:55,233 [INFO] --- Loop 226 @ 14:37:55 IST ---
2026-08-24 09:07:55,233 [INFO] ⚠️ SBIN: missing entry_price or first_target_price, skipping
2026-08-24 09:07:55,234 [INFO] Instructions saved
2026-08-24 09:09:10,234 [INFO] --- Loop 227 @ 14:39:10 IST ---
2026-08-24 09:09:10,234 [INFO] ⚠️ SBIN: missing entry_price or first_target_price, skipping
2026-08-24 09:09:10,235 [INFO] Instructions saved
2026-08-24 09:10:25,235 [INFO] --- Loop 228 @ 14:40:25 IST ---
2026-08-24 09:10:25,235 [INFO] ⚠️ SBIN: missing entry_price or first_target_price, skipping
2026-08-24 09:10:25,236 [INFO] Instructions saved
2026-08-24 09:11:40,236 [INFO] --- Loop 229 @ 14:41:40 IST ---
2026-08-24 09:11:40,236 [INFO] ⚠️ SBIN: missing entry_price or first_target_price, skipping
2026-08-24 09:11:40,237 [INFO] Instructions saved
2026-08-24 09:12:55,237 [INFO] --- Loop 230 @ 14:42:55 IST ---
2026-08-24 09:12:55,237 [INFO] ⚠️ SBIN: missing entry_price or first_target_price, skipping
2026-08-24 09:12:55,237 [INFO] Instructions saved
2026-08-24 09:14:10,238 [INFO] --- Loop 231 @ 14:44:10 IST ---
2026-08-24 09:14:10,238 [INFO] ⚠️ SBIN: missing entry_price or first_target_price, skipping
2026-08-24 09:14:10,238 [INFO] Instructions saved
2026-08-24 09:15:25,239 [INFO] --- Loop 232 @ 14:45:25 IST ---
2026-08-24 09:15:25,239 [INFO] ⚠️ SBIN: missing entry_price or first_target_price, skipping
2026-08-24 09:15:25,239 [INFO] Instructions saved
2026-08-24 09:16:40,239 [INFO] --- Loop 233 @ 14:46:40 IST ---
2026-08-24 09:16:40,240 [INFO] ⚠️ SBIN: missing entry_price or first_target_price, skipping
2026-08-24 09:16:40,240 [INFO] Instructions saved
2026-08-24 09:17:55,240 [INFO] --- Loop 234 @ 14:47:55 IST ---
2026-08-24 09:17:55,241 [INFO] ⚠️ SBIN: missing entry_price or first_target_price, skipping
2026-08-24 09:17:55,241 [INFO] Instructions saved
2026-08-24 09:19:10,241 [INFO] --- Loop 235 @ 14:49:10 IST ---
2026-08-24 09:19:10,241 [INFO] ⚠️ SBIN: missing entry_price or first_target_price, skipping
2026-08-24 09:19:10,242 [INFO] Instructions saved
2026-08-24 09:20:25,242 [INFO] --- Loop 236 @ 14:50:25 IST ---
2026-08-24 09:20:25,242 [INFO] ⚠️ SBIN: missing entry_price or first_target_price, skipping
2026-08-24 09:20:25,243 [INFO] Instructions saved
2026-08-24 09:21:40,243 [INFO] --- Loop 237 @ 14:51:40 IST ---
2026-08-24 09:21:40,243 [INFO] ⚠️ SBIN: missing entry_price or first_target_price, skipping
2026-08-24 09:21:40,243 [INFO] Instructions saved
2026-08-24 09:22:55,244 [INFO] --- Loop 238 @ 14:52:55 IST ---
2026-08-24 09:22:55,244 [INFO] ⚠️ SBIN: missing entry_price or first_target_price, skipping
2026-08-24 09:22:55,244 [INFO] Instructions saved
2026-08-24 09:24:10,245 [INFO] --- Loop 239 @ 14:54:10 IST ---
2026-08-24 09:24:10,245 [INFO] ⚠️ SBIN: missing entry_price or first_target_price, skipping
2026-08-24 09:24:10,245 [INFO] Instructions saved
2026-08-24 09:25:25,245 [INFO] --- Loop 240 @ 14:55:25 IST ---
2026-08-24 09:25:25,246 [INFO] ⚠️ SBIN: missing entry_price or first_target_price, skipping
2026-08-24 09:25:25,246 [INFO] Instructions saved
2026-08-24 09:26:40,246 [INFO] --- Loop 241 @ 14:56:40 IST ---
2026-08-24 09:26:40,246 [INFO] ⚠️ SBIN: missing entry_price or first_target_price, skipping
2026-08-24 09:26:40,247 [INFO] Instructions saved
2026-08-24 09:27:55,247 [INFO] --- Loop 242 @ 14:57:55 IST ---
2026-08-24 09:27:55,248 [INFO] ⚠️ SBIN: missing entry_price or first_target_price, skipping
2026-08-24 09:27:55,248 [INFO] Instructions saved
2026-08-24 09:29:10,248 [INFO] --- Loop 243 @ 14:59:10 IST ---
2026-08-24 09:29:10,248 [INFO] ⚠️ SBIN: missing entry_price or first_target_price, skipping
2026-08-24 09:29:10,249 [INFO] Instructions saved
2026-08-24 09:30:25,249 [INFO] --- Loop 244 @ 15:00:25 IST ---
2026-08-24 09:30:25,249 [INFO] ⚠️ SBIN: missing entry_price or first_target_price, skipping
2026-08-24 09:30:25,249 [INFO] Instructions saved
2026-08-24 09:31:40,250 [INFO] --- Loop 245 @ 15:01:40 IST ---
2026-08-24 09:31:40,250 [INFO] ⚠️ SBIN: missing entry_price or first_target_price, skipping
2026-08-24 09:31:40,250 [INFO] Instructions saved
2026-08-24 09:32:55,251 [INFO] --- Loop 246 @ 15:02:55 IST ---
2026-08-24 09:32:55,251 [INFO] ⚠️ SBIN: missing entry_price or first_target_price, skipping
2026-08-24 09:32:55,251 [INFO] Instructions saved
2026-08-24 09:34:10,252 [INFO] --- Loop 247 @ 15:04:10 IST ---
2026-08-24 09:34:10,252 [INFO] ⚠️ SBIN: missing entry_price or first_target_price, skipping
2026-08-24 09:34:10,252 [INFO] Instructions saved
2026-08-24 09:35:25,252 [INFO] --- Loop 248 @ 15:05:25 IST ---
2026-08-24 09:35:25,253 [INFO] ⚠️ SBIN: missing entry_price or first_target_price, skipping
2026-08-24 09:35:25,253 [INFO] Instructions saved
2026-08-24 09:36:40,253 [INFO] --- Loop 249 @ 15:06:40 IST ---
2026-08-24 09:36:40,253 [INFO] ⚠️ SBIN: missing entry_price or first_target_price, skipping
2026-08-24 09:36:40,254 [INFO] Instructions saved
2026-08-24 09:37:55,254 [INFO] --- Loop 250 @ 15:07:55 IST ---
2026-08-24 09:37:55,254 [INFO] ⚠️ SBIN: missing entry_price or first_target_price, skipping
2026-08-24 09:37:55,255 [INFO] Instructions saved
2026-08-24 09:39:10,255 [INFO] --- Loop 251 @ 15:09:10 IST ---
2026-08-24 09:39:10,255 [INFO] ⚠️ SBIN: missing entry_price or first_target_price, skipping
2026-08-24 09:39:10,256 [INFO] Instructions saved
2026-08-24 09:40:25,256 [INFO] --- Loop 252 @ 15:10:25 IST ---
2026-08-24 09:40:25,256 [INFO] ⚠️ SBIN: missing entry_price or first_target_price, skipping
2026-08-24 09:40:25,257 [INFO] Instructions saved
2026-08-24 09:41:40,257 [INFO] --- Loop 253 @ 15:11:40 IST ---
2026-08-24 09:41:40,257 [INFO] ⚠️ SBIN: missing entry_price or first_target_price, skipping
2026-08-24 09:41:40,258 [INFO] Instructions saved
2026-08-24 09:42:55,258 [INFO] --- Loop 254 @ 15:12:55 IST ---
2026-08-24 09:42:55,258 [INFO] ⚠️ SBIN: missing entry_price or first_target_price, skipping
2026-08-24 09:42:55,259 [INFO] Instructions saved
2026-08-24 09:44:10,259 [INFO] --- Loop 255 @ 15:14:10 IST ---
2026-08-24 09:44:10,259 [INFO] ⚠️ SBIN: missing entry_price or first_target_price, skipping
2026-08-24 09:44:10,260 [INFO] Instructions saved
2026-08-24 09:45:25,260 [INFO] --- Loop 256 @ 15:15:25 IST ---
2026-08-24 09:45:25,260 [INFO] ⚠️ SBIN: missing entry_price or first_target_price, skipping
2026-08-24 09:45:25,261 [INFO] Instructions saved
2026-08-24 09:46:40,261 [INFO] --- Loop 257 @ 15:16:40 IST ---
2026-08-24 09:46:40,261 [INFO] ⚠️ SBIN: missing entry_price or first_target_price, skipping
2026-08-24 09:46:40,261 [INFO] Instructions saved
2026-08-24 09:47:55,262 [INFO] --- Loop 258 @ 15:17:55 IST ---
2026-08-24 09:47:55,262 [INFO] ⚠️ SBIN: missing entry_price or first_target_price, skipping
2026-08-24 09:47:55,262 [INFO] Instructions saved
2026-08-24 09:49:10,262 [INFO] --- Loop 259 @ 15:19:10 IST ---
2026-08-24 09:49:10,263 [INFO] ⚠️ SBIN: missing entry_price or first_target_price, skipping
2026-08-24 09:49:10,263 [INFO] Instructions saved
2026-08-24 09:50:25,263 [INFO] --- Loop 260 @ 15:20:25 IST ---
2026-08-24 09:50:25,263 [INFO] ⚠️ SBIN: missing entry_price or first_target_price, skipping
2026-08-24 09:50:25,264 [INFO] Instructions saved
2026-08-24 09:51:40,265 [INFO] --- Loop 261 @ 15:21:40 IST ---
2026-08-24 09:51:40,265 [INFO] ⚠️ SBIN: missing entry_price or first_target_price, skipping
2026-08-24 09:51:40,265 [INFO] Instructions saved
2026-08-24 09:52:55,265 [INFO] --- Loop 262 @ 15:22:55 IST ---
2026-08-24 09:52:55,266 [INFO] ⚠️ SBIN: missing entry_price or first_target_price, skipping
2026-08-24 09:52:55,266 [INFO] Instructions saved
2026-08-24 09:54:10,266 [INFO] --- Loop 263 @ 15:24:10 IST ---
2026-08-24 09:54:10,266 [INFO] ⚠️ SBIN: missing entry_price or first_target_price, skipping
2026-08-24 09:54:10,267 [INFO] Instructions saved
2026-08-24 09:55:25,267 [INFO] --- Loop 264 @ 15:25:25 IST ---
2026-08-24 09:55:25,267 [INFO] ⚠️ SBIN: missing entry_price or first_target_price, skipping
2026-08-24 09:55:25,268 [INFO] Instructions saved
2026-08-24 09:56:40,268 [INFO] --- Loop 265 @ 15:26:40 IST ---
2026-08-24 09:56:40,268 [INFO] ⚠️ SBIN: missing entry_price or first_target_price, skipping
2026-08-24 09:56:40,269 [INFO] Instructions saved
2026-08-24 09:57:55,269 [INFO] --- Loop 266 @ 15:27:55 IST ---
2026-08-24 09:57:55,269 [INFO] ⚠️ SBIN: missing entry_price or first_target_price, skipping
2026-08-24 09:57:55,269 [INFO] Instructions saved
2026-08-24 09:59:10,270 [INFO] --- Loop 267 @ 15:29:10 IST ---
2026-08-24 09:59:10,270 [INFO] ⚠️ SBIN: missing entry_price or first_target_price, skipping
2026-08-24 09:59:10,270 [INFO] Instructions saved
2026-08-24 10:00:25,271 [INFO] --- Loop 268 @ 15:30:25 IST ---
2026-08-24 10:00:25,271 [INFO] ⚠️ SBIN: missing entry_price or first_target_price, skipping
2026-08-24 10:00:25,271 [INFO] Instructions saved
2026-08-24 10:00:25,271 [INFO] Market closed. Continuing brief monitoring until hard stop for final GTT status...
2026-08-24 10:01:40,272 [INFO] --- Loop 269 @ 15:31:40 IST ---
2026-08-24 10:01:40,272 [INFO] ⚠️ SBIN: missing entry_price or first_target_price, skipping
2026-08-24 10:01:40,272 [INFO] Instructions saved
2026-08-24 10:01:40,272 [INFO] Market closed. Continuing brief monitoring until hard stop for final GTT status...
2026-08-24 10:02:55,272 [INFO] --- Loop 270 @ 15:32:55 IST ---
2026-08-24 10:02:55,273 [INFO] ⚠️ SBIN: missing entry_price or first_target_price, skipping
2026-08-24 10:02:55,273 [INFO] Instructions saved
2026-08-24 10:02:55,273 [INFO] Market closed. Continuing brief monitoring until hard stop for final GTT status...
2026-08-24 10:04:10,273 [INFO] --- Loop 271 @ 15:34:10 IST ---
2026-08-24 10:04:10,274 [INFO] ⚠️ SBIN: missing entry_price or first_target_price, skipping
2026-08-24 10:04:10,274 [INFO] Instructions saved
2026-08-24 10:04:10,274 [INFO] Market closed. Continuing brief monitoring until hard stop for final GTT status...
2026-08-24 10:05:25,274 [INFO] Reached hard stop time. Ending trading day loop.
2026-08-24 10:05:25,274 [INFO] ============================================================
2026-08-24 10:05:25,274 [INFO] Trading day summary
2026-08-24 10:05:25,275 [INFO] Trades opened today: 0
2026-08-24 10:05:25,275 [INFO] Still active (multi-day): 0
2026-08-24 10:05:25,275 [INFO] ============================================================
