2026-08-11 04:52:05,226 [INFO] ============================================================
2026-08-11 04:52:05,227 [INFO] Trading day started — 2026-08-11
2026-08-11 04:52:05,227 [INFO] ============================================================
2026-08-11 04:52:05,227 [WARNING] Instructions are from 2026-06-22, not today (2026-08-11). Proceeding with existing watchlist anyway — update state/instructions.json for fresh rules.
2026-08-11 04:52:05,227 [INFO] --- Loop 1 @ 10:22:05 IST ---
2026-08-11 04:52:05,227 [INFO] ⚠️ SBIN: missing entry_price or first_target_price, skipping
2026-08-11 04:52:05,227 [INFO] Instructions saved
2026-08-11 04:53:20,228 [INFO] --- Loop 2 @ 10:23:20 IST ---
2026-08-11 04:53:20,228 [INFO] ⚠️ SBIN: missing entry_price or first_target_price, skipping
2026-08-11 04:53:20,228 [INFO] Instructions saved
2026-08-11 04:54:35,228 [INFO] --- Loop 3 @ 10:24:35 IST ---
2026-08-11 04:54:35,229 [INFO] ⚠️ SBIN: missing entry_price or first_target_price, skipping
2026-08-11 04:54:35,229 [INFO] Instructions saved
2026-08-11 04:55:50,229 [INFO] --- Loop 4 @ 10:25:50 IST ---
2026-08-11 04:55:50,229 [INFO] ⚠️ SBIN: missing entry_price or first_target_price, skipping
2026-08-11 04:55:50,230 [INFO] Instructions saved
2026-08-11 04:57:05,230 [INFO] --- Loop 5 @ 10:27:05 IST ---
2026-08-11 04:57:05,230 [INFO] ⚠️ SBIN: missing entry_price or first_target_price, skipping
2026-08-11 04:57:05,231 [INFO] Instructions saved
2026-08-11 04:58:20,231 [INFO] --- Loop 6 @ 10:28:20 IST ---
2026-08-11 04:58:20,231 [INFO] ⚠️ SBIN: missing entry_price or first_target_price, skipping
2026-08-11 04:58:20,232 [INFO] Instructions saved
2026-08-11 04:59:35,232 [INFO] --- Loop 7 @ 10:29:35 IST ---
2026-08-11 04:59:35,232 [INFO] ⚠️ SBIN: missing entry_price or first_target_price, skipping
2026-08-11 04:59:35,232 [INFO] Instructions saved
2026-08-11 05:00:50,233 [INFO] --- Loop 8 @ 10:30:50 IST ---
2026-08-11 05:00:50,233 [INFO] ⚠️ SBIN: missing entry_price or first_target_price, skipping
2026-08-11 05:00:50,233 [INFO] Instructions saved
2026-08-11 05:02:05,233 [INFO] --- Loop 9 @ 10:32:05 IST ---
2026-08-11 05:02:05,234 [INFO] ⚠️ SBIN: missing entry_price or first_target_price, skipping
2026-08-11 05:02:05,234 [INFO] Instructions saved
2026-08-11 05:03:20,234 [INFO] --- Loop 10 @ 10:33:20 IST ---
2026-08-11 05:03:20,234 [INFO] ⚠️ SBIN: missing entry_price or first_target_price, skipping
2026-08-11 05:03:20,235 [INFO] Instructions saved
2026-08-11 05:04:35,235 [INFO] --- Loop 11 @ 10:34:35 IST ---
2026-08-11 05:04:35,235 [INFO] ⚠️ SBIN: missing entry_price or first_target_price, skipping
2026-08-11 05:04:35,236 [INFO] Instructions saved
2026-08-11 05:05:50,236 [INFO] --- Loop 12 @ 10:35:50 IST ---
2026-08-11 05:05:50,236 [INFO] ⚠️ SBIN: missing entry_price or first_target_price, skipping
2026-08-11 05:05:50,237 [INFO] Instructions saved
2026-08-11 05:07:05,237 [INFO] --- Loop 13 @ 10:37:05 IST ---
2026-08-11 05:07:05,237 [INFO] ⚠️ SBIN: missing entry_price or first_target_price, skipping
2026-08-11 05:07:05,238 [INFO] Instructions saved
2026-08-11 05:08:20,238 [INFO] --- Loop 14 @ 10:38:20 IST ---
2026-08-11 05:08:20,238 [INFO] ⚠️ SBIN: missing entry_price or first_target_price, skipping
2026-08-11 05:08:20,239 [INFO] Instructions saved
2026-08-11 05:09:35,239 [INFO] --- Loop 15 @ 10:39:35 IST ---
2026-08-11 05:09:35,239 [INFO] ⚠️ SBIN: missing entry_price or first_target_price, skipping
2026-08-11 05:09:35,240 [INFO] Instructions saved
2026-08-11 05:10:50,240 [INFO] --- Loop 16 @ 10:40:50 IST ---
2026-08-11 05:10:50,240 [INFO] ⚠️ SBIN: missing entry_price or first_target_price, skipping
2026-08-11 05:10:50,240 [INFO] Instructions saved
2026-08-11 05:12:05,241 [INFO] --- Loop 17 @ 10:42:05 IST ---
2026-08-11 05:12:05,241 [INFO] ⚠️ SBIN: missing entry_price or first_target_price, skipping
2026-08-11 05:12:05,241 [INFO] Instructions saved
2026-08-11 05:13:20,242 [INFO] --- Loop 18 @ 10:43:20 IST ---
2026-08-11 05:13:20,242 [INFO] ⚠️ SBIN: missing entry_price or first_target_price, skipping
2026-08-11 05:13:20,242 [INFO] Instructions saved
2026-08-11 05:14:35,242 [INFO] --- Loop 19 @ 10:44:35 IST ---
2026-08-11 05:14:35,243 [INFO] ⚠️ SBIN: missing entry_price or first_target_price, skipping
2026-08-11 05:14:35,243 [INFO] Instructions saved
2026-08-11 05:15:50,243 [INFO] --- Loop 20 @ 10:45:50 IST ---
2026-08-11 05:15:50,244 [INFO] ⚠️ SBIN: missing entry_price or first_target_price, skipping
2026-08-11 05:15:50,244 [INFO] Instructions saved
2026-08-11 05:17:05,244 [INFO] --- Loop 21 @ 10:47:05 IST ---
2026-08-11 05:17:05,244 [INFO] ⚠️ SBIN: missing entry_price or first_target_price, skipping
2026-08-11 05:17:05,245 [INFO] Instructions saved
2026-08-11 05:18:20,245 [INFO] --- Loop 22 @ 10:48:20 IST ---
2026-08-11 05:18:20,245 [INFO] ⚠️ SBIN: missing entry_price or first_target_price, skipping
2026-08-11 05:18:20,246 [INFO] Instructions saved
2026-08-11 05:19:35,246 [INFO] --- Loop 23 @ 10:49:35 IST ---
2026-08-11 05:19:35,246 [INFO] ⚠️ SBIN: missing entry_price or first_target_price, skipping
2026-08-11 05:19:35,246 [INFO] Instructions saved
2026-08-11 05:20:50,247 [INFO] --- Loop 24 @ 10:50:50 IST ---
2026-08-11 05:20:50,247 [INFO] ⚠️ SBIN: missing entry_price or first_target_price, skipping
2026-08-11 05:20:50,247 [INFO] Instructions saved
2026-08-11 05:22:05,248 [INFO] --- Loop 25 @ 10:52:05 IST ---
2026-08-11 05:22:05,248 [INFO] ⚠️ SBIN: missing entry_price or first_target_price, skipping
2026-08-11 05:22:05,248 [INFO] Instructions saved
2026-08-11 05:23:20,248 [INFO] --- Loop 26 @ 10:53:20 IST ---
2026-08-11 05:23:20,249 [INFO] ⚠️ SBIN: missing entry_price or first_target_price, skipping
2026-08-11 05:23:20,249 [INFO] Instructions saved
2026-08-11 05:24:35,249 [INFO] --- Loop 27 @ 10:54:35 IST ---
2026-08-11 05:24:35,250 [INFO] ⚠️ SBIN: missing entry_price or first_target_price, skipping
2026-08-11 05:24:35,250 [INFO] Instructions saved
2026-08-11 05:25:50,250 [INFO] --- Loop 28 @ 10:55:50 IST ---
2026-08-11 05:25:50,250 [INFO] ⚠️ SBIN: missing entry_price or first_target_price, skipping
2026-08-11 05:25:50,251 [INFO] Instructions saved
2026-08-11 05:27:05,251 [INFO] --- Loop 29 @ 10:57:05 IST ---
2026-08-11 05:27:05,251 [INFO] ⚠️ SBIN: missing entry_price or first_target_price, skipping
2026-08-11 05:27:05,252 [INFO] Instructions saved
2026-08-11 05:28:20,252 [INFO] --- Loop 30 @ 10:58:20 IST ---
2026-08-11 05:28:20,252 [INFO] ⚠️ SBIN: missing entry_price or first_target_price, skipping
2026-08-11 05:28:20,252 [INFO] Instructions saved
2026-08-11 05:29:35,253 [INFO] --- Loop 31 @ 10:59:35 IST ---
2026-08-11 05:29:35,253 [INFO] ⚠️ SBIN: missing entry_price or first_target_price, skipping
2026-08-11 05:29:35,253 [INFO] Instructions saved
2026-08-11 05:30:50,253 [INFO] --- Loop 32 @ 11:00:50 IST ---
2026-08-11 05:30:50,254 [INFO] ⚠️ SBIN: missing entry_price or first_target_price, skipping
2026-08-11 05:30:50,254 [INFO] Instructions saved
2026-08-11 05:32:05,254 [INFO] --- Loop 33 @ 11:02:05 IST ---
2026-08-11 05:32:05,254 [INFO] ⚠️ SBIN: missing entry_price or first_target_price, skipping
2026-08-11 05:32:05,255 [INFO] Instructions saved
2026-08-11 05:33:20,255 [INFO] --- Loop 34 @ 11:03:20 IST ---
2026-08-11 05:33:20,255 [INFO] ⚠️ SBIN: missing entry_price or first_target_price, skipping
2026-08-11 05:33:20,256 [INFO] Instructions saved
2026-08-11 05:34:35,256 [INFO] --- Loop 35 @ 11:04:35 IST ---
2026-08-11 05:34:35,256 [INFO] ⚠️ SBIN: missing entry_price or first_target_price, skipping
2026-08-11 05:34:35,256 [INFO] Instructions saved
2026-08-11 05:35:50,257 [INFO] --- Loop 36 @ 11:05:50 IST ---
2026-08-11 05:35:50,257 [INFO] ⚠️ SBIN: missing entry_price or first_target_price, skipping
2026-08-11 05:35:50,257 [INFO] Instructions saved
2026-08-11 05:37:05,258 [INFO] --- Loop 37 @ 11:07:05 IST ---
2026-08-11 05:37:05,258 [INFO] ⚠️ SBIN: missing entry_price or first_target_price, skipping
2026-08-11 05:37:05,258 [INFO] Instructions saved
2026-08-11 05:38:20,258 [INFO] --- Loop 38 @ 11:08:20 IST ---
2026-08-11 05:38:20,259 [INFO] ⚠️ SBIN: missing entry_price or first_target_price, skipping
2026-08-11 05:38:20,259 [INFO] Instructions saved
2026-08-11 05:39:35,259 [INFO] --- Loop 39 @ 11:09:35 IST ---
2026-08-11 05:39:35,260 [INFO] ⚠️ SBIN: missing entry_price or first_target_price, skipping
2026-08-11 05:39:35,260 [INFO] Instructions saved
2026-08-11 05:40:50,260 [INFO] --- Loop 40 @ 11:10:50 IST ---
2026-08-11 05:40:50,260 [INFO] ⚠️ SBIN: missing entry_price or first_target_price, skipping
2026-08-11 05:40:50,261 [INFO] Instructions saved
2026-08-11 05:42:05,261 [INFO] --- Loop 41 @ 11:12:05 IST ---
2026-08-11 05:42:05,261 [INFO] ⚠️ SBIN: missing entry_price or first_target_price, skipping
2026-08-11 05:42:05,262 [INFO] Instructions saved
2026-08-11 05:43:20,262 [INFO] --- Loop 42 @ 11:13:20 IST ---
2026-08-11 05:43:20,262 [INFO] ⚠️ SBIN: missing entry_price or first_target_price, skipping
2026-08-11 05:43:20,262 [INFO] Instructions saved
2026-08-11 05:44:35,263 [INFO] --- Loop 43 @ 11:14:35 IST ---
2026-08-11 05:44:35,263 [INFO] ⚠️ SBIN: missing entry_price or first_target_price, skipping
2026-08-11 05:44:35,263 [INFO] Instructions saved
2026-08-11 05:45:50,264 [INFO] --- Loop 44 @ 11:15:50 IST ---
2026-08-11 05:45:50,264 [INFO] ⚠️ SBIN: missing entry_price or first_target_price, skipping
2026-08-11 05:45:50,264 [INFO] Instructions saved
2026-08-11 05:47:05,264 [INFO] --- Loop 45 @ 11:17:05 IST ---
2026-08-11 05:47:05,264 [INFO] ⚠️ SBIN: missing entry_price or first_target_price, skipping
2026-08-11 05:47:05,265 [INFO] Instructions saved
2026-08-11 05:48:20,265 [INFO] --- Loop 46 @ 11:18:20 IST ---
2026-08-11 05:48:20,265 [INFO] ⚠️ SBIN: missing entry_price or first_target_price, skipping
2026-08-11 05:48:20,266 [INFO] Instructions saved
2026-08-11 05:49:35,266 [INFO] --- Loop 47 @ 11:19:35 IST ---
2026-08-11 05:49:35,266 [INFO] ⚠️ SBIN: missing entry_price or first_target_price, skipping
2026-08-11 05:49:35,266 [INFO] Instructions saved
2026-08-11 05:50:50,267 [INFO] --- Loop 48 @ 11:20:50 IST ---
2026-08-11 05:50:50,267 [INFO] ⚠️ SBIN: missing entry_price or first_target_price, skipping
2026-08-11 05:50:50,267 [INFO] Instructions saved
2026-08-11 05:52:05,268 [INFO] --- Loop 49 @ 11:22:05 IST ---
2026-08-11 05:52:05,268 [INFO] ⚠️ SBIN: missing entry_price or first_target_price, skipping
2026-08-11 05:52:05,268 [INFO] Instructions saved
2026-08-11 05:53:20,268 [INFO] --- Loop 50 @ 11:23:20 IST ---
2026-08-11 05:53:20,269 [INFO] ⚠️ SBIN: missing entry_price or first_target_price, skipping
2026-08-11 05:53:20,269 [INFO] Instructions saved
2026-08-11 05:54:35,269 [INFO] --- Loop 51 @ 11:24:35 IST ---
2026-08-11 05:54:35,269 [INFO] ⚠️ SBIN: missing entry_price or first_target_price, skipping
2026-08-11 05:54:35,270 [INFO] Instructions saved
2026-08-11 05:55:50,270 [INFO] --- Loop 52 @ 11:25:50 IST ---
2026-08-11 05:55:50,270 [INFO] ⚠️ SBIN: missing entry_price or first_target_price, skipping
2026-08-11 05:55:50,271 [INFO] Instructions saved
2026-08-11 05:57:05,271 [INFO] --- Loop 53 @ 11:27:05 IST ---
2026-08-11 05:57:05,271 [INFO] ⚠️ SBIN: missing entry_price or first_target_price, skipping
2026-08-11 05:57:05,271 [INFO] Instructions saved
2026-08-11 05:58:20,272 [INFO] --- Loop 54 @ 11:28:20 IST ---
2026-08-11 05:58:20,272 [INFO] ⚠️ SBIN: missing entry_price or first_target_price, skipping
2026-08-11 05:58:20,272 [INFO] Instructions saved
2026-08-11 05:59:35,273 [INFO] --- Loop 55 @ 11:29:35 IST ---
2026-08-11 05:59:35,273 [INFO] ⚠️ SBIN: missing entry_price or first_target_price, skipping
2026-08-11 05:59:35,273 [INFO] Instructions saved
2026-08-11 06:00:50,273 [INFO] --- Loop 56 @ 11:30:50 IST ---
2026-08-11 06:00:50,274 [INFO] ⚠️ SBIN: missing entry_price or first_target_price, skipping
2026-08-11 06:00:50,274 [INFO] Instructions saved
2026-08-11 06:02:05,274 [INFO] --- Loop 57 @ 11:32:05 IST ---
2026-08-11 06:02:05,274 [INFO] ⚠️ SBIN: missing entry_price or first_target_price, skipping
2026-08-11 06:02:05,275 [INFO] Instructions saved
2026-08-11 06:03:20,275 [INFO] --- Loop 58 @ 11:33:20 IST ---
2026-08-11 06:03:20,275 [INFO] ⚠️ SBIN: missing entry_price or first_target_price, skipping
2026-08-11 06:03:20,276 [INFO] Instructions saved
2026-08-11 06:04:35,276 [INFO] --- Loop 59 @ 11:34:35 IST ---
2026-08-11 06:04:35,276 [INFO] ⚠️ SBIN: missing entry_price or first_target_price, skipping
2026-08-11 06:04:35,276 [INFO] Instructions saved
2026-08-11 06:05:50,277 [INFO] --- Loop 60 @ 11:35:50 IST ---
2026-08-11 06:05:50,277 [INFO] ⚠️ SBIN: missing entry_price or first_target_price, skipping
2026-08-11 06:05:50,277 [INFO] Instructions saved
2026-08-11 06:07:05,278 [INFO] --- Loop 61 @ 11:37:05 IST ---
2026-08-11 06:07:05,278 [INFO] ⚠️ SBIN: missing entry_price or first_target_price, skipping
2026-08-11 06:07:05,278 [INFO] Instructions saved
2026-08-11 06:08:20,278 [INFO] --- Loop 62 @ 11:38:20 IST ---
2026-08-11 06:08:20,279 [INFO] ⚠️ SBIN: missing entry_price or first_target_price, skipping
2026-08-11 06:08:20,279 [INFO] Instructions saved
2026-08-11 06:09:35,279 [INFO] --- Loop 63 @ 11:39:35 IST ---
2026-08-11 06:09:35,279 [INFO] ⚠️ SBIN: missing entry_price or first_target_price, skipping
2026-08-11 06:09:35,280 [INFO] Instructions saved
2026-08-11 06:10:50,280 [INFO] --- Loop 64 @ 11:40:50 IST ---
2026-08-11 06:10:50,280 [INFO] ⚠️ SBIN: missing entry_price or first_target_price, skipping
2026-08-11 06:10:50,281 [INFO] Instructions saved
2026-08-11 06:12:05,281 [INFO] --- Loop 65 @ 11:42:05 IST ---
2026-08-11 06:12:05,281 [INFO] ⚠️ SBIN: missing entry_price or first_target_price, skipping
2026-08-11 06:12:05,282 [INFO] Instructions saved
2026-08-11 06:13:20,282 [INFO] --- Loop 66 @ 11:43:20 IST ---
2026-08-11 06:13:20,282 [INFO] ⚠️ SBIN: missing entry_price or first_target_price, skipping
2026-08-11 06:13:20,282 [INFO] Instructions saved
2026-08-11 06:14:35,283 [INFO] --- Loop 67 @ 11:44:35 IST ---
2026-08-11 06:14:35,283 [INFO] ⚠️ SBIN: missing entry_price or first_target_price, skipping
2026-08-11 06:14:35,283 [INFO] Instructions saved
2026-08-11 06:15:50,284 [INFO] --- Loop 68 @ 11:45:50 IST ---
2026-08-11 06:15:50,284 [INFO] ⚠️ SBIN: missing entry_price or first_target_price, skipping
2026-08-11 06:15:50,284 [INFO] Instructions saved
2026-08-11 06:17:05,284 [INFO] --- Loop 69 @ 11:47:05 IST ---
2026-08-11 06:17:05,285 [INFO] ⚠️ SBIN: missing entry_price or first_target_price, skipping
2026-08-11 06:17:05,285 [INFO] Instructions saved
2026-08-11 06:18:20,285 [INFO] --- Loop 70 @ 11:48:20 IST ---
2026-08-11 06:18:20,285 [INFO] ⚠️ SBIN: missing entry_price or first_target_price, skipping
2026-08-11 06:18:20,286 [INFO] Instructions saved
2026-08-11 06:19:35,286 [INFO] --- Loop 71 @ 11:49:35 IST ---
2026-08-11 06:19:35,286 [INFO] ⚠️ SBIN: missing entry_price or first_target_price, skipping
2026-08-11 06:19:35,287 [INFO] Instructions saved
2026-08-11 06:20:50,287 [INFO] --- Loop 72 @ 11:50:50 IST ---
2026-08-11 06:20:50,287 [INFO] ⚠️ SBIN: missing entry_price or first_target_price, skipping
2026-08-11 06:20:50,287 [INFO] Instructions saved
2026-08-11 06:22:05,288 [INFO] --- Loop 73 @ 11:52:05 IST ---
2026-08-11 06:22:05,288 [INFO] ⚠️ SBIN: missing entry_price or first_target_price, skipping
2026-08-11 06:22:05,288 [INFO] Instructions saved
2026-08-11 06:23:20,288 [INFO] --- Loop 74 @ 11:53:20 IST ---
2026-08-11 06:23:20,289 [INFO] ⚠️ SBIN: missing entry_price or first_target_price, skipping
2026-08-11 06:23:20,289 [INFO] Instructions saved
2026-08-11 06:24:35,289 [INFO] --- Loop 75 @ 11:54:35 IST ---
2026-08-11 06:24:35,289 [INFO] ⚠️ SBIN: missing entry_price or first_target_price, skipping
2026-08-11 06:24:35,290 [INFO] Instructions saved
2026-08-11 06:25:50,290 [INFO] --- Loop 76 @ 11:55:50 IST ---
2026-08-11 06:25:50,290 [INFO] ⚠️ SBIN: missing entry_price or first_target_price, skipping
2026-08-11 06:25:50,291 [INFO] Instructions saved
2026-08-11 06:27:05,291 [INFO] --- Loop 77 @ 11:57:05 IST ---
2026-08-11 06:27:05,291 [INFO] ⚠️ SBIN: missing entry_price or first_target_price, skipping
2026-08-11 06:27:05,291 [INFO] Instructions saved
2026-08-11 06:28:20,292 [INFO] --- Loop 78 @ 11:58:20 IST ---
2026-08-11 06:28:20,292 [INFO] ⚠️ SBIN: missing entry_price or first_target_price, skipping
2026-08-11 06:28:20,292 [INFO] Instructions saved
2026-08-11 06:29:35,292 [INFO] --- Loop 79 @ 11:59:35 IST ---
2026-08-11 06:29:35,293 [INFO] ⚠️ SBIN: missing entry_price or first_target_price, skipping
2026-08-11 06:29:35,293 [INFO] Instructions saved
2026-08-11 06:30:50,293 [INFO] --- Loop 80 @ 12:00:50 IST ---
2026-08-11 06:30:50,293 [INFO] ⚠️ SBIN: missing entry_price or first_target_price, skipping
2026-08-11 06:30:50,294 [INFO] Instructions saved
2026-08-11 06:32:05,294 [INFO] --- Loop 81 @ 12:02:05 IST ---
2026-08-11 06:32:05,294 [INFO] ⚠️ SBIN: missing entry_price or first_target_price, skipping
2026-08-11 06:32:05,295 [INFO] Instructions saved
2026-08-11 06:33:20,295 [INFO] --- Loop 82 @ 12:03:20 IST ---
2026-08-11 06:33:20,295 [INFO] ⚠️ SBIN: missing entry_price or first_target_price, skipping
2026-08-11 06:33:20,296 [INFO] Instructions saved
2026-08-11 06:34:35,296 [INFO] --- Loop 83 @ 12:04:35 IST ---
2026-08-11 06:34:35,296 [INFO] ⚠️ SBIN: missing entry_price or first_target_price, skipping
2026-08-11 06:34:35,297 [INFO] Instructions saved
2026-08-11 06:35:50,297 [INFO] --- Loop 84 @ 12:05:50 IST ---
2026-08-11 06:35:50,297 [INFO] ⚠️ SBIN: missing entry_price or first_target_price, skipping
2026-08-11 06:35:50,298 [INFO] Instructions saved
2026-08-11 06:37:05,298 [INFO] --- Loop 85 @ 12:07:05 IST ---
2026-08-11 06:37:05,298 [INFO] ⚠️ SBIN: missing entry_price or first_target_price, skipping
2026-08-11 06:37:05,299 [INFO] Instructions saved
2026-08-11 06:38:20,299 [INFO] --- Loop 86 @ 12:08:20 IST ---
2026-08-11 06:38:20,299 [INFO] ⚠️ SBIN: missing entry_price or first_target_price, skipping
2026-08-11 06:38:20,299 [INFO] Instructions saved
2026-08-11 06:39:35,300 [INFO] --- Loop 87 @ 12:09:35 IST ---
2026-08-11 06:39:35,300 [INFO] ⚠️ SBIN: missing entry_price or first_target_price, skipping
2026-08-11 06:39:35,300 [INFO] Instructions saved
2026-08-11 06:40:50,300 [INFO] --- Loop 88 @ 12:10:50 IST ---
2026-08-11 06:40:50,301 [INFO] ⚠️ SBIN: missing entry_price or first_target_price, skipping
2026-08-11 06:40:50,301 [INFO] Instructions saved
2026-08-11 06:42:05,301 [INFO] --- Loop 89 @ 12:12:05 IST ---
2026-08-11 06:42:05,302 [INFO] ⚠️ SBIN: missing entry_price or first_target_price, skipping
2026-08-11 06:42:05,302 [INFO] Instructions saved
2026-08-11 06:43:20,302 [INFO] --- Loop 90 @ 12:13:20 IST ---
2026-08-11 06:43:20,302 [INFO] ⚠️ SBIN: missing entry_price or first_target_price, skipping
2026-08-11 06:43:20,303 [INFO] Instructions saved
2026-08-11 06:44:35,303 [INFO] --- Loop 91 @ 12:14:35 IST ---
2026-08-11 06:44:35,303 [INFO] ⚠️ SBIN: missing entry_price or first_target_price, skipping
2026-08-11 06:44:35,304 [INFO] Instructions saved
2026-08-11 06:45:50,304 [INFO] --- Loop 92 @ 12:15:50 IST ---
2026-08-11 06:45:50,304 [INFO] ⚠️ SBIN: missing entry_price or first_target_price, skipping
2026-08-11 06:45:50,304 [INFO] Instructions saved
2026-08-11 06:47:05,305 [INFO] --- Loop 93 @ 12:17:05 IST ---
2026-08-11 06:47:05,305 [INFO] ⚠️ SBIN: missing entry_price or first_target_price, skipping
2026-08-11 06:47:05,305 [INFO] Instructions saved
2026-08-11 06:48:20,305 [INFO] --- Loop 94 @ 12:18:20 IST ---
2026-08-11 06:48:20,306 [INFO] ⚠️ SBIN: missing entry_price or first_target_price, skipping
2026-08-11 06:48:20,306 [INFO] Instructions saved
2026-08-11 06:49:35,306 [INFO] --- Loop 95 @ 12:19:35 IST ---
2026-08-11 06:49:35,306 [INFO] ⚠️ SBIN: missing entry_price or first_target_price, skipping
2026-08-11 06:49:35,307 [INFO] Instructions saved
2026-08-11 06:50:50,307 [INFO] --- Loop 96 @ 12:20:50 IST ---
2026-08-11 06:50:50,307 [INFO] ⚠️ SBIN: missing entry_price or first_target_price, skipping
2026-08-11 06:50:50,308 [INFO] Instructions saved
2026-08-11 06:52:05,308 [INFO] --- Loop 97 @ 12:22:05 IST ---
2026-08-11 06:52:05,308 [INFO] ⚠️ SBIN: missing entry_price or first_target_price, skipping
2026-08-11 06:52:05,309 [INFO] Instructions saved
2026-08-11 06:53:20,309 [INFO] --- Loop 98 @ 12:23:20 IST ---
2026-08-11 06:53:20,309 [INFO] ⚠️ SBIN: missing entry_price or first_target_price, skipping
2026-08-11 06:53:20,309 [INFO] Instructions saved
2026-08-11 06:54:35,310 [INFO] --- Loop 99 @ 12:24:35 IST ---
2026-08-11 06:54:35,310 [INFO] ⚠️ SBIN: missing entry_price or first_target_price, skipping
2026-08-11 06:54:35,310 [INFO] Instructions saved
2026-08-11 06:55:50,310 [INFO] --- Loop 100 @ 12:25:50 IST ---
2026-08-11 06:55:50,311 [INFO] ⚠️ SBIN: missing entry_price or first_target_price, skipping
2026-08-11 06:55:50,311 [INFO] Instructions saved
2026-08-11 06:57:05,311 [INFO] --- Loop 101 @ 12:27:05 IST ---
2026-08-11 06:57:05,311 [INFO] ⚠️ SBIN: missing entry_price or first_target_price, skipping
2026-08-11 06:57:05,312 [INFO] Instructions saved
2026-08-11 06:58:20,312 [INFO] --- Loop 102 @ 12:28:20 IST ---
2026-08-11 06:58:20,312 [INFO] ⚠️ SBIN: missing entry_price or first_target_price, skipping
2026-08-11 06:58:20,313 [INFO] Instructions saved
2026-08-11 06:59:35,313 [INFO] --- Loop 103 @ 12:29:35 IST ---
2026-08-11 06:59:35,313 [INFO] ⚠️ SBIN: missing entry_price or first_target_price, skipping
2026-08-11 06:59:35,313 [INFO] Instructions saved
2026-08-11 07:00:50,314 [INFO] --- Loop 104 @ 12:30:50 IST ---
2026-08-11 07:00:50,314 [INFO] ⚠️ SBIN: missing entry_price or first_target_price, skipping
2026-08-11 07:00:50,314 [INFO] Instructions saved
2026-08-11 07:02:05,315 [INFO] --- Loop 105 @ 12:32:05 IST ---
2026-08-11 07:02:05,315 [INFO] ⚠️ SBIN: missing entry_price or first_target_price, skipping
2026-08-11 07:02:05,315 [INFO] Instructions saved
2026-08-11 07:03:20,315 [INFO] --- Loop 106 @ 12:33:20 IST ---
2026-08-11 07:03:20,316 [INFO] ⚠️ SBIN: missing entry_price or first_target_price, skipping
2026-08-11 07:03:20,316 [INFO] Instructions saved
2026-08-11 07:04:35,316 [INFO] --- Loop 107 @ 12:34:35 IST ---
2026-08-11 07:04:35,316 [INFO] ⚠️ SBIN: missing entry_price or first_target_price, skipping
2026-08-11 07:04:35,317 [INFO] Instructions saved
2026-08-11 07:05:50,317 [INFO] --- Loop 108 @ 12:35:50 IST ---
2026-08-11 07:05:50,317 [INFO] ⚠️ SBIN: missing entry_price or first_target_price, skipping
2026-08-11 07:05:50,318 [INFO] Instructions saved
2026-08-11 07:07:05,318 [INFO] --- Loop 109 @ 12:37:05 IST ---
2026-08-11 07:07:05,318 [INFO] ⚠️ SBIN: missing entry_price or first_target_price, skipping
2026-08-11 07:07:05,319 [INFO] Instructions saved
2026-08-11 07:08:20,319 [INFO] --- Loop 110 @ 12:38:20 IST ---
2026-08-11 07:08:20,319 [INFO] ⚠️ SBIN: missing entry_price or first_target_price, skipping
2026-08-11 07:08:20,320 [INFO] Instructions saved
2026-08-11 07:09:35,320 [INFO] --- Loop 111 @ 12:39:35 IST ---
2026-08-11 07:09:35,320 [INFO] ⚠️ SBIN: missing entry_price or first_target_price, skipping
2026-08-11 07:09:35,320 [INFO] Instructions saved
2026-08-11 07:10:50,321 [INFO] --- Loop 112 @ 12:40:50 IST ---
2026-08-11 07:10:50,321 [INFO] ⚠️ SBIN: missing entry_price or first_target_price, skipping
2026-08-11 07:10:50,321 [INFO] Instructions saved
2026-08-11 07:12:05,321 [INFO] --- Loop 113 @ 12:42:05 IST ---
2026-08-11 07:12:05,322 [INFO] ⚠️ SBIN: missing entry_price or first_target_price, skipping
2026-08-11 07:12:05,322 [INFO] Instructions saved
2026-08-11 07:13:20,322 [INFO] --- Loop 114 @ 12:43:20 IST ---
2026-08-11 07:13:20,323 [INFO] ⚠️ SBIN: missing entry_price or first_target_price, skipping
2026-08-11 07:13:20,323 [INFO] Instructions saved
2026-08-11 07:14:35,323 [INFO] --- Loop 115 @ 12:44:35 IST ---
2026-08-11 07:14:35,323 [INFO] ⚠️ SBIN: missing entry_price or first_target_price, skipping
2026-08-11 07:14:35,324 [INFO] Instructions saved
2026-08-11 07:15:50,324 [INFO] --- Loop 116 @ 12:45:50 IST ---
2026-08-11 07:15:50,324 [INFO] ⚠️ SBIN: missing entry_price or first_target_price, skipping
2026-08-11 07:15:50,325 [INFO] Instructions saved
2026-08-11 07:17:05,325 [INFO] --- Loop 117 @ 12:47:05 IST ---
2026-08-11 07:17:05,325 [INFO] ⚠️ SBIN: missing entry_price or first_target_price, skipping
2026-08-11 07:17:05,325 [INFO] Instructions saved
2026-08-11 07:18:20,326 [INFO] --- Loop 118 @ 12:48:20 IST ---
2026-08-11 07:18:20,326 [INFO] ⚠️ SBIN: missing entry_price or first_target_price, skipping
2026-08-11 07:18:20,326 [INFO] Instructions saved
2026-08-11 07:19:35,327 [INFO] --- Loop 119 @ 12:49:35 IST ---
2026-08-11 07:19:35,327 [INFO] ⚠️ SBIN: missing entry_price or first_target_price, skipping
2026-08-11 07:19:35,327 [INFO] Instructions saved
2026-08-11 07:20:50,327 [INFO] --- Loop 120 @ 12:50:50 IST ---
2026-08-11 07:20:50,328 [INFO] ⚠️ SBIN: missing entry_price or first_target_price, skipping
2026-08-11 07:20:50,328 [INFO] Instructions saved
2026-08-11 07:22:05,328 [INFO] --- Loop 121 @ 12:52:05 IST ---
2026-08-11 07:22:05,328 [INFO] ⚠️ SBIN: missing entry_price or first_target_price, skipping
2026-08-11 07:22:05,329 [INFO] Instructions saved
2026-08-11 07:23:20,329 [INFO] --- Loop 122 @ 12:53:20 IST ---
2026-08-11 07:23:20,329 [INFO] ⚠️ SBIN: missing entry_price or first_target_price, skipping
2026-08-11 07:23:20,330 [INFO] Instructions saved
2026-08-11 07:24:35,330 [INFO] --- Loop 123 @ 12:54:35 IST ---
2026-08-11 07:24:35,330 [INFO] ⚠️ SBIN: missing entry_price or first_target_price, skipping
2026-08-11 07:24:35,330 [INFO] Instructions saved
2026-08-11 07:25:50,331 [INFO] --- Loop 124 @ 12:55:50 IST ---
2026-08-11 07:25:50,331 [INFO] ⚠️ SBIN: missing entry_price or first_target_price, skipping
2026-08-11 07:25:50,331 [INFO] Instructions saved
2026-08-11 07:27:05,331 [INFO] --- Loop 125 @ 12:57:05 IST ---
2026-08-11 07:27:05,332 [INFO] ⚠️ SBIN: missing entry_price or first_target_price, skipping
2026-08-11 07:27:05,332 [INFO] Instructions saved
2026-08-11 07:28:20,332 [INFO] --- Loop 126 @ 12:58:20 IST ---
2026-08-11 07:28:20,332 [INFO] ⚠️ SBIN: missing entry_price or first_target_price, skipping
2026-08-11 07:28:20,333 [INFO] Instructions saved
2026-08-11 07:29:35,333 [INFO] --- Loop 127 @ 12:59:35 IST ---
2026-08-11 07:29:35,333 [INFO] ⚠️ SBIN: missing entry_price or first_target_price, skipping
2026-08-11 07:29:35,334 [INFO] Instructions saved
2026-08-11 07:30:50,334 [INFO] --- Loop 128 @ 13:00:50 IST ---
2026-08-11 07:30:50,334 [INFO] ⚠️ SBIN: missing entry_price or first_target_price, skipping
2026-08-11 07:30:50,334 [INFO] Instructions saved
2026-08-11 07:32:05,335 [INFO] --- Loop 129 @ 13:02:05 IST ---
2026-08-11 07:32:05,335 [INFO] ⚠️ SBIN: missing entry_price or first_target_price, skipping
2026-08-11 07:32:05,335 [INFO] Instructions saved
2026-08-11 07:33:20,335 [INFO] --- Loop 130 @ 13:03:20 IST ---
2026-08-11 07:33:20,336 [INFO] ⚠️ SBIN: missing entry_price or first_target_price, skipping
2026-08-11 07:33:20,336 [INFO] Instructions saved
2026-08-11 07:34:35,336 [INFO] --- Loop 131 @ 13:04:35 IST ---
2026-08-11 07:34:35,336 [INFO] ⚠️ SBIN: missing entry_price or first_target_price, skipping
2026-08-11 07:34:35,337 [INFO] Instructions saved
2026-08-11 07:35:50,337 [INFO] --- Loop 132 @ 13:05:50 IST ---
2026-08-11 07:35:50,337 [INFO] ⚠️ SBIN: missing entry_price or first_target_price, skipping
2026-08-11 07:35:50,338 [INFO] Instructions saved
2026-08-11 07:37:05,338 [INFO] --- Loop 133 @ 13:07:05 IST ---
2026-08-11 07:37:05,338 [INFO] ⚠️ SBIN: missing entry_price or first_target_price, skipping
2026-08-11 07:37:05,339 [INFO] Instructions saved
2026-08-11 07:38:20,339 [INFO] --- Loop 134 @ 13:08:20 IST ---
2026-08-11 07:38:20,339 [INFO] ⚠️ SBIN: missing entry_price or first_target_price, skipping
2026-08-11 07:38:20,339 [INFO] Instructions saved
2026-08-11 07:39:35,340 [INFO] --- Loop 135 @ 13:09:35 IST ---
2026-08-11 07:39:35,340 [INFO] ⚠️ SBIN: missing entry_price or first_target_price, skipping
2026-08-11 07:39:35,340 [INFO] Instructions saved
2026-08-11 07:40:50,341 [INFO] --- Loop 136 @ 13:10:50 IST ---
2026-08-11 07:40:50,341 [INFO] ⚠️ SBIN: missing entry_price or first_target_price, skipping
2026-08-11 07:40:50,341 [INFO] Instructions saved
2026-08-11 07:42:05,341 [INFO] --- Loop 137 @ 13:12:05 IST ---
2026-08-11 07:42:05,342 [INFO] ⚠️ SBIN: missing entry_price or first_target_price, skipping
2026-08-11 07:42:05,342 [INFO] Instructions saved
2026-08-11 07:43:20,342 [INFO] --- Loop 138 @ 13:13:20 IST ---
2026-08-11 07:43:20,342 [INFO] ⚠️ SBIN: missing entry_price or first_target_price, skipping
2026-08-11 07:43:20,343 [INFO] Instructions saved
2026-08-11 07:44:35,343 [INFO] --- Loop 139 @ 13:14:35 IST ---
2026-08-11 07:44:35,343 [INFO] ⚠️ SBIN: missing entry_price or first_target_price, skipping
2026-08-11 07:44:35,344 [INFO] Instructions saved
2026-08-11 07:45:50,344 [INFO] --- Loop 140 @ 13:15:50 IST ---
2026-08-11 07:45:50,344 [INFO] ⚠️ SBIN: missing entry_price or first_target_price, skipping
2026-08-11 07:45:50,344 [INFO] Instructions saved
2026-08-11 07:47:05,345 [INFO] --- Loop 141 @ 13:17:05 IST ---
2026-08-11 07:47:05,345 [INFO] ⚠️ SBIN: missing entry_price or first_target_price, skipping
2026-08-11 07:47:05,345 [INFO] Instructions saved
2026-08-11 07:48:20,346 [INFO] --- Loop 142 @ 13:18:20 IST ---
2026-08-11 07:48:20,346 [INFO] ⚠️ SBIN: missing entry_price or first_target_price, skipping
2026-08-11 07:48:20,346 [INFO] Instructions saved
2026-08-11 07:49:35,346 [INFO] --- Loop 143 @ 13:19:35 IST ---
2026-08-11 07:49:35,347 [INFO] ⚠️ SBIN: missing entry_price or first_target_price, skipping
2026-08-11 07:49:35,347 [INFO] Instructions saved
2026-08-11 07:50:50,347 [INFO] --- Loop 144 @ 13:20:50 IST ---
2026-08-11 07:50:50,347 [INFO] ⚠️ SBIN: missing entry_price or first_target_price, skipping
2026-08-11 07:50:50,348 [INFO] Instructions saved
2026-08-11 07:52:05,348 [INFO] --- Loop 145 @ 13:22:05 IST ---
2026-08-11 07:52:05,348 [INFO] ⚠️ SBIN: missing entry_price or first_target_price, skipping
2026-08-11 07:52:05,348 [INFO] Instructions saved
2026-08-11 07:53:20,349 [INFO] --- Loop 146 @ 13:23:20 IST ---
2026-08-11 07:53:20,349 [INFO] ⚠️ SBIN: missing entry_price or first_target_price, skipping
2026-08-11 07:53:20,349 [INFO] Instructions saved
2026-08-11 07:54:35,350 [INFO] --- Loop 147 @ 13:24:35 IST ---
2026-08-11 07:54:35,350 [INFO] ⚠️ SBIN: missing entry_price or first_target_price, skipping
2026-08-11 07:54:35,350 [INFO] Instructions saved
2026-08-11 07:55:50,350 [INFO] --- Loop 148 @ 13:25:50 IST ---
2026-08-11 07:55:50,351 [INFO] ⚠️ SBIN: missing entry_price or first_target_price, skipping
2026-08-11 07:55:50,351 [INFO] Instructions saved
2026-08-11 07:57:05,351 [INFO] --- Loop 149 @ 13:27:05 IST ---
2026-08-11 07:57:05,351 [INFO] ⚠️ SBIN: missing entry_price or first_target_price, skipping
2026-08-11 07:57:05,352 [INFO] Instructions saved
2026-08-11 07:58:20,352 [INFO] --- Loop 150 @ 13:28:20 IST ---
2026-08-11 07:58:20,352 [INFO] ⚠️ SBIN: missing entry_price or first_target_price, skipping
2026-08-11 07:58:20,353 [INFO] Instructions saved
2026-08-11 07:59:35,353 [INFO] --- Loop 151 @ 13:29:35 IST ---
2026-08-11 07:59:35,353 [INFO] ⚠️ SBIN: missing entry_price or first_target_price, skipping
2026-08-11 07:59:35,354 [INFO] Instructions saved
2026-08-11 08:00:50,354 [INFO] --- Loop 152 @ 13:30:50 IST ---
2026-08-11 08:00:50,354 [INFO] ⚠️ SBIN: missing entry_price or first_target_price, skipping
2026-08-11 08:00:50,354 [INFO] Instructions saved
2026-08-11 08:02:05,355 [INFO] --- Loop 153 @ 13:32:05 IST ---
2026-08-11 08:02:05,355 [INFO] ⚠️ SBIN: missing entry_price or first_target_price, skipping
2026-08-11 08:02:05,355 [INFO] Instructions saved
2026-08-11 08:03:20,355 [INFO] --- Loop 154 @ 13:33:20 IST ---
2026-08-11 08:03:20,356 [INFO] ⚠️ SBIN: missing entry_price or first_target_price, skipping
2026-08-11 08:03:20,356 [INFO] Instructions saved
2026-08-11 08:04:35,356 [INFO] --- Loop 155 @ 13:34:35 IST ---
2026-08-11 08:04:35,356 [INFO] ⚠️ SBIN: missing entry_price or first_target_price, skipping
2026-08-11 08:04:35,357 [INFO] Instructions saved
2026-08-11 08:05:50,357 [INFO] --- Loop 156 @ 13:35:50 IST ---
2026-08-11 08:05:50,357 [INFO] ⚠️ SBIN: missing entry_price or first_target_price, skipping
2026-08-11 08:05:50,358 [INFO] Instructions saved
2026-08-11 08:07:05,358 [INFO] --- Loop 157 @ 13:37:05 IST ---
2026-08-11 08:07:05,358 [INFO] ⚠️ SBIN: missing entry_price or first_target_price, skipping
2026-08-11 08:07:05,359 [INFO] Instructions saved
2026-08-11 08:08:20,359 [INFO] --- Loop 158 @ 13:38:20 IST ---
2026-08-11 08:08:20,359 [INFO] ⚠️ SBIN: missing entry_price or first_target_price, skipping
2026-08-11 08:08:20,360 [INFO] Instructions saved
2026-08-11 08:09:35,360 [INFO] --- Loop 159 @ 13:39:35 IST ---
2026-08-11 08:09:35,360 [INFO] ⚠️ SBIN: missing entry_price or first_target_price, skipping
2026-08-11 08:09:35,360 [INFO] Instructions saved
2026-08-11 08:10:50,361 [INFO] --- Loop 160 @ 13:40:50 IST ---
2026-08-11 08:10:50,361 [INFO] ⚠️ SBIN: missing entry_price or first_target_price, skipping
2026-08-11 08:10:50,361 [INFO] Instructions saved
2026-08-11 08:12:05,361 [INFO] --- Loop 161 @ 13:42:05 IST ---
2026-08-11 08:12:05,362 [INFO] ⚠️ SBIN: missing entry_price or first_target_price, skipping
2026-08-11 08:12:05,362 [INFO] Instructions saved
2026-08-11 08:13:20,362 [INFO] --- Loop 162 @ 13:43:20 IST ---
2026-08-11 08:13:20,362 [INFO] ⚠️ SBIN: missing entry_price or first_target_price, skipping
2026-08-11 08:13:20,363 [INFO] Instructions saved
2026-08-11 08:14:35,363 [INFO] --- Loop 163 @ 13:44:35 IST ---
2026-08-11 08:14:35,363 [INFO] ⚠️ SBIN: missing entry_price or first_target_price, skipping
2026-08-11 08:14:35,364 [INFO] Instructions saved
2026-08-11 08:15:50,364 [INFO] --- Loop 164 @ 13:45:50 IST ---
2026-08-11 08:15:50,364 [INFO] ⚠️ SBIN: missing entry_price or first_target_price, skipping
2026-08-11 08:15:50,364 [INFO] Instructions saved
2026-08-11 08:17:05,365 [INFO] --- Loop 165 @ 13:47:05 IST ---
2026-08-11 08:17:05,365 [INFO] ⚠️ SBIN: missing entry_price or first_target_price, skipping
2026-08-11 08:17:05,365 [INFO] Instructions saved
2026-08-11 08:18:20,366 [INFO] --- Loop 166 @ 13:48:20 IST ---
2026-08-11 08:18:20,366 [INFO] ⚠️ SBIN: missing entry_price or first_target_price, skipping
2026-08-11 08:18:20,366 [INFO] Instructions saved
2026-08-11 08:19:35,366 [INFO] --- Loop 167 @ 13:49:35 IST ---
2026-08-11 08:19:35,367 [INFO] ⚠️ SBIN: missing entry_price or first_target_price, skipping
2026-08-11 08:19:35,367 [INFO] Instructions saved
2026-08-11 08:20:50,367 [INFO] --- Loop 168 @ 13:50:50 IST ---
2026-08-11 08:20:50,367 [INFO] ⚠️ SBIN: missing entry_price or first_target_price, skipping
2026-08-11 08:20:50,368 [INFO] Instructions saved
2026-08-11 08:22:05,368 [INFO] --- Loop 169 @ 13:52:05 IST ---
2026-08-11 08:22:05,368 [INFO] ⚠️ SBIN: missing entry_price or first_target_price, skipping
2026-08-11 08:22:05,369 [INFO] Instructions saved
2026-08-11 08:23:20,369 [INFO] --- Loop 170 @ 13:53:20 IST ---
2026-08-11 08:23:20,369 [INFO] ⚠️ SBIN: missing entry_price or first_target_price, skipping
2026-08-11 08:23:20,369 [INFO] Instructions saved
2026-08-11 08:24:35,370 [INFO] --- Loop 171 @ 13:54:35 IST ---
2026-08-11 08:24:35,370 [INFO] ⚠️ SBIN: missing entry_price or first_target_price, skipping
2026-08-11 08:24:35,370 [INFO] Instructions saved
2026-08-11 08:25:50,371 [INFO] --- Loop 172 @ 13:55:50 IST ---
2026-08-11 08:25:50,371 [INFO] ⚠️ SBIN: missing entry_price or first_target_price, skipping
2026-08-11 08:25:50,371 [INFO] Instructions saved
2026-08-11 08:27:05,371 [INFO] --- Loop 173 @ 13:57:05 IST ---
2026-08-11 08:27:05,372 [INFO] ⚠️ SBIN: missing entry_price or first_target_price, skipping
2026-08-11 08:27:05,372 [INFO] Instructions saved
2026-08-11 08:28:20,372 [INFO] --- Loop 174 @ 13:58:20 IST ---
2026-08-11 08:28:20,372 [INFO] ⚠️ SBIN: missing entry_price or first_target_price, skipping
2026-08-11 08:28:20,373 [INFO] Instructions saved
2026-08-11 08:29:35,373 [INFO] --- Loop 175 @ 13:59:35 IST ---
2026-08-11 08:29:35,373 [INFO] ⚠️ SBIN: missing entry_price or first_target_price, skipping
2026-08-11 08:29:35,374 [INFO] Instructions saved
2026-08-11 08:30:50,374 [INFO] --- Loop 176 @ 14:00:50 IST ---
2026-08-11 08:30:50,374 [INFO] ⚠️ SBIN: missing entry_price or first_target_price, skipping
2026-08-11 08:30:50,374 [INFO] Instructions saved
2026-08-11 08:32:05,375 [INFO] --- Loop 177 @ 14:02:05 IST ---
2026-08-11 08:32:05,375 [INFO] ⚠️ SBIN: missing entry_price or first_target_price, skipping
2026-08-11 08:32:05,375 [INFO] Instructions saved
2026-08-11 08:33:20,376 [INFO] --- Loop 178 @ 14:03:20 IST ---
2026-08-11 08:33:20,376 [INFO] ⚠️ SBIN: missing entry_price or first_target_price, skipping
2026-08-11 08:33:20,376 [INFO] Instructions saved
2026-08-11 08:34:35,376 [INFO] --- Loop 179 @ 14:04:35 IST ---
2026-08-11 08:34:35,377 [INFO] ⚠️ SBIN: missing entry_price or first_target_price, skipping
2026-08-11 08:34:35,377 [INFO] Instructions saved
2026-08-11 08:35:50,377 [INFO] --- Loop 180 @ 14:05:50 IST ---
2026-08-11 08:35:50,377 [INFO] ⚠️ SBIN: missing entry_price or first_target_price, skipping
2026-08-11 08:35:50,378 [INFO] Instructions saved
2026-08-11 08:37:05,378 [INFO] --- Loop 181 @ 14:07:05 IST ---
2026-08-11 08:37:05,378 [INFO] ⚠️ SBIN: missing entry_price or first_target_price, skipping
2026-08-11 08:37:05,379 [INFO] Instructions saved
2026-08-11 08:38:20,379 [INFO] --- Loop 182 @ 14:08:20 IST ---
2026-08-11 08:38:20,379 [INFO] ⚠️ SBIN: missing entry_price or first_target_price, skipping
2026-08-11 08:38:20,380 [INFO] Instructions saved
2026-08-11 08:39:35,380 [INFO] --- Loop 183 @ 14:09:35 IST ---
2026-08-11 08:39:35,380 [INFO] ⚠️ SBIN: missing entry_price or first_target_price, skipping
2026-08-11 08:39:35,380 [INFO] Instructions saved
2026-08-11 08:40:50,381 [INFO] --- Loop 184 @ 14:10:50 IST ---
2026-08-11 08:40:50,381 [INFO] ⚠️ SBIN: missing entry_price or first_target_price, skipping
2026-08-11 08:40:50,381 [INFO] Instructions saved
2026-08-11 08:42:05,381 [INFO] --- Loop 185 @ 14:12:05 IST ---
2026-08-11 08:42:05,382 [INFO] ⚠️ SBIN: missing entry_price or first_target_price, skipping
2026-08-11 08:42:05,382 [INFO] Instructions saved
2026-08-11 08:43:20,382 [INFO] --- Loop 186 @ 14:13:20 IST ---
2026-08-11 08:43:20,382 [INFO] ⚠️ SBIN: missing entry_price or first_target_price, skipping
2026-08-11 08:43:20,383 [INFO] Instructions saved
2026-08-11 08:44:35,383 [INFO] --- Loop 187 @ 14:14:35 IST ---
2026-08-11 08:44:35,383 [INFO] ⚠️ SBIN: missing entry_price or first_target_price, skipping
2026-08-11 08:44:35,384 [INFO] Instructions saved
2026-08-11 08:45:50,384 [INFO] --- Loop 188 @ 14:15:50 IST ---
2026-08-11 08:45:50,384 [INFO] ⚠️ SBIN: missing entry_price or first_target_price, skipping
2026-08-11 08:45:50,385 [INFO] Instructions saved
2026-08-11 08:47:05,385 [INFO] --- Loop 189 @ 14:17:05 IST ---
2026-08-11 08:47:05,385 [INFO] ⚠️ SBIN: missing entry_price or first_target_price, skipping
2026-08-11 08:47:05,385 [INFO] Instructions saved
2026-08-11 08:48:20,386 [INFO] --- Loop 190 @ 14:18:20 IST ---
2026-08-11 08:48:20,386 [INFO] ⚠️ SBIN: missing entry_price or first_target_price, skipping
2026-08-11 08:48:20,386 [INFO] Instructions saved
2026-08-11 08:49:35,386 [INFO] --- Loop 191 @ 14:19:35 IST ---
2026-08-11 08:49:35,387 [INFO] ⚠️ SBIN: missing entry_price or first_target_price, skipping
2026-08-11 08:49:35,387 [INFO] Instructions saved
2026-08-11 08:50:50,387 [INFO] --- Loop 192 @ 14:20:50 IST ---
2026-08-11 08:50:50,387 [INFO] ⚠️ SBIN: missing entry_price or first_target_price, skipping
2026-08-11 08:50:50,388 [INFO] Instructions saved
2026-08-11 08:52:05,388 [INFO] --- Loop 193 @ 14:22:05 IST ---
2026-08-11 08:52:05,388 [INFO] ⚠️ SBIN: missing entry_price or first_target_price, skipping
2026-08-11 08:52:05,389 [INFO] Instructions saved
2026-08-11 08:53:20,389 [INFO] --- Loop 194 @ 14:23:20 IST ---
2026-08-11 08:53:20,389 [INFO] ⚠️ SBIN: missing entry_price or first_target_price, skipping
2026-08-11 08:53:20,389 [INFO] Instructions saved
2026-08-11 08:54:35,390 [INFO] --- Loop 195 @ 14:24:35 IST ---
2026-08-11 08:54:35,390 [INFO] ⚠️ SBIN: missing entry_price or first_target_price, skipping
2026-08-11 08:54:35,390 [INFO] Instructions saved
2026-08-11 08:55:50,391 [INFO] --- Loop 196 @ 14:25:50 IST ---
2026-08-11 08:55:50,391 [INFO] ⚠️ SBIN: missing entry_price or first_target_price, skipping
2026-08-11 08:55:50,391 [INFO] Instructions saved
2026-08-11 08:57:05,391 [INFO] --- Loop 197 @ 14:27:05 IST ---
2026-08-11 08:57:05,392 [INFO] ⚠️ SBIN: missing entry_price or first_target_price, skipping
2026-08-11 08:57:05,392 [INFO] Instructions saved
2026-08-11 08:58:20,392 [INFO] --- Loop 198 @ 14:28:20 IST ---
2026-08-11 08:58:20,393 [INFO] ⚠️ SBIN: missing entry_price or first_target_price, skipping
2026-08-11 08:58:20,393 [INFO] Instructions saved
2026-08-11 08:59:35,393 [INFO] --- Loop 199 @ 14:29:35 IST ---
2026-08-11 08:59:35,393 [INFO] ⚠️ SBIN: missing entry_price or first_target_price, skipping
2026-08-11 08:59:35,394 [INFO] Instructions saved
2026-08-11 09:00:50,394 [INFO] --- Loop 200 @ 14:30:50 IST ---
2026-08-11 09:00:50,394 [INFO] ⚠️ SBIN: missing entry_price or first_target_price, skipping
2026-08-11 09:00:50,395 [INFO] Instructions saved
2026-08-11 09:02:05,395 [INFO] --- Loop 201 @ 14:32:05 IST ---
2026-08-11 09:02:05,395 [INFO] ⚠️ SBIN: missing entry_price or first_target_price, skipping
2026-08-11 09:02:05,395 [INFO] Instructions saved
2026-08-11 09:03:20,396 [INFO] --- Loop 202 @ 14:33:20 IST ---
2026-08-11 09:03:20,396 [INFO] ⚠️ SBIN: missing entry_price or first_target_price, skipping
2026-08-11 09:03:20,396 [INFO] Instructions saved
2026-08-11 09:04:35,396 [INFO] --- Loop 203 @ 14:34:35 IST ---
2026-08-11 09:04:35,397 [INFO] ⚠️ SBIN: missing entry_price or first_target_price, skipping
2026-08-11 09:04:35,397 [INFO] Instructions saved
2026-08-11 09:05:50,397 [INFO] --- Loop 204 @ 14:35:50 IST ---
2026-08-11 09:05:50,397 [INFO] ⚠️ SBIN: missing entry_price or first_target_price, skipping
2026-08-11 09:05:50,398 [INFO] Instructions saved
2026-08-11 09:07:05,398 [INFO] --- Loop 205 @ 14:37:05 IST ---
2026-08-11 09:07:05,398 [INFO] ⚠️ SBIN: missing entry_price or first_target_price, skipping
2026-08-11 09:07:05,399 [INFO] Instructions saved
2026-08-11 09:08:20,399 [INFO] --- Loop 206 @ 14:38:20 IST ---
2026-08-11 09:08:20,399 [INFO] ⚠️ SBIN: missing entry_price or first_target_price, skipping
2026-08-11 09:08:20,400 [INFO] Instructions saved
2026-08-11 09:09:35,400 [INFO] --- Loop 207 @ 14:39:35 IST ---
2026-08-11 09:09:35,400 [INFO] ⚠️ SBIN: missing entry_price or first_target_price, skipping
2026-08-11 09:09:35,400 [INFO] Instructions saved
2026-08-11 09:10:50,401 [INFO] --- Loop 208 @ 14:40:50 IST ---
2026-08-11 09:10:50,401 [INFO] ⚠️ SBIN: missing entry_price or first_target_price, skipping
2026-08-11 09:10:50,401 [INFO] Instructions saved
2026-08-11 09:12:05,402 [INFO] --- Loop 209 @ 14:42:05 IST ---
2026-08-11 09:12:05,402 [INFO] ⚠️ SBIN: missing entry_price or first_target_price, skipping
2026-08-11 09:12:05,402 [INFO] Instructions saved
2026-08-11 09:13:20,402 [INFO] --- Loop 210 @ 14:43:20 IST ---
2026-08-11 09:13:20,403 [INFO] ⚠️ SBIN: missing entry_price or first_target_price, skipping
2026-08-11 09:13:20,403 [INFO] Instructions saved
2026-08-11 09:14:35,403 [INFO] --- Loop 211 @ 14:44:35 IST ---
2026-08-11 09:14:35,403 [INFO] ⚠️ SBIN: missing entry_price or first_target_price, skipping
2026-08-11 09:14:35,404 [INFO] Instructions saved
2026-08-11 09:15:50,404 [INFO] --- Loop 212 @ 14:45:50 IST ---
2026-08-11 09:15:50,404 [INFO] ⚠️ SBIN: missing entry_price or first_target_price, skipping
2026-08-11 09:15:50,405 [INFO] Instructions saved
2026-08-11 09:17:05,405 [INFO] --- Loop 213 @ 14:47:05 IST ---
2026-08-11 09:17:05,405 [INFO] ⚠️ SBIN: missing entry_price or first_target_price, skipping
2026-08-11 09:17:05,406 [INFO] Instructions saved
2026-08-11 09:18:20,406 [INFO] --- Loop 214 @ 14:48:20 IST ---
2026-08-11 09:18:20,406 [INFO] ⚠️ SBIN: missing entry_price or first_target_price, skipping
2026-08-11 09:18:20,406 [INFO] Instructions saved
2026-08-11 09:19:35,407 [INFO] --- Loop 215 @ 14:49:35 IST ---
2026-08-11 09:19:35,407 [INFO] ⚠️ SBIN: missing entry_price or first_target_price, skipping
2026-08-11 09:19:35,407 [INFO] Instructions saved
2026-08-11 09:20:50,408 [INFO] --- Loop 216 @ 14:50:50 IST ---
2026-08-11 09:20:50,408 [INFO] ⚠️ SBIN: missing entry_price or first_target_price, skipping
2026-08-11 09:20:50,408 [INFO] Instructions saved
2026-08-11 09:22:05,409 [INFO] --- Loop 217 @ 14:52:05 IST ---
2026-08-11 09:22:05,409 [INFO] ⚠️ SBIN: missing entry_price or first_target_price, skipping
2026-08-11 09:22:05,409 [INFO] Instructions saved
2026-08-11 09:23:20,410 [INFO] --- Loop 218 @ 14:53:20 IST ---
2026-08-11 09:23:20,410 [INFO] ⚠️ SBIN: missing entry_price or first_target_price, skipping
2026-08-11 09:23:20,410 [INFO] Instructions saved
2026-08-11 09:24:35,410 [INFO] --- Loop 219 @ 14:54:35 IST ---
2026-08-11 09:24:35,411 [INFO] ⚠️ SBIN: missing entry_price or first_target_price, skipping
2026-08-11 09:24:35,411 [INFO] Instructions saved
2026-08-11 09:25:50,411 [INFO] --- Loop 220 @ 14:55:50 IST ---
2026-08-11 09:25:50,411 [INFO] ⚠️ SBIN: missing entry_price or first_target_price, skipping
2026-08-11 09:25:50,412 [INFO] Instructions saved
2026-08-11 09:27:05,412 [INFO] --- Loop 221 @ 14:57:05 IST ---
2026-08-11 09:27:05,412 [INFO] ⚠️ SBIN: missing entry_price or first_target_price, skipping
2026-08-11 09:27:05,413 [INFO] Instructions saved
2026-08-11 09:28:20,413 [INFO] --- Loop 222 @ 14:58:20 IST ---
2026-08-11 09:28:20,413 [INFO] ⚠️ SBIN: missing entry_price or first_target_price, skipping
2026-08-11 09:28:20,413 [INFO] Instructions saved
2026-08-11 09:29:35,414 [INFO] --- Loop 223 @ 14:59:35 IST ---
2026-08-11 09:29:35,414 [INFO] ⚠️ SBIN: missing entry_price or first_target_price, skipping
2026-08-11 09:29:35,414 [INFO] Instructions saved
2026-08-11 09:30:50,414 [INFO] --- Loop 224 @ 15:00:50 IST ---
2026-08-11 09:30:50,415 [INFO] ⚠️ SBIN: missing entry_price or first_target_price, skipping
2026-08-11 09:30:50,415 [INFO] Instructions saved
2026-08-11 09:32:05,415 [INFO] --- Loop 225 @ 15:02:05 IST ---
2026-08-11 09:32:05,415 [INFO] ⚠️ SBIN: missing entry_price or first_target_price, skipping
2026-08-11 09:32:05,416 [INFO] Instructions saved
2026-08-11 09:33:20,416 [INFO] --- Loop 226 @ 15:03:20 IST ---
2026-08-11 09:33:20,416 [INFO] ⚠️ SBIN: missing entry_price or first_target_price, skipping
2026-08-11 09:33:20,416 [INFO] Instructions saved
2026-08-11 09:34:35,417 [INFO] --- Loop 227 @ 15:04:35 IST ---
2026-08-11 09:34:35,417 [INFO] ⚠️ SBIN: missing entry_price or first_target_price, skipping
2026-08-11 09:34:35,417 [INFO] Instructions saved
2026-08-11 09:35:50,417 [INFO] --- Loop 228 @ 15:05:50 IST ---
2026-08-11 09:35:50,418 [INFO] ⚠️ SBIN: missing entry_price or first_target_price, skipping
2026-08-11 09:35:50,418 [INFO] Instructions saved
2026-08-11 09:37:05,418 [INFO] --- Loop 229 @ 15:07:05 IST ---
2026-08-11 09:37:05,419 [INFO] ⚠️ SBIN: missing entry_price or first_target_price, skipping
2026-08-11 09:37:05,419 [INFO] Instructions saved
2026-08-11 09:38:20,419 [INFO] --- Loop 230 @ 15:08:20 IST ---
2026-08-11 09:38:20,419 [INFO] ⚠️ SBIN: missing entry_price or first_target_price, skipping
2026-08-11 09:38:20,420 [INFO] Instructions saved
2026-08-11 09:39:35,420 [INFO] --- Loop 231 @ 15:09:35 IST ---
2026-08-11 09:39:35,420 [INFO] ⚠️ SBIN: missing entry_price or first_target_price, skipping
2026-08-11 09:39:35,420 [INFO] Instructions saved
2026-08-11 09:40:50,421 [INFO] --- Loop 232 @ 15:10:50 IST ---
2026-08-11 09:40:50,421 [INFO] ⚠️ SBIN: missing entry_price or first_target_price, skipping
2026-08-11 09:40:50,421 [INFO] Instructions saved
2026-08-11 09:42:05,422 [INFO] --- Loop 233 @ 15:12:05 IST ---
2026-08-11 09:42:05,422 [INFO] ⚠️ SBIN: missing entry_price or first_target_price, skipping
2026-08-11 09:42:05,422 [INFO] Instructions saved
2026-08-11 09:43:20,423 [INFO] --- Loop 234 @ 15:13:20 IST ---
2026-08-11 09:43:20,423 [INFO] ⚠️ SBIN: missing entry_price or first_target_price, skipping
2026-08-11 09:43:20,423 [INFO] Instructions saved
2026-08-11 09:44:35,423 [INFO] --- Loop 235 @ 15:14:35 IST ---
2026-08-11 09:44:35,424 [INFO] ⚠️ SBIN: missing entry_price or first_target_price, skipping
2026-08-11 09:44:35,424 [INFO] Instructions saved
2026-08-11 09:45:50,424 [INFO] --- Loop 236 @ 15:15:50 IST ---
2026-08-11 09:45:50,425 [INFO] ⚠️ SBIN: missing entry_price or first_target_price, skipping
2026-08-11 09:45:50,425 [INFO] Instructions saved
2026-08-11 09:47:05,425 [INFO] --- Loop 237 @ 15:17:05 IST ---
2026-08-11 09:47:05,425 [INFO] ⚠️ SBIN: missing entry_price or first_target_price, skipping
2026-08-11 09:47:05,426 [INFO] Instructions saved
2026-08-11 09:48:20,426 [INFO] --- Loop 238 @ 15:18:20 IST ---
2026-08-11 09:48:20,426 [INFO] ⚠️ SBIN: missing entry_price or first_target_price, skipping
2026-08-11 09:48:20,427 [INFO] Instructions saved
2026-08-11 09:49:35,427 [INFO] --- Loop 239 @ 15:19:35 IST ---
2026-08-11 09:49:35,427 [INFO] ⚠️ SBIN: missing entry_price or first_target_price, skipping
2026-08-11 09:49:35,427 [INFO] Instructions saved
2026-08-11 09:50:50,428 [INFO] --- Loop 240 @ 15:20:50 IST ---
2026-08-11 09:50:50,428 [INFO] ⚠️ SBIN: missing entry_price or first_target_price, skipping
2026-08-11 09:50:50,428 [INFO] Instructions saved
2026-08-11 09:52:05,429 [INFO] --- Loop 241 @ 15:22:05 IST ---
2026-08-11 09:52:05,429 [INFO] ⚠️ SBIN: missing entry_price or first_target_price, skipping
2026-08-11 09:52:05,429 [INFO] Instructions saved
2026-08-11 09:53:20,429 [INFO] --- Loop 242 @ 15:23:20 IST ---
2026-08-11 09:53:20,430 [INFO] ⚠️ SBIN: missing entry_price or first_target_price, skipping
2026-08-11 09:53:20,430 [INFO] Instructions saved
2026-08-11 09:54:35,430 [INFO] --- Loop 243 @ 15:24:35 IST ---
2026-08-11 09:54:35,430 [INFO] ⚠️ SBIN: missing entry_price or first_target_price, skipping
2026-08-11 09:54:35,431 [INFO] Instructions saved
2026-08-11 09:55:50,431 [INFO] --- Loop 244 @ 15:25:50 IST ---
2026-08-11 09:55:50,431 [INFO] ⚠️ SBIN: missing entry_price or first_target_price, skipping
2026-08-11 09:55:50,432 [INFO] Instructions saved
2026-08-11 09:57:05,432 [INFO] --- Loop 245 @ 15:27:05 IST ---
2026-08-11 09:57:05,432 [INFO] ⚠️ SBIN: missing entry_price or first_target_price, skipping
2026-08-11 09:57:05,432 [INFO] Instructions saved
2026-08-11 09:58:20,433 [INFO] --- Loop 246 @ 15:28:20 IST ---
2026-08-11 09:58:20,433 [INFO] ⚠️ SBIN: missing entry_price or first_target_price, skipping
2026-08-11 09:58:20,433 [INFO] Instructions saved
2026-08-11 09:59:35,434 [INFO] --- Loop 247 @ 15:29:35 IST ---
2026-08-11 09:59:35,434 [INFO] ⚠️ SBIN: missing entry_price or first_target_price, skipping
2026-08-11 09:59:35,434 [INFO] Instructions saved
2026-08-11 10:00:50,434 [INFO] --- Loop 248 @ 15:30:50 IST ---
2026-08-11 10:00:50,435 [INFO] ⚠️ SBIN: missing entry_price or first_target_price, skipping
2026-08-11 10:00:50,435 [INFO] Instructions saved
2026-08-11 10:00:50,435 [INFO] Market closed. Continuing brief monitoring until hard stop for final GTT status...
2026-08-11 10:02:05,435 [INFO] --- Loop 249 @ 15:32:05 IST ---
2026-08-11 10:02:05,435 [INFO] ⚠️ SBIN: missing entry_price or first_target_price, skipping
2026-08-11 10:02:05,436 [INFO] Instructions saved
2026-08-11 10:02:05,436 [INFO] Market closed. Continuing brief monitoring until hard stop for final GTT status...
2026-08-11 10:03:20,436 [INFO] --- Loop 250 @ 15:33:20 IST ---
2026-08-11 10:03:20,436 [INFO] ⚠️ SBIN: missing entry_price or first_target_price, skipping
2026-08-11 10:03:20,437 [INFO] Instructions saved
2026-08-11 10:03:20,437 [INFO] Market closed. Continuing brief monitoring until hard stop for final GTT status...
2026-08-11 10:04:35,437 [INFO] --- Loop 251 @ 15:34:35 IST ---
2026-08-11 10:04:35,437 [INFO] ⚠️ SBIN: missing entry_price or first_target_price, skipping
2026-08-11 10:04:35,438 [INFO] Instructions saved
2026-08-11 10:04:35,438 [INFO] Market closed. Continuing brief monitoring until hard stop for final GTT status...
2026-08-11 10:05:50,438 [INFO] Reached hard stop time. Ending trading day loop.
2026-08-11 10:05:50,438 [INFO] ============================================================
2026-08-11 10:05:50,438 [INFO] Trading day summary
2026-08-11 10:05:50,438 [INFO] Trades opened today: 0
2026-08-11 10:05:50,438 [INFO] Still active (multi-day): 0
2026-08-11 10:05:50,438 [INFO] ============================================================
