2026-08-26 04:21:47,339 [INFO] ============================================================
2026-08-26 04:21:47,340 [INFO] Trading day started — 2026-08-26
2026-08-26 04:21:47,340 [INFO] ============================================================
2026-08-26 04:21:47,340 [WARNING] Instructions are from 2026-06-22, not today (2026-08-26). Proceeding with existing watchlist anyway — update state/instructions.json for fresh rules.
2026-08-26 04:21:47,340 [INFO] --- Loop 1 @ 09:51:47 IST ---
2026-08-26 04:21:47,340 [INFO] ⚠️ SBIN: missing entry_price or first_target_price, skipping
2026-08-26 04:21:47,340 [INFO] Instructions saved
2026-08-26 04:23:02,341 [INFO] --- Loop 2 @ 09:53:02 IST ---
2026-08-26 04:23:02,341 [INFO] ⚠️ SBIN: missing entry_price or first_target_price, skipping
2026-08-26 04:23:02,341 [INFO] Instructions saved
2026-08-26 04:24:17,342 [INFO] --- Loop 3 @ 09:54:17 IST ---
2026-08-26 04:24:17,342 [INFO] ⚠️ SBIN: missing entry_price or first_target_price, skipping
2026-08-26 04:24:17,342 [INFO] Instructions saved
2026-08-26 04:25:32,342 [INFO] --- Loop 4 @ 09:55:32 IST ---
2026-08-26 04:25:32,343 [INFO] ⚠️ SBIN: missing entry_price or first_target_price, skipping
2026-08-26 04:25:32,343 [INFO] Instructions saved
2026-08-26 04:26:47,343 [INFO] --- Loop 5 @ 09:56:47 IST ---
2026-08-26 04:26:47,343 [INFO] ⚠️ SBIN: missing entry_price or first_target_price, skipping
2026-08-26 04:26:47,344 [INFO] Instructions saved
2026-08-26 04:28:02,344 [INFO] --- Loop 6 @ 09:58:02 IST ---
2026-08-26 04:28:02,344 [INFO] ⚠️ SBIN: missing entry_price or first_target_price, skipping
2026-08-26 04:28:02,345 [INFO] Instructions saved
2026-08-26 04:29:17,345 [INFO] --- Loop 7 @ 09:59:17 IST ---
2026-08-26 04:29:17,345 [INFO] ⚠️ SBIN: missing entry_price or first_target_price, skipping
2026-08-26 04:29:17,346 [INFO] Instructions saved
2026-08-26 04:30:32,346 [INFO] --- Loop 8 @ 10:00:32 IST ---
2026-08-26 04:30:32,346 [INFO] ⚠️ SBIN: missing entry_price or first_target_price, skipping
2026-08-26 04:30:32,347 [INFO] Instructions saved
2026-08-26 04:31:47,347 [INFO] --- Loop 9 @ 10:01:47 IST ---
2026-08-26 04:31:47,347 [INFO] ⚠️ SBIN: missing entry_price or first_target_price, skipping
2026-08-26 04:31:47,348 [INFO] Instructions saved
2026-08-26 04:33:02,348 [INFO] --- Loop 10 @ 10:03:02 IST ---
2026-08-26 04:33:02,348 [INFO] ⚠️ SBIN: missing entry_price or first_target_price, skipping
2026-08-26 04:33:02,348 [INFO] Instructions saved
2026-08-26 04:34:17,349 [INFO] --- Loop 11 @ 10:04:17 IST ---
2026-08-26 04:34:17,349 [INFO] ⚠️ SBIN: missing entry_price or first_target_price, skipping
2026-08-26 04:34:17,349 [INFO] Instructions saved
2026-08-26 04:35:32,350 [INFO] --- Loop 12 @ 10:05:32 IST ---
2026-08-26 04:35:32,350 [INFO] ⚠️ SBIN: missing entry_price or first_target_price, skipping
2026-08-26 04:35:32,351 [INFO] Instructions saved
2026-08-26 04:36:47,351 [INFO] --- Loop 13 @ 10:06:47 IST ---
2026-08-26 04:36:47,351 [INFO] ⚠️ SBIN: missing entry_price or first_target_price, skipping
2026-08-26 04:36:47,352 [INFO] Instructions saved
2026-08-26 04:38:02,352 [INFO] --- Loop 14 @ 10:08:02 IST ---
2026-08-26 04:38:02,352 [INFO] ⚠️ SBIN: missing entry_price or first_target_price, skipping
2026-08-26 04:38:02,353 [INFO] Instructions saved
2026-08-26 04:39:17,353 [INFO] --- Loop 15 @ 10:09:17 IST ---
2026-08-26 04:39:17,353 [INFO] ⚠️ SBIN: missing entry_price or first_target_price, skipping
2026-08-26 04:39:17,353 [INFO] Instructions saved
2026-08-26 04:40:32,354 [INFO] --- Loop 16 @ 10:10:32 IST ---
2026-08-26 04:40:32,354 [INFO] ⚠️ SBIN: missing entry_price or first_target_price, skipping
2026-08-26 04:40:32,354 [INFO] Instructions saved
2026-08-26 04:41:47,355 [INFO] --- Loop 17 @ 10:11:47 IST ---
2026-08-26 04:41:47,355 [INFO] ⚠️ SBIN: missing entry_price or first_target_price, skipping
2026-08-26 04:41:47,355 [INFO] Instructions saved
2026-08-26 04:43:02,356 [INFO] --- Loop 18 @ 10:13:02 IST ---
2026-08-26 04:43:02,356 [INFO] ⚠️ SBIN: missing entry_price or first_target_price, skipping
2026-08-26 04:43:02,356 [INFO] Instructions saved
2026-08-26 04:44:17,356 [INFO] --- Loop 19 @ 10:14:17 IST ---
2026-08-26 04:44:17,357 [INFO] ⚠️ SBIN: missing entry_price or first_target_price, skipping
2026-08-26 04:44:17,357 [INFO] Instructions saved
2026-08-26 04:45:32,357 [INFO] --- Loop 20 @ 10:15:32 IST ---
2026-08-26 04:45:32,357 [INFO] ⚠️ SBIN: missing entry_price or first_target_price, skipping
2026-08-26 04:45:32,358 [INFO] Instructions saved
2026-08-26 04:46:47,358 [INFO] --- Loop 21 @ 10:16:47 IST ---
2026-08-26 04:46:47,358 [INFO] ⚠️ SBIN: missing entry_price or first_target_price, skipping
2026-08-26 04:46:47,359 [INFO] Instructions saved
2026-08-26 04:48:02,359 [INFO] --- Loop 22 @ 10:18:02 IST ---
2026-08-26 04:48:02,359 [INFO] ⚠️ SBIN: missing entry_price or first_target_price, skipping
2026-08-26 04:48:02,360 [INFO] Instructions saved
2026-08-26 04:49:17,360 [INFO] --- Loop 23 @ 10:19:17 IST ---
2026-08-26 04:49:17,360 [INFO] ⚠️ SBIN: missing entry_price or first_target_price, skipping
2026-08-26 04:49:17,361 [INFO] Instructions saved
2026-08-26 04:50:32,361 [INFO] --- Loop 24 @ 10:20:32 IST ---
2026-08-26 04:50:32,361 [INFO] ⚠️ SBIN: missing entry_price or first_target_price, skipping
2026-08-26 04:50:32,361 [INFO] Instructions saved
2026-08-26 04:51:47,362 [INFO] --- Loop 25 @ 10:21:47 IST ---
2026-08-26 04:51:47,362 [INFO] ⚠️ SBIN: missing entry_price or first_target_price, skipping
2026-08-26 04:51:47,362 [INFO] Instructions saved
2026-08-26 04:53:02,363 [INFO] --- Loop 26 @ 10:23:02 IST ---
2026-08-26 04:53:02,363 [INFO] ⚠️ SBIN: missing entry_price or first_target_price, skipping
2026-08-26 04:53:02,363 [INFO] Instructions saved
2026-08-26 04:54:17,364 [INFO] --- Loop 27 @ 10:24:17 IST ---
2026-08-26 04:54:17,364 [INFO] ⚠️ SBIN: missing entry_price or first_target_price, skipping
2026-08-26 04:54:17,364 [INFO] Instructions saved
2026-08-26 04:55:32,364 [INFO] --- Loop 28 @ 10:25:32 IST ---
2026-08-26 04:55:32,365 [INFO] ⚠️ SBIN: missing entry_price or first_target_price, skipping
2026-08-26 04:55:32,365 [INFO] Instructions saved
2026-08-26 04:56:47,365 [INFO] --- Loop 29 @ 10:26:47 IST ---
2026-08-26 04:56:47,365 [INFO] ⚠️ SBIN: missing entry_price or first_target_price, skipping
2026-08-26 04:56:47,366 [INFO] Instructions saved
2026-08-26 04:58:02,366 [INFO] --- Loop 30 @ 10:28:02 IST ---
2026-08-26 04:58:02,366 [INFO] ⚠️ SBIN: missing entry_price or first_target_price, skipping
2026-08-26 04:58:02,367 [INFO] Instructions saved
2026-08-26 04:59:17,367 [INFO] --- Loop 31 @ 10:29:17 IST ---
2026-08-26 04:59:17,367 [INFO] ⚠️ SBIN: missing entry_price or first_target_price, skipping
2026-08-26 04:59:17,368 [INFO] Instructions saved
2026-08-26 05:00:32,368 [INFO] --- Loop 32 @ 10:30:32 IST ---
2026-08-26 05:00:32,368 [INFO] ⚠️ SBIN: missing entry_price or first_target_price, skipping
2026-08-26 05:00:32,368 [INFO] Instructions saved
2026-08-26 05:01:47,369 [INFO] --- Loop 33 @ 10:31:47 IST ---
2026-08-26 05:01:47,369 [INFO] ⚠️ SBIN: missing entry_price or first_target_price, skipping
2026-08-26 05:01:47,369 [INFO] Instructions saved
2026-08-26 05:03:02,370 [INFO] --- Loop 34 @ 10:33:02 IST ---
2026-08-26 05:03:02,370 [INFO] ⚠️ SBIN: missing entry_price or first_target_price, skipping
2026-08-26 05:03:02,370 [INFO] Instructions saved
2026-08-26 05:04:17,371 [INFO] --- Loop 35 @ 10:34:17 IST ---
2026-08-26 05:04:17,371 [INFO] ⚠️ SBIN: missing entry_price or first_target_price, skipping
2026-08-26 05:04:17,371 [INFO] Instructions saved
2026-08-26 05:05:32,371 [INFO] --- Loop 36 @ 10:35:32 IST ---
2026-08-26 05:05:32,372 [INFO] ⚠️ SBIN: missing entry_price or first_target_price, skipping
2026-08-26 05:05:32,372 [INFO] Instructions saved
2026-08-26 05:06:47,373 [INFO] --- Loop 37 @ 10:36:47 IST ---
2026-08-26 05:06:47,373 [INFO] ⚠️ SBIN: missing entry_price or first_target_price, skipping
2026-08-26 05:06:47,373 [INFO] Instructions saved
2026-08-26 05:08:02,373 [INFO] --- Loop 38 @ 10:38:02 IST ---
2026-08-26 05:08:02,374 [INFO] ⚠️ SBIN: missing entry_price or first_target_price, skipping
2026-08-26 05:08:02,374 [INFO] Instructions saved
2026-08-26 05:09:17,374 [INFO] --- Loop 39 @ 10:39:17 IST ---
2026-08-26 05:09:17,374 [INFO] ⚠️ SBIN: missing entry_price or first_target_price, skipping
2026-08-26 05:09:17,375 [INFO] Instructions saved
2026-08-26 05:10:32,375 [INFO] --- Loop 40 @ 10:40:32 IST ---
2026-08-26 05:10:32,375 [INFO] ⚠️ SBIN: missing entry_price or first_target_price, skipping
2026-08-26 05:10:32,376 [INFO] Instructions saved
2026-08-26 05:11:47,376 [INFO] --- Loop 41 @ 10:41:47 IST ---
2026-08-26 05:11:47,376 [INFO] ⚠️ SBIN: missing entry_price or first_target_price, skipping
2026-08-26 05:11:47,377 [INFO] Instructions saved
2026-08-26 05:13:02,377 [INFO] --- Loop 42 @ 10:43:02 IST ---
2026-08-26 05:13:02,377 [INFO] ⚠️ SBIN: missing entry_price or first_target_price, skipping
2026-08-26 05:13:02,378 [INFO] Instructions saved
2026-08-26 05:14:17,378 [INFO] --- Loop 43 @ 10:44:17 IST ---
2026-08-26 05:14:17,378 [INFO] ⚠️ SBIN: missing entry_price or first_target_price, skipping
2026-08-26 05:14:17,379 [INFO] Instructions saved
2026-08-26 05:15:32,379 [INFO] --- Loop 44 @ 10:45:32 IST ---
2026-08-26 05:15:32,379 [INFO] ⚠️ SBIN: missing entry_price or first_target_price, skipping
2026-08-26 05:15:32,380 [INFO] Instructions saved
2026-08-26 05:16:47,380 [INFO] --- Loop 45 @ 10:46:47 IST ---
2026-08-26 05:16:47,380 [INFO] ⚠️ SBIN: missing entry_price or first_target_price, skipping
2026-08-26 05:16:47,381 [INFO] Instructions saved
2026-08-26 05:18:02,381 [INFO] --- Loop 46 @ 10:48:02 IST ---
2026-08-26 05:18:02,381 [INFO] ⚠️ SBIN: missing entry_price or first_target_price, skipping
2026-08-26 05:18:02,382 [INFO] Instructions saved
2026-08-26 05:19:17,382 [INFO] --- Loop 47 @ 10:49:17 IST ---
2026-08-26 05:19:17,382 [INFO] ⚠️ SBIN: missing entry_price or first_target_price, skipping
2026-08-26 05:19:17,383 [INFO] Instructions saved
2026-08-26 05:20:32,383 [INFO] --- Loop 48 @ 10:50:32 IST ---
2026-08-26 05:20:32,383 [INFO] ⚠️ SBIN: missing entry_price or first_target_price, skipping
2026-08-26 05:20:32,384 [INFO] Instructions saved
2026-08-26 05:21:47,384 [INFO] --- Loop 49 @ 10:51:47 IST ---
2026-08-26 05:21:47,384 [INFO] ⚠️ SBIN: missing entry_price or first_target_price, skipping
2026-08-26 05:21:47,384 [INFO] Instructions saved
2026-08-26 05:23:02,385 [INFO] --- Loop 50 @ 10:53:02 IST ---
2026-08-26 05:23:02,385 [INFO] ⚠️ SBIN: missing entry_price or first_target_price, skipping
2026-08-26 05:23:02,385 [INFO] Instructions saved
2026-08-26 05:24:17,386 [INFO] --- Loop 51 @ 10:54:17 IST ---
2026-08-26 05:24:17,386 [INFO] ⚠️ SBIN: missing entry_price or first_target_price, skipping
2026-08-26 05:24:17,386 [INFO] Instructions saved
2026-08-26 05:25:32,386 [INFO] --- Loop 52 @ 10:55:32 IST ---
2026-08-26 05:25:32,387 [INFO] ⚠️ SBIN: missing entry_price or first_target_price, skipping
2026-08-26 05:25:32,387 [INFO] Instructions saved
2026-08-26 05:26:47,387 [INFO] --- Loop 53 @ 10:56:47 IST ---
2026-08-26 05:26:47,387 [INFO] ⚠️ SBIN: missing entry_price or first_target_price, skipping
2026-08-26 05:26:47,388 [INFO] Instructions saved
2026-08-26 05:28:02,388 [INFO] --- Loop 54 @ 10:58:02 IST ---
2026-08-26 05:28:02,388 [INFO] ⚠️ SBIN: missing entry_price or first_target_price, skipping
2026-08-26 05:28:02,389 [INFO] Instructions saved
2026-08-26 05:29:17,389 [INFO] --- Loop 55 @ 10:59:17 IST ---
2026-08-26 05:29:17,389 [INFO] ⚠️ SBIN: missing entry_price or first_target_price, skipping
2026-08-26 05:29:17,390 [INFO] Instructions saved
2026-08-26 05:30:32,390 [INFO] --- Loop 56 @ 11:00:32 IST ---
2026-08-26 05:30:32,390 [INFO] ⚠️ SBIN: missing entry_price or first_target_price, skipping
2026-08-26 05:30:32,391 [INFO] Instructions saved
2026-08-26 05:31:47,391 [INFO] --- Loop 57 @ 11:01:47 IST ---
2026-08-26 05:31:47,391 [INFO] ⚠️ SBIN: missing entry_price or first_target_price, skipping
2026-08-26 05:31:47,392 [INFO] Instructions saved
2026-08-26 05:33:02,392 [INFO] --- Loop 58 @ 11:03:02 IST ---
2026-08-26 05:33:02,392 [INFO] ⚠️ SBIN: missing entry_price or first_target_price, skipping
2026-08-26 05:33:02,392 [INFO] Instructions saved
2026-08-26 05:34:17,393 [INFO] --- Loop 59 @ 11:04:17 IST ---
2026-08-26 05:34:17,393 [INFO] ⚠️ SBIN: missing entry_price or first_target_price, skipping
2026-08-26 05:34:17,393 [INFO] Instructions saved
2026-08-26 05:35:32,394 [INFO] --- Loop 60 @ 11:05:32 IST ---
2026-08-26 05:35:32,394 [INFO] ⚠️ SBIN: missing entry_price or first_target_price, skipping
2026-08-26 05:35:32,395 [INFO] Instructions saved
2026-08-26 05:36:47,395 [INFO] --- Loop 61 @ 11:06:47 IST ---
2026-08-26 05:36:47,395 [INFO] ⚠️ SBIN: missing entry_price or first_target_price, skipping
2026-08-26 05:36:47,396 [INFO] Instructions saved
2026-08-26 05:38:02,396 [INFO] --- Loop 62 @ 11:08:02 IST ---
2026-08-26 05:38:02,396 [INFO] ⚠️ SBIN: missing entry_price or first_target_price, skipping
2026-08-26 05:38:02,397 [INFO] Instructions saved
2026-08-26 05:39:17,397 [INFO] --- Loop 63 @ 11:09:17 IST ---
2026-08-26 05:39:17,397 [INFO] ⚠️ SBIN: missing entry_price or first_target_price, skipping
2026-08-26 05:39:17,398 [INFO] Instructions saved
2026-08-26 05:40:32,398 [INFO] --- Loop 64 @ 11:10:32 IST ---
2026-08-26 05:40:32,398 [INFO] ⚠️ SBIN: missing entry_price or first_target_price, skipping
2026-08-26 05:40:32,398 [INFO] Instructions saved
2026-08-26 05:41:47,399 [INFO] --- Loop 65 @ 11:11:47 IST ---
2026-08-26 05:41:47,399 [INFO] ⚠️ SBIN: missing entry_price or first_target_price, skipping
2026-08-26 05:41:47,399 [INFO] Instructions saved
2026-08-26 05:43:02,400 [INFO] --- Loop 66 @ 11:13:02 IST ---
2026-08-26 05:43:02,400 [INFO] ⚠️ SBIN: missing entry_price or first_target_price, skipping
2026-08-26 05:43:02,400 [INFO] Instructions saved
2026-08-26 05:44:17,401 [INFO] --- Loop 67 @ 11:14:17 IST ---
2026-08-26 05:44:17,401 [INFO] ⚠️ SBIN: missing entry_price or first_target_price, skipping
2026-08-26 05:44:17,401 [INFO] Instructions saved
2026-08-26 05:45:32,402 [INFO] --- Loop 68 @ 11:15:32 IST ---
2026-08-26 05:45:32,402 [INFO] ⚠️ SBIN: missing entry_price or first_target_price, skipping
2026-08-26 05:45:32,402 [INFO] Instructions saved
2026-08-26 05:46:47,402 [INFO] --- Loop 69 @ 11:16:47 IST ---
2026-08-26 05:46:47,403 [INFO] ⚠️ SBIN: missing entry_price or first_target_price, skipping
2026-08-26 05:46:47,403 [INFO] Instructions saved
2026-08-26 05:48:02,403 [INFO] --- Loop 70 @ 11:18:02 IST ---
2026-08-26 05:48:02,404 [INFO] ⚠️ SBIN: missing entry_price or first_target_price, skipping
2026-08-26 05:48:02,404 [INFO] Instructions saved
2026-08-26 05:49:17,404 [INFO] --- Loop 71 @ 11:19:17 IST ---
2026-08-26 05:49:17,404 [INFO] ⚠️ SBIN: missing entry_price or first_target_price, skipping
2026-08-26 05:49:17,405 [INFO] Instructions saved
2026-08-26 05:50:32,405 [INFO] --- Loop 72 @ 11:20:32 IST ---
2026-08-26 05:50:32,405 [INFO] ⚠️ SBIN: missing entry_price or first_target_price, skipping
2026-08-26 05:50:32,406 [INFO] Instructions saved
2026-08-26 05:51:47,406 [INFO] --- Loop 73 @ 11:21:47 IST ---
2026-08-26 05:51:47,406 [INFO] ⚠️ SBIN: missing entry_price or first_target_price, skipping
2026-08-26 05:51:47,407 [INFO] Instructions saved
2026-08-26 05:53:02,407 [INFO] --- Loop 74 @ 11:23:02 IST ---
2026-08-26 05:53:02,407 [INFO] ⚠️ SBIN: missing entry_price or first_target_price, skipping
2026-08-26 05:53:02,408 [INFO] Instructions saved
2026-08-26 05:54:17,408 [INFO] --- Loop 75 @ 11:24:17 IST ---
2026-08-26 05:54:17,408 [INFO] ⚠️ SBIN: missing entry_price or first_target_price, skipping
2026-08-26 05:54:17,408 [INFO] Instructions saved
2026-08-26 05:55:32,409 [INFO] --- Loop 76 @ 11:25:32 IST ---
2026-08-26 05:55:32,409 [INFO] ⚠️ SBIN: missing entry_price or first_target_price, skipping
2026-08-26 05:55:32,409 [INFO] Instructions saved
2026-08-26 05:56:47,410 [INFO] --- Loop 77 @ 11:26:47 IST ---
2026-08-26 05:56:47,410 [INFO] ⚠️ SBIN: missing entry_price or first_target_price, skipping
2026-08-26 05:56:47,410 [INFO] Instructions saved
2026-08-26 05:58:02,411 [INFO] --- Loop 78 @ 11:28:02 IST ---
2026-08-26 05:58:02,411 [INFO] ⚠️ SBIN: missing entry_price or first_target_price, skipping
2026-08-26 05:58:02,411 [INFO] Instructions saved
2026-08-26 05:59:17,411 [INFO] --- Loop 79 @ 11:29:17 IST ---
2026-08-26 05:59:17,412 [INFO] ⚠️ SBIN: missing entry_price or first_target_price, skipping
2026-08-26 05:59:17,412 [INFO] Instructions saved
2026-08-26 06:00:32,412 [INFO] --- Loop 80 @ 11:30:32 IST ---
2026-08-26 06:00:32,412 [INFO] ⚠️ SBIN: missing entry_price or first_target_price, skipping
2026-08-26 06:00:32,413 [INFO] Instructions saved
2026-08-26 06:01:47,413 [INFO] --- Loop 81 @ 11:31:47 IST ---
2026-08-26 06:01:47,413 [INFO] ⚠️ SBIN: missing entry_price or first_target_price, skipping
2026-08-26 06:01:47,414 [INFO] Instructions saved
2026-08-26 06:03:02,414 [INFO] --- Loop 82 @ 11:33:02 IST ---
2026-08-26 06:03:02,414 [INFO] ⚠️ SBIN: missing entry_price or first_target_price, skipping
2026-08-26 06:03:02,415 [INFO] Instructions saved
2026-08-26 06:04:17,415 [INFO] --- Loop 83 @ 11:34:17 IST ---
2026-08-26 06:04:17,415 [INFO] ⚠️ SBIN: missing entry_price or first_target_price, skipping
2026-08-26 06:04:17,416 [INFO] Instructions saved
2026-08-26 06:05:32,416 [INFO] --- Loop 84 @ 11:35:32 IST ---
2026-08-26 06:05:32,416 [INFO] ⚠️ SBIN: missing entry_price or first_target_price, skipping
2026-08-26 06:05:32,417 [INFO] Instructions saved
2026-08-26 06:06:47,417 [INFO] --- Loop 85 @ 11:36:47 IST ---
2026-08-26 06:06:47,417 [INFO] ⚠️ SBIN: missing entry_price or first_target_price, skipping
2026-08-26 06:06:47,418 [INFO] Instructions saved
2026-08-26 06:08:02,418 [INFO] --- Loop 86 @ 11:38:02 IST ---
2026-08-26 06:08:02,418 [INFO] ⚠️ SBIN: missing entry_price or first_target_price, skipping
2026-08-26 06:08:02,419 [INFO] Instructions saved
2026-08-26 06:09:17,419 [INFO] --- Loop 87 @ 11:39:17 IST ---
2026-08-26 06:09:17,419 [INFO] ⚠️ SBIN: missing entry_price or first_target_price, skipping
2026-08-26 06:09:17,420 [INFO] Instructions saved
2026-08-26 06:10:32,420 [INFO] --- Loop 88 @ 11:40:32 IST ---
2026-08-26 06:10:32,420 [INFO] ⚠️ SBIN: missing entry_price or first_target_price, skipping
2026-08-26 06:10:32,420 [INFO] Instructions saved
2026-08-26 06:11:47,421 [INFO] --- Loop 89 @ 11:41:47 IST ---
2026-08-26 06:11:47,421 [INFO] ⚠️ SBIN: missing entry_price or first_target_price, skipping
2026-08-26 06:11:47,421 [INFO] Instructions saved
2026-08-26 06:13:02,422 [INFO] --- Loop 90 @ 11:43:02 IST ---
2026-08-26 06:13:02,422 [INFO] ⚠️ SBIN: missing entry_price or first_target_price, skipping
2026-08-26 06:13:02,422 [INFO] Instructions saved
2026-08-26 06:14:17,422 [INFO] --- Loop 91 @ 11:44:17 IST ---
2026-08-26 06:14:17,423 [INFO] ⚠️ SBIN: missing entry_price or first_target_price, skipping
2026-08-26 06:14:17,423 [INFO] Instructions saved
2026-08-26 06:15:32,423 [INFO] --- Loop 92 @ 11:45:32 IST ---
2026-08-26 06:15:32,424 [INFO] ⚠️ SBIN: missing entry_price or first_target_price, skipping
2026-08-26 06:15:32,424 [INFO] Instructions saved
2026-08-26 06:16:47,425 [INFO] --- Loop 93 @ 11:46:47 IST ---
2026-08-26 06:16:47,425 [INFO] ⚠️ SBIN: missing entry_price or first_target_price, skipping
2026-08-26 06:16:47,425 [INFO] Instructions saved
2026-08-26 06:18:02,426 [INFO] --- Loop 94 @ 11:48:02 IST ---
2026-08-26 06:18:02,426 [INFO] ⚠️ SBIN: missing entry_price or first_target_price, skipping
2026-08-26 06:18:02,426 [INFO] Instructions saved
2026-08-26 06:19:17,426 [INFO] --- Loop 95 @ 11:49:17 IST ---
2026-08-26 06:19:17,427 [INFO] ⚠️ SBIN: missing entry_price or first_target_price, skipping
2026-08-26 06:19:17,427 [INFO] Instructions saved
2026-08-26 06:20:32,427 [INFO] --- Loop 96 @ 11:50:32 IST ---
2026-08-26 06:20:32,427 [INFO] ⚠️ SBIN: missing entry_price or first_target_price, skipping
2026-08-26 06:20:32,428 [INFO] Instructions saved
2026-08-26 06:21:47,428 [INFO] --- Loop 97 @ 11:51:47 IST ---
2026-08-26 06:21:47,428 [INFO] ⚠️ SBIN: missing entry_price or first_target_price, skipping
2026-08-26 06:21:47,429 [INFO] Instructions saved
2026-08-26 06:23:02,429 [INFO] --- Loop 98 @ 11:53:02 IST ---
2026-08-26 06:23:02,429 [INFO] ⚠️ SBIN: missing entry_price or first_target_price, skipping
2026-08-26 06:23:02,430 [INFO] Instructions saved
2026-08-26 06:24:17,430 [INFO] --- Loop 99 @ 11:54:17 IST ---
2026-08-26 06:24:17,430 [INFO] ⚠️ SBIN: missing entry_price or first_target_price, skipping
2026-08-26 06:24:17,431 [INFO] Instructions saved
2026-08-26 06:25:32,431 [INFO] --- Loop 100 @ 11:55:32 IST ---
2026-08-26 06:25:32,431 [INFO] ⚠️ SBIN: missing entry_price or first_target_price, skipping
2026-08-26 06:25:32,432 [INFO] Instructions saved
2026-08-26 06:26:47,432 [INFO] --- Loop 101 @ 11:56:47 IST ---
2026-08-26 06:26:47,432 [INFO] ⚠️ SBIN: missing entry_price or first_target_price, skipping
2026-08-26 06:26:47,432 [INFO] Instructions saved
2026-08-26 06:28:02,433 [INFO] --- Loop 102 @ 11:58:02 IST ---
2026-08-26 06:28:02,433 [INFO] ⚠️ SBIN: missing entry_price or first_target_price, skipping
2026-08-26 06:28:02,433 [INFO] Instructions saved
2026-08-26 06:29:17,433 [INFO] --- Loop 103 @ 11:59:17 IST ---
2026-08-26 06:29:17,434 [INFO] ⚠️ SBIN: missing entry_price or first_target_price, skipping
2026-08-26 06:29:17,434 [INFO] Instructions saved
2026-08-26 06:30:32,434 [INFO] --- Loop 104 @ 12:00:32 IST ---
2026-08-26 06:30:32,434 [INFO] ⚠️ SBIN: missing entry_price or first_target_price, skipping
2026-08-26 06:30:32,435 [INFO] Instructions saved
2026-08-26 06:31:47,435 [INFO] --- Loop 105 @ 12:01:47 IST ---
2026-08-26 06:31:47,435 [INFO] ⚠️ SBIN: missing entry_price or first_target_price, skipping
2026-08-26 06:31:47,436 [INFO] Instructions saved
2026-08-26 06:33:02,436 [INFO] --- Loop 106 @ 12:03:02 IST ---
2026-08-26 06:33:02,436 [INFO] ⚠️ SBIN: missing entry_price or first_target_price, skipping
2026-08-26 06:33:02,437 [INFO] Instructions saved
2026-08-26 06:34:17,437 [INFO] --- Loop 107 @ 12:04:17 IST ---
2026-08-26 06:34:17,437 [INFO] ⚠️ SBIN: missing entry_price or first_target_price, skipping
2026-08-26 06:34:17,438 [INFO] Instructions saved
2026-08-26 06:35:32,438 [INFO] --- Loop 108 @ 12:05:32 IST ---
2026-08-26 06:35:32,438 [INFO] ⚠️ SBIN: missing entry_price or first_target_price, skipping
2026-08-26 06:35:32,439 [INFO] Instructions saved
2026-08-26 06:36:47,439 [INFO] --- Loop 109 @ 12:06:47 IST ---
2026-08-26 06:36:47,439 [INFO] ⚠️ SBIN: missing entry_price or first_target_price, skipping
2026-08-26 06:36:47,440 [INFO] Instructions saved
2026-08-26 06:38:02,440 [INFO] --- Loop 110 @ 12:08:02 IST ---
2026-08-26 06:38:02,440 [INFO] ⚠️ SBIN: missing entry_price or first_target_price, skipping
2026-08-26 06:38:02,441 [INFO] Instructions saved
2026-08-26 06:39:17,441 [INFO] --- Loop 111 @ 12:09:17 IST ---
2026-08-26 06:39:17,441 [INFO] ⚠️ SBIN: missing entry_price or first_target_price, skipping
2026-08-26 06:39:17,441 [INFO] Instructions saved
2026-08-26 06:40:32,442 [INFO] --- Loop 112 @ 12:10:32 IST ---
2026-08-26 06:40:32,442 [INFO] ⚠️ SBIN: missing entry_price or first_target_price, skipping
2026-08-26 06:40:32,442 [INFO] Instructions saved
2026-08-26 06:41:47,443 [INFO] --- Loop 113 @ 12:11:47 IST ---
2026-08-26 06:41:47,443 [INFO] ⚠️ SBIN: missing entry_price or first_target_price, skipping
2026-08-26 06:41:47,443 [INFO] Instructions saved
2026-08-26 06:43:02,443 [INFO] --- Loop 114 @ 12:13:02 IST ---
2026-08-26 06:43:02,444 [INFO] ⚠️ SBIN: missing entry_price or first_target_price, skipping
2026-08-26 06:43:02,444 [INFO] Instructions saved
2026-08-26 06:44:17,444 [INFO] --- Loop 115 @ 12:14:17 IST ---
2026-08-26 06:44:17,445 [INFO] ⚠️ SBIN: missing entry_price or first_target_price, skipping
2026-08-26 06:44:17,445 [INFO] Instructions saved
2026-08-26 06:45:32,445 [INFO] --- Loop 116 @ 12:15:32 IST ---
2026-08-26 06:45:32,445 [INFO] ⚠️ SBIN: missing entry_price or first_target_price, skipping
2026-08-26 06:45:32,446 [INFO] Instructions saved
2026-08-26 06:46:47,446 [INFO] --- Loop 117 @ 12:16:47 IST ---
2026-08-26 06:46:47,446 [INFO] ⚠️ SBIN: missing entry_price or first_target_price, skipping
2026-08-26 06:46:47,447 [INFO] Instructions saved
2026-08-26 06:48:02,447 [INFO] --- Loop 118 @ 12:18:02 IST ---
2026-08-26 06:48:02,447 [INFO] ⚠️ SBIN: missing entry_price or first_target_price, skipping
2026-08-26 06:48:02,448 [INFO] Instructions saved
2026-08-26 06:49:17,448 [INFO] --- Loop 119 @ 12:19:17 IST ---
2026-08-26 06:49:17,448 [INFO] ⚠️ SBIN: missing entry_price or first_target_price, skipping
2026-08-26 06:49:17,448 [INFO] Instructions saved
2026-08-26 06:50:32,449 [INFO] --- Loop 120 @ 12:20:32 IST ---
2026-08-26 06:50:32,449 [INFO] ⚠️ SBIN: missing entry_price or first_target_price, skipping
2026-08-26 06:50:32,449 [INFO] Instructions saved
2026-08-26 06:51:47,450 [INFO] --- Loop 121 @ 12:21:47 IST ---
2026-08-26 06:51:47,450 [INFO] ⚠️ SBIN: missing entry_price or first_target_price, skipping
2026-08-26 06:51:47,450 [INFO] Instructions saved
2026-08-26 06:53:02,451 [INFO] --- Loop 122 @ 12:23:02 IST ---
2026-08-26 06:53:02,451 [INFO] ⚠️ SBIN: missing entry_price or first_target_price, skipping
2026-08-26 06:53:02,451 [INFO] Instructions saved
2026-08-26 06:54:17,452 [INFO] --- Loop 123 @ 12:24:17 IST ---
2026-08-26 06:54:17,452 [INFO] ⚠️ SBIN: missing entry_price or first_target_price, skipping
2026-08-26 06:54:17,452 [INFO] Instructions saved
2026-08-26 06:55:32,452 [INFO] --- Loop 124 @ 12:25:32 IST ---
2026-08-26 06:55:32,453 [INFO] ⚠️ SBIN: missing entry_price or first_target_price, skipping
2026-08-26 06:55:32,453 [INFO] Instructions saved
2026-08-26 06:56:47,453 [INFO] --- Loop 125 @ 12:26:47 IST ---
2026-08-26 06:56:47,453 [INFO] ⚠️ SBIN: missing entry_price or first_target_price, skipping
2026-08-26 06:56:47,454 [INFO] Instructions saved
2026-08-26 06:58:02,454 [INFO] --- Loop 126 @ 12:28:02 IST ---
2026-08-26 06:58:02,454 [INFO] ⚠️ SBIN: missing entry_price or first_target_price, skipping
2026-08-26 06:58:02,455 [INFO] Instructions saved
2026-08-26 06:59:17,455 [INFO] --- Loop 127 @ 12:29:17 IST ---
2026-08-26 06:59:17,455 [INFO] ⚠️ SBIN: missing entry_price or first_target_price, skipping
2026-08-26 06:59:17,455 [INFO] Instructions saved
2026-08-26 07:00:32,456 [INFO] --- Loop 128 @ 12:30:32 IST ---
2026-08-26 07:00:32,456 [INFO] ⚠️ SBIN: missing entry_price or first_target_price, skipping
2026-08-26 07:00:32,456 [INFO] Instructions saved
2026-08-26 07:01:47,457 [INFO] --- Loop 129 @ 12:31:47 IST ---
2026-08-26 07:01:47,457 [INFO] ⚠️ SBIN: missing entry_price or first_target_price, skipping
2026-08-26 07:01:47,457 [INFO] Instructions saved
2026-08-26 07:03:02,457 [INFO] --- Loop 130 @ 12:33:02 IST ---
2026-08-26 07:03:02,458 [INFO] ⚠️ SBIN: missing entry_price or first_target_price, skipping
2026-08-26 07:03:02,458 [INFO] Instructions saved
2026-08-26 07:04:17,458 [INFO] --- Loop 131 @ 12:34:17 IST ---
2026-08-26 07:04:17,458 [INFO] ⚠️ SBIN: missing entry_price or first_target_price, skipping
2026-08-26 07:04:17,459 [INFO] Instructions saved
2026-08-26 07:05:32,459 [INFO] --- Loop 132 @ 12:35:32 IST ---
2026-08-26 07:05:32,459 [INFO] ⚠️ SBIN: missing entry_price or first_target_price, skipping
2026-08-26 07:05:32,460 [INFO] Instructions saved
2026-08-26 07:06:47,460 [INFO] --- Loop 133 @ 12:36:47 IST ---
2026-08-26 07:06:47,460 [INFO] ⚠️ SBIN: missing entry_price or first_target_price, skipping
2026-08-26 07:06:47,461 [INFO] Instructions saved
2026-08-26 07:08:02,461 [INFO] --- Loop 134 @ 12:38:02 IST ---
2026-08-26 07:08:02,461 [INFO] ⚠️ SBIN: missing entry_price or first_target_price, skipping
2026-08-26 07:08:02,462 [INFO] Instructions saved
2026-08-26 07:09:17,462 [INFO] --- Loop 135 @ 12:39:17 IST ---
2026-08-26 07:09:17,462 [INFO] ⚠️ SBIN: missing entry_price or first_target_price, skipping
2026-08-26 07:09:17,463 [INFO] Instructions saved
2026-08-26 07:10:32,463 [INFO] --- Loop 136 @ 12:40:32 IST ---
2026-08-26 07:10:32,463 [INFO] ⚠️ SBIN: missing entry_price or first_target_price, skipping
2026-08-26 07:10:32,464 [INFO] Instructions saved
2026-08-26 07:11:47,464 [INFO] --- Loop 137 @ 12:41:47 IST ---
2026-08-26 07:11:47,464 [INFO] ⚠️ SBIN: missing entry_price or first_target_price, skipping
2026-08-26 07:11:47,464 [INFO] Instructions saved
2026-08-26 07:13:02,465 [INFO] --- Loop 138 @ 12:43:02 IST ---
2026-08-26 07:13:02,465 [INFO] ⚠️ SBIN: missing entry_price or first_target_price, skipping
2026-08-26 07:13:02,465 [INFO] Instructions saved
2026-08-26 07:14:17,466 [INFO] --- Loop 139 @ 12:44:17 IST ---
2026-08-26 07:14:17,466 [INFO] ⚠️ SBIN: missing entry_price or first_target_price, skipping
2026-08-26 07:14:17,466 [INFO] Instructions saved
2026-08-26 07:15:32,466 [INFO] --- Loop 140 @ 12:45:32 IST ---
2026-08-26 07:15:32,467 [INFO] ⚠️ SBIN: missing entry_price or first_target_price, skipping
2026-08-26 07:15:32,467 [INFO] Instructions saved
2026-08-26 07:16:47,468 [INFO] --- Loop 141 @ 12:46:47 IST ---
2026-08-26 07:16:47,468 [INFO] ⚠️ SBIN: missing entry_price or first_target_price, skipping
2026-08-26 07:16:47,468 [INFO] Instructions saved
2026-08-26 07:18:02,468 [INFO] --- Loop 142 @ 12:48:02 IST ---
2026-08-26 07:18:02,469 [INFO] ⚠️ SBIN: missing entry_price or first_target_price, skipping
2026-08-26 07:18:02,469 [INFO] Instructions saved
2026-08-26 07:19:17,469 [INFO] --- Loop 143 @ 12:49:17 IST ---
2026-08-26 07:19:17,470 [INFO] ⚠️ SBIN: missing entry_price or first_target_price, skipping
2026-08-26 07:19:17,470 [INFO] Instructions saved
2026-08-26 07:20:32,470 [INFO] --- Loop 144 @ 12:50:32 IST ---
2026-08-26 07:20:32,470 [INFO] ⚠️ SBIN: missing entry_price or first_target_price, skipping
2026-08-26 07:20:32,471 [INFO] Instructions saved
2026-08-26 07:21:47,471 [INFO] --- Loop 145 @ 12:51:47 IST ---
2026-08-26 07:21:47,471 [INFO] ⚠️ SBIN: missing entry_price or first_target_price, skipping
2026-08-26 07:21:47,472 [INFO] Instructions saved
2026-08-26 07:23:02,472 [INFO] --- Loop 146 @ 12:53:02 IST ---
2026-08-26 07:23:02,472 [INFO] ⚠️ SBIN: missing entry_price or first_target_price, skipping
2026-08-26 07:23:02,473 [INFO] Instructions saved
2026-08-26 07:24:17,473 [INFO] --- Loop 147 @ 12:54:17 IST ---
2026-08-26 07:24:17,473 [INFO] ⚠️ SBIN: missing entry_price or first_target_price, skipping
2026-08-26 07:24:17,474 [INFO] Instructions saved
2026-08-26 07:25:32,474 [INFO] --- Loop 148 @ 12:55:32 IST ---
2026-08-26 07:25:32,474 [INFO] ⚠️ SBIN: missing entry_price or first_target_price, skipping
2026-08-26 07:25:32,474 [INFO] Instructions saved
2026-08-26 07:26:47,475 [INFO] --- Loop 149 @ 12:56:47 IST ---
2026-08-26 07:26:47,475 [INFO] ⚠️ SBIN: missing entry_price or first_target_price, skipping
2026-08-26 07:26:47,475 [INFO] Instructions saved
2026-08-26 07:28:02,476 [INFO] --- Loop 150 @ 12:58:02 IST ---
2026-08-26 07:28:02,476 [INFO] ⚠️ SBIN: missing entry_price or first_target_price, skipping
2026-08-26 07:28:02,476 [INFO] Instructions saved
2026-08-26 07:29:17,477 [INFO] --- Loop 151 @ 12:59:17 IST ---
2026-08-26 07:29:17,477 [INFO] ⚠️ SBIN: missing entry_price or first_target_price, skipping
2026-08-26 07:29:17,477 [INFO] Instructions saved
2026-08-26 07:30:32,477 [INFO] --- Loop 152 @ 13:00:32 IST ---
2026-08-26 07:30:32,478 [INFO] ⚠️ SBIN: missing entry_price or first_target_price, skipping
2026-08-26 07:30:32,478 [INFO] Instructions saved
2026-08-26 07:31:47,478 [INFO] --- Loop 153 @ 13:01:47 IST ---
2026-08-26 07:31:47,478 [INFO] ⚠️ SBIN: missing entry_price or first_target_price, skipping
2026-08-26 07:31:47,479 [INFO] Instructions saved
2026-08-26 07:33:02,479 [INFO] --- Loop 154 @ 13:03:02 IST ---
2026-08-26 07:33:02,479 [INFO] ⚠️ SBIN: missing entry_price or first_target_price, skipping
2026-08-26 07:33:02,480 [INFO] Instructions saved
2026-08-26 07:34:17,480 [INFO] --- Loop 155 @ 13:04:17 IST ---
2026-08-26 07:34:17,480 [INFO] ⚠️ SBIN: missing entry_price or first_target_price, skipping
2026-08-26 07:34:17,480 [INFO] Instructions saved
2026-08-26 07:35:32,481 [INFO] --- Loop 156 @ 13:05:32 IST ---
2026-08-26 07:35:32,481 [INFO] ⚠️ SBIN: missing entry_price or first_target_price, skipping
2026-08-26 07:35:32,482 [INFO] Instructions saved
2026-08-26 07:36:47,482 [INFO] --- Loop 157 @ 13:06:47 IST ---
2026-08-26 07:36:47,482 [INFO] ⚠️ SBIN: missing entry_price or first_target_price, skipping
2026-08-26 07:36:47,483 [INFO] Instructions saved
2026-08-26 07:38:02,483 [INFO] --- Loop 158 @ 13:08:02 IST ---
2026-08-26 07:38:02,483 [INFO] ⚠️ SBIN: missing entry_price or first_target_price, skipping
2026-08-26 07:38:02,483 [INFO] Instructions saved
2026-08-26 07:39:17,484 [INFO] --- Loop 159 @ 13:09:17 IST ---
2026-08-26 07:39:17,484 [INFO] ⚠️ SBIN: missing entry_price or first_target_price, skipping
2026-08-26 07:39:17,484 [INFO] Instructions saved
2026-08-26 07:40:32,485 [INFO] --- Loop 160 @ 13:10:32 IST ---
2026-08-26 07:40:32,485 [INFO] ⚠️ SBIN: missing entry_price or first_target_price, skipping
2026-08-26 07:40:32,485 [INFO] Instructions saved
2026-08-26 07:41:47,485 [INFO] --- Loop 161 @ 13:11:47 IST ---
2026-08-26 07:41:47,486 [INFO] ⚠️ SBIN: missing entry_price or first_target_price, skipping
2026-08-26 07:41:47,486 [INFO] Instructions saved
2026-08-26 07:43:02,486 [INFO] --- Loop 162 @ 13:13:02 IST ---
2026-08-26 07:43:02,486 [INFO] ⚠️ SBIN: missing entry_price or first_target_price, skipping
2026-08-26 07:43:02,487 [INFO] Instructions saved
2026-08-26 07:44:17,487 [INFO] --- Loop 163 @ 13:14:17 IST ---
2026-08-26 07:44:17,487 [INFO] ⚠️ SBIN: missing entry_price or first_target_price, skipping
2026-08-26 07:44:17,488 [INFO] Instructions saved
2026-08-26 07:45:32,488 [INFO] --- Loop 164 @ 13:15:32 IST ---
2026-08-26 07:45:32,488 [INFO] ⚠️ SBIN: missing entry_price or first_target_price, skipping
2026-08-26 07:45:32,489 [INFO] Instructions saved
2026-08-26 07:46:47,489 [INFO] --- Loop 165 @ 13:16:47 IST ---
2026-08-26 07:46:47,489 [INFO] ⚠️ SBIN: missing entry_price or first_target_price, skipping
2026-08-26 07:46:47,490 [INFO] Instructions saved
2026-08-26 07:48:02,490 [INFO] --- Loop 166 @ 13:18:02 IST ---
2026-08-26 07:48:02,490 [INFO] ⚠️ SBIN: missing entry_price or first_target_price, skipping
2026-08-26 07:48:02,490 [INFO] Instructions saved
2026-08-26 07:49:17,491 [INFO] --- Loop 167 @ 13:19:17 IST ---
2026-08-26 07:49:17,491 [INFO] ⚠️ SBIN: missing entry_price or first_target_price, skipping
2026-08-26 07:49:17,491 [INFO] Instructions saved
2026-08-26 07:50:32,492 [INFO] --- Loop 168 @ 13:20:32 IST ---
2026-08-26 07:50:32,492 [INFO] ⚠️ SBIN: missing entry_price or first_target_price, skipping
2026-08-26 07:50:32,492 [INFO] Instructions saved
2026-08-26 07:51:47,493 [INFO] --- Loop 169 @ 13:21:47 IST ---
2026-08-26 07:51:47,493 [INFO] ⚠️ SBIN: missing entry_price or first_target_price, skipping
2026-08-26 07:51:47,493 [INFO] Instructions saved
2026-08-26 07:53:02,494 [INFO] --- Loop 170 @ 13:23:02 IST ---
2026-08-26 07:53:02,494 [INFO] ⚠️ SBIN: missing entry_price or first_target_price, skipping
2026-08-26 07:53:02,494 [INFO] Instructions saved
2026-08-26 07:54:17,494 [INFO] --- Loop 171 @ 13:24:17 IST ---
2026-08-26 07:54:17,494 [INFO] ⚠️ SBIN: missing entry_price or first_target_price, skipping
2026-08-26 07:54:17,495 [INFO] Instructions saved
2026-08-26 07:55:32,495 [INFO] --- Loop 172 @ 13:25:32 IST ---
2026-08-26 07:55:32,495 [INFO] ⚠️ SBIN: missing entry_price or first_target_price, skipping
2026-08-26 07:55:32,496 [INFO] Instructions saved
2026-08-26 07:56:47,496 [INFO] --- Loop 173 @ 13:26:47 IST ---
2026-08-26 07:56:47,496 [INFO] ⚠️ SBIN: missing entry_price or first_target_price, skipping
2026-08-26 07:56:47,497 [INFO] Instructions saved
2026-08-26 07:58:02,497 [INFO] --- Loop 174 @ 13:28:02 IST ---
2026-08-26 07:58:02,497 [INFO] ⚠️ SBIN: missing entry_price or first_target_price, skipping
2026-08-26 07:58:02,498 [INFO] Instructions saved
2026-08-26 07:59:17,498 [INFO] --- Loop 175 @ 13:29:17 IST ---
2026-08-26 07:59:17,498 [INFO] ⚠️ SBIN: missing entry_price or first_target_price, skipping
2026-08-26 07:59:17,499 [INFO] Instructions saved
2026-08-26 08:00:32,499 [INFO] --- Loop 176 @ 13:30:32 IST ---
2026-08-26 08:00:32,499 [INFO] ⚠️ SBIN: missing entry_price or first_target_price, skipping
2026-08-26 08:00:32,499 [INFO] Instructions saved
2026-08-26 08:01:47,500 [INFO] --- Loop 177 @ 13:31:47 IST ---
2026-08-26 08:01:47,500 [INFO] ⚠️ SBIN: missing entry_price or first_target_price, skipping
2026-08-26 08:01:47,500 [INFO] Instructions saved
2026-08-26 08:03:02,501 [INFO] --- Loop 178 @ 13:33:02 IST ---
2026-08-26 08:03:02,501 [INFO] ⚠️ SBIN: missing entry_price or first_target_price, skipping
2026-08-26 08:03:02,501 [INFO] Instructions saved
2026-08-26 08:04:17,502 [INFO] --- Loop 179 @ 13:34:17 IST ---
2026-08-26 08:04:17,502 [INFO] ⚠️ SBIN: missing entry_price or first_target_price, skipping
2026-08-26 08:04:17,502 [INFO] Instructions saved
2026-08-26 08:05:32,502 [INFO] --- Loop 180 @ 13:35:32 IST ---
2026-08-26 08:05:32,503 [INFO] ⚠️ SBIN: missing entry_price or first_target_price, skipping
2026-08-26 08:05:32,503 [INFO] Instructions saved
2026-08-26 08:06:47,503 [INFO] --- Loop 181 @ 13:36:47 IST ---
2026-08-26 08:06:47,504 [INFO] ⚠️ SBIN: missing entry_price or first_target_price, skipping
2026-08-26 08:06:47,504 [INFO] Instructions saved
2026-08-26 08:08:02,504 [INFO] --- Loop 182 @ 13:38:02 IST ---
2026-08-26 08:08:02,504 [INFO] ⚠️ SBIN: missing entry_price or first_target_price, skipping
2026-08-26 08:08:02,505 [INFO] Instructions saved
2026-08-26 08:09:17,505 [INFO] --- Loop 183 @ 13:39:17 IST ---
2026-08-26 08:09:17,505 [INFO] ⚠️ SBIN: missing entry_price or first_target_price, skipping
2026-08-26 08:09:17,506 [INFO] Instructions saved
2026-08-26 08:10:32,506 [INFO] --- Loop 184 @ 13:40:32 IST ---
2026-08-26 08:10:32,506 [INFO] ⚠️ SBIN: missing entry_price or first_target_price, skipping
2026-08-26 08:10:32,507 [INFO] Instructions saved
2026-08-26 08:11:47,507 [INFO] --- Loop 185 @ 13:41:47 IST ---
2026-08-26 08:11:47,507 [INFO] ⚠️ SBIN: missing entry_price or first_target_price, skipping
2026-08-26 08:11:47,508 [INFO] Instructions saved
2026-08-26 08:13:02,508 [INFO] --- Loop 186 @ 13:43:02 IST ---
2026-08-26 08:13:02,508 [INFO] ⚠️ SBIN: missing entry_price or first_target_price, skipping
2026-08-26 08:13:02,509 [INFO] Instructions saved
2026-08-26 08:14:17,509 [INFO] --- Loop 187 @ 13:44:17 IST ---
2026-08-26 08:14:17,509 [INFO] ⚠️ SBIN: missing entry_price or first_target_price, skipping
2026-08-26 08:14:17,509 [INFO] Instructions saved
2026-08-26 08:15:32,510 [INFO] --- Loop 188 @ 13:45:32 IST ---
2026-08-26 08:15:32,510 [INFO] ⚠️ SBIN: missing entry_price or first_target_price, skipping
2026-08-26 08:15:32,511 [INFO] Instructions saved
2026-08-26 08:16:47,511 [INFO] --- Loop 189 @ 13:46:47 IST ---
2026-08-26 08:16:47,511 [INFO] ⚠️ SBIN: missing entry_price or first_target_price, skipping
2026-08-26 08:16:47,511 [INFO] Instructions saved
2026-08-26 08:18:02,512 [INFO] --- Loop 190 @ 13:48:02 IST ---
2026-08-26 08:18:02,512 [INFO] ⚠️ SBIN: missing entry_price or first_target_price, skipping
2026-08-26 08:18:02,512 [INFO] Instructions saved
2026-08-26 08:19:17,513 [INFO] --- Loop 191 @ 13:49:17 IST ---
2026-08-26 08:19:17,513 [INFO] ⚠️ SBIN: missing entry_price or first_target_price, skipping
2026-08-26 08:19:17,513 [INFO] Instructions saved
2026-08-26 08:20:32,514 [INFO] --- Loop 192 @ 13:50:32 IST ---
2026-08-26 08:20:32,514 [INFO] ⚠️ SBIN: missing entry_price or first_target_price, skipping
2026-08-26 08:20:32,514 [INFO] Instructions saved
2026-08-26 08:21:47,514 [INFO] --- Loop 193 @ 13:51:47 IST ---
2026-08-26 08:21:47,515 [INFO] ⚠️ SBIN: missing entry_price or first_target_price, skipping
2026-08-26 08:21:47,515 [INFO] Instructions saved
2026-08-26 08:23:02,515 [INFO] --- Loop 194 @ 13:53:02 IST ---
2026-08-26 08:23:02,515 [INFO] ⚠️ SBIN: missing entry_price or first_target_price, skipping
2026-08-26 08:23:02,516 [INFO] Instructions saved
2026-08-26 08:24:17,516 [INFO] --- Loop 195 @ 13:54:17 IST ---
2026-08-26 08:24:17,516 [INFO] ⚠️ SBIN: missing entry_price or first_target_price, skipping
2026-08-26 08:24:17,517 [INFO] Instructions saved
2026-08-26 08:25:32,517 [INFO] --- Loop 196 @ 13:55:32 IST ---
2026-08-26 08:25:32,517 [INFO] ⚠️ SBIN: missing entry_price or first_target_price, skipping
2026-08-26 08:25:32,518 [INFO] Instructions saved
2026-08-26 08:26:47,518 [INFO] --- Loop 197 @ 13:56:47 IST ---
2026-08-26 08:26:47,518 [INFO] ⚠️ SBIN: missing entry_price or first_target_price, skipping
2026-08-26 08:26:47,519 [INFO] Instructions saved
2026-08-26 08:28:02,519 [INFO] --- Loop 198 @ 13:58:02 IST ---
2026-08-26 08:28:02,519 [INFO] ⚠️ SBIN: missing entry_price or first_target_price, skipping
2026-08-26 08:28:02,520 [INFO] Instructions saved
2026-08-26 08:29:17,520 [INFO] --- Loop 199 @ 13:59:17 IST ---
2026-08-26 08:29:17,520 [INFO] ⚠️ SBIN: missing entry_price or first_target_price, skipping
2026-08-26 08:29:17,520 [INFO] Instructions saved
2026-08-26 08:30:32,521 [INFO] --- Loop 200 @ 14:00:32 IST ---
2026-08-26 08:30:32,521 [INFO] ⚠️ SBIN: missing entry_price or first_target_price, skipping
2026-08-26 08:30:32,521 [INFO] Instructions saved
2026-08-26 08:31:47,522 [INFO] --- Loop 201 @ 14:01:47 IST ---
2026-08-26 08:31:47,522 [INFO] ⚠️ SBIN: missing entry_price or first_target_price, skipping
2026-08-26 08:31:47,522 [INFO] Instructions saved
2026-08-26 08:33:02,523 [INFO] --- Loop 202 @ 14:03:02 IST ---
2026-08-26 08:33:02,523 [INFO] ⚠️ SBIN: missing entry_price or first_target_price, skipping
2026-08-26 08:33:02,523 [INFO] Instructions saved
2026-08-26 08:34:17,523 [INFO] --- Loop 203 @ 14:04:17 IST ---
2026-08-26 08:34:17,524 [INFO] ⚠️ SBIN: missing entry_price or first_target_price, skipping
2026-08-26 08:34:17,524 [INFO] Instructions saved
2026-08-26 08:35:32,524 [INFO] --- Loop 204 @ 14:05:32 IST ---
2026-08-26 08:35:32,524 [INFO] ⚠️ SBIN: missing entry_price or first_target_price, skipping
2026-08-26 08:35:32,525 [INFO] Instructions saved
2026-08-26 08:36:47,525 [INFO] --- Loop 205 @ 14:06:47 IST ---
2026-08-26 08:36:47,526 [INFO] ⚠️ SBIN: missing entry_price or first_target_price, skipping
2026-08-26 08:36:47,526 [INFO] Instructions saved
2026-08-26 08:38:02,526 [INFO] --- Loop 206 @ 14:08:02 IST ---
2026-08-26 08:38:02,527 [INFO] ⚠️ SBIN: missing entry_price or first_target_price, skipping
2026-08-26 08:38:02,527 [INFO] Instructions saved
2026-08-26 08:39:17,527 [INFO] --- Loop 207 @ 14:09:17 IST ---
2026-08-26 08:39:17,527 [INFO] ⚠️ SBIN: missing entry_price or first_target_price, skipping
2026-08-26 08:39:17,528 [INFO] Instructions saved
2026-08-26 08:40:32,528 [INFO] --- Loop 208 @ 14:10:32 IST ---
2026-08-26 08:40:32,528 [INFO] ⚠️ SBIN: missing entry_price or first_target_price, skipping
2026-08-26 08:40:32,529 [INFO] Instructions saved
2026-08-26 08:41:47,529 [INFO] --- Loop 209 @ 14:11:47 IST ---
2026-08-26 08:41:47,529 [INFO] ⚠️ SBIN: missing entry_price or first_target_price, skipping
2026-08-26 08:41:47,530 [INFO] Instructions saved
2026-08-26 08:43:02,530 [INFO] --- Loop 210 @ 14:13:02 IST ---
2026-08-26 08:43:02,530 [INFO] ⚠️ SBIN: missing entry_price or first_target_price, skipping
2026-08-26 08:43:02,531 [INFO] Instructions saved
2026-08-26 08:44:17,531 [INFO] --- Loop 211 @ 14:14:17 IST ---
2026-08-26 08:44:17,531 [INFO] ⚠️ SBIN: missing entry_price or first_target_price, skipping
2026-08-26 08:44:17,531 [INFO] Instructions saved
2026-08-26 08:45:32,532 [INFO] --- Loop 212 @ 14:15:32 IST ---
2026-08-26 08:45:32,532 [INFO] ⚠️ SBIN: missing entry_price or first_target_price, skipping
2026-08-26 08:45:32,532 [INFO] Instructions saved
2026-08-26 08:46:47,533 [INFO] --- Loop 213 @ 14:16:47 IST ---
2026-08-26 08:46:47,533 [INFO] ⚠️ SBIN: missing entry_price or first_target_price, skipping
2026-08-26 08:46:47,533 [INFO] Instructions saved
2026-08-26 08:48:02,534 [INFO] --- Loop 214 @ 14:18:02 IST ---
2026-08-26 08:48:02,534 [INFO] ⚠️ SBIN: missing entry_price or first_target_price, skipping
2026-08-26 08:48:02,534 [INFO] Instructions saved
2026-08-26 08:49:17,535 [INFO] --- Loop 215 @ 14:19:17 IST ---
2026-08-26 08:49:17,535 [INFO] ⚠️ SBIN: missing entry_price or first_target_price, skipping
2026-08-26 08:49:17,535 [INFO] Instructions saved
2026-08-26 08:50:32,535 [INFO] --- Loop 216 @ 14:20:32 IST ---
2026-08-26 08:50:32,536 [INFO] ⚠️ SBIN: missing entry_price or first_target_price, skipping
2026-08-26 08:50:32,536 [INFO] Instructions saved
2026-08-26 08:51:47,536 [INFO] --- Loop 217 @ 14:21:47 IST ---
2026-08-26 08:51:47,536 [INFO] ⚠️ SBIN: missing entry_price or first_target_price, skipping
2026-08-26 08:51:47,537 [INFO] Instructions saved
2026-08-26 08:53:02,537 [INFO] --- Loop 218 @ 14:23:02 IST ---
2026-08-26 08:53:02,537 [INFO] ⚠️ SBIN: missing entry_price or first_target_price, skipping
2026-08-26 08:53:02,538 [INFO] Instructions saved
2026-08-26 08:54:17,538 [INFO] --- Loop 219 @ 14:24:17 IST ---
2026-08-26 08:54:17,538 [INFO] ⚠️ SBIN: missing entry_price or first_target_price, skipping
2026-08-26 08:54:17,539 [INFO] Instructions saved
2026-08-26 08:55:32,539 [INFO] --- Loop 220 @ 14:25:32 IST ---
2026-08-26 08:55:32,539 [INFO] ⚠️ SBIN: missing entry_price or first_target_price, skipping
2026-08-26 08:55:32,540 [INFO] Instructions saved
2026-08-26 08:56:47,540 [INFO] --- Loop 221 @ 14:26:47 IST ---
2026-08-26 08:56:47,540 [INFO] ⚠️ SBIN: missing entry_price or first_target_price, skipping
2026-08-26 08:56:47,541 [INFO] Instructions saved
2026-08-26 08:58:02,541 [INFO] --- Loop 222 @ 14:28:02 IST ---
2026-08-26 08:58:02,541 [INFO] ⚠️ SBIN: missing entry_price or first_target_price, skipping
2026-08-26 08:58:02,541 [INFO] Instructions saved
2026-08-26 08:59:17,542 [INFO] --- Loop 223 @ 14:29:17 IST ---
2026-08-26 08:59:17,542 [INFO] ⚠️ SBIN: missing entry_price or first_target_price, skipping
2026-08-26 08:59:17,542 [INFO] Instructions saved
2026-08-26 09:00:32,543 [INFO] --- Loop 224 @ 14:30:32 IST ---
2026-08-26 09:00:32,543 [INFO] ⚠️ SBIN: missing entry_price or first_target_price, skipping
2026-08-26 09:00:32,543 [INFO] Instructions saved
2026-08-26 09:01:47,543 [INFO] --- Loop 225 @ 14:31:47 IST ---
2026-08-26 09:01:47,544 [INFO] ⚠️ SBIN: missing entry_price or first_target_price, skipping
2026-08-26 09:01:47,544 [INFO] Instructions saved
2026-08-26 09:03:02,544 [INFO] --- Loop 226 @ 14:33:02 IST ---
2026-08-26 09:03:02,545 [INFO] ⚠️ SBIN: missing entry_price or first_target_price, skipping
2026-08-26 09:03:02,545 [INFO] Instructions saved
2026-08-26 09:04:17,545 [INFO] --- Loop 227 @ 14:34:17 IST ---
2026-08-26 09:04:17,545 [INFO] ⚠️ SBIN: missing entry_price or first_target_price, skipping
2026-08-26 09:04:17,546 [INFO] Instructions saved
2026-08-26 09:05:32,546 [INFO] --- Loop 228 @ 14:35:32 IST ---
2026-08-26 09:05:32,546 [INFO] ⚠️ SBIN: missing entry_price or first_target_price, skipping
2026-08-26 09:05:32,547 [INFO] Instructions saved
2026-08-26 09:06:47,547 [INFO] --- Loop 229 @ 14:36:47 IST ---
2026-08-26 09:06:47,547 [INFO] ⚠️ SBIN: missing entry_price or first_target_price, skipping
2026-08-26 09:06:47,548 [INFO] Instructions saved
2026-08-26 09:08:02,548 [INFO] --- Loop 230 @ 14:38:02 IST ---
2026-08-26 09:08:02,548 [INFO] ⚠️ SBIN: missing entry_price or first_target_price, skipping
2026-08-26 09:08:02,549 [INFO] Instructions saved
2026-08-26 09:09:17,549 [INFO] --- Loop 231 @ 14:39:17 IST ---
2026-08-26 09:09:17,549 [INFO] ⚠️ SBIN: missing entry_price or first_target_price, skipping
2026-08-26 09:09:17,549 [INFO] Instructions saved
2026-08-26 09:10:32,550 [INFO] --- Loop 232 @ 14:40:32 IST ---
2026-08-26 09:10:32,550 [INFO] ⚠️ SBIN: missing entry_price or first_target_price, skipping
2026-08-26 09:10:32,550 [INFO] Instructions saved
2026-08-26 09:11:47,551 [INFO] --- Loop 233 @ 14:41:47 IST ---
2026-08-26 09:11:47,551 [INFO] ⚠️ SBIN: missing entry_price or first_target_price, skipping
2026-08-26 09:11:47,551 [INFO] Instructions saved
2026-08-26 09:13:02,552 [INFO] --- Loop 234 @ 14:43:02 IST ---
2026-08-26 09:13:02,552 [INFO] ⚠️ SBIN: missing entry_price or first_target_price, skipping
2026-08-26 09:13:02,552 [INFO] Instructions saved
2026-08-26 09:14:17,553 [INFO] --- Loop 235 @ 14:44:17 IST ---
2026-08-26 09:14:17,553 [INFO] ⚠️ SBIN: missing entry_price or first_target_price, skipping
2026-08-26 09:14:17,553 [INFO] Instructions saved
2026-08-26 09:15:32,554 [INFO] --- Loop 236 @ 14:45:32 IST ---
2026-08-26 09:15:32,554 [INFO] ⚠️ SBIN: missing entry_price or first_target_price, skipping
2026-08-26 09:15:32,554 [INFO] Instructions saved
2026-08-26 09:16:47,555 [INFO] --- Loop 237 @ 14:46:47 IST ---
2026-08-26 09:16:47,555 [INFO] ⚠️ SBIN: missing entry_price or first_target_price, skipping
2026-08-26 09:16:47,555 [INFO] Instructions saved
2026-08-26 09:18:02,556 [INFO] --- Loop 238 @ 14:48:02 IST ---
2026-08-26 09:18:02,556 [INFO] ⚠️ SBIN: missing entry_price or first_target_price, skipping
2026-08-26 09:18:02,556 [INFO] Instructions saved
2026-08-26 09:19:17,557 [INFO] --- Loop 239 @ 14:49:17 IST ---
2026-08-26 09:19:17,557 [INFO] ⚠️ SBIN: missing entry_price or first_target_price, skipping
2026-08-26 09:19:17,557 [INFO] Instructions saved
2026-08-26 09:20:32,557 [INFO] --- Loop 240 @ 14:50:32 IST ---
2026-08-26 09:20:32,558 [INFO] ⚠️ SBIN: missing entry_price or first_target_price, skipping
2026-08-26 09:20:32,558 [INFO] Instructions saved
2026-08-26 09:21:47,558 [INFO] --- Loop 241 @ 14:51:47 IST ---
2026-08-26 09:21:47,558 [INFO] ⚠️ SBIN: missing entry_price or first_target_price, skipping
2026-08-26 09:21:47,559 [INFO] Instructions saved
2026-08-26 09:23:02,559 [INFO] --- Loop 242 @ 14:53:02 IST ---
2026-08-26 09:23:02,559 [INFO] ⚠️ SBIN: missing entry_price or first_target_price, skipping
2026-08-26 09:23:02,560 [INFO] Instructions saved
2026-08-26 09:24:17,560 [INFO] --- Loop 243 @ 14:54:17 IST ---
2026-08-26 09:24:17,560 [INFO] ⚠️ SBIN: missing entry_price or first_target_price, skipping
2026-08-26 09:24:17,561 [INFO] Instructions saved
2026-08-26 09:25:32,561 [INFO] --- Loop 244 @ 14:55:32 IST ---
2026-08-26 09:25:32,561 [INFO] ⚠️ SBIN: missing entry_price or first_target_price, skipping
2026-08-26 09:25:32,562 [INFO] Instructions saved
2026-08-26 09:26:47,562 [INFO] --- Loop 245 @ 14:56:47 IST ---
2026-08-26 09:26:47,562 [INFO] ⚠️ SBIN: missing entry_price or first_target_price, skipping
2026-08-26 09:26:47,563 [INFO] Instructions saved
2026-08-26 09:28:02,563 [INFO] --- Loop 246 @ 14:58:02 IST ---
2026-08-26 09:28:02,563 [INFO] ⚠️ SBIN: missing entry_price or first_target_price, skipping
2026-08-26 09:28:02,564 [INFO] Instructions saved
2026-08-26 09:29:17,564 [INFO] --- Loop 247 @ 14:59:17 IST ---
2026-08-26 09:29:17,564 [INFO] ⚠️ SBIN: missing entry_price or first_target_price, skipping
2026-08-26 09:29:17,564 [INFO] Instructions saved
2026-08-26 09:30:32,565 [INFO] --- Loop 248 @ 15:00:32 IST ---
2026-08-26 09:30:32,565 [INFO] ⚠️ SBIN: missing entry_price or first_target_price, skipping
2026-08-26 09:30:32,565 [INFO] Instructions saved
2026-08-26 09:31:47,566 [INFO] --- Loop 249 @ 15:01:47 IST ---
2026-08-26 09:31:47,566 [INFO] ⚠️ SBIN: missing entry_price or first_target_price, skipping
2026-08-26 09:31:47,566 [INFO] Instructions saved
2026-08-26 09:33:02,567 [INFO] --- Loop 250 @ 15:03:02 IST ---
2026-08-26 09:33:02,567 [INFO] ⚠️ SBIN: missing entry_price or first_target_price, skipping
2026-08-26 09:33:02,567 [INFO] Instructions saved
2026-08-26 09:34:17,567 [INFO] --- Loop 251 @ 15:04:17 IST ---
2026-08-26 09:34:17,568 [INFO] ⚠️ SBIN: missing entry_price or first_target_price, skipping
2026-08-26 09:34:17,568 [INFO] Instructions saved
2026-08-26 09:35:32,568 [INFO] --- Loop 252 @ 15:05:32 IST ---
2026-08-26 09:35:32,568 [INFO] ⚠️ SBIN: missing entry_price or first_target_price, skipping
2026-08-26 09:35:32,569 [INFO] Instructions saved
2026-08-26 09:36:47,569 [INFO] --- Loop 253 @ 15:06:47 IST ---
2026-08-26 09:36:47,570 [INFO] ⚠️ SBIN: missing entry_price or first_target_price, skipping
2026-08-26 09:36:47,570 [INFO] Instructions saved
2026-08-26 09:38:02,570 [INFO] --- Loop 254 @ 15:08:02 IST ---
2026-08-26 09:38:02,571 [INFO] ⚠️ SBIN: missing entry_price or first_target_price, skipping
2026-08-26 09:38:02,571 [INFO] Instructions saved
2026-08-26 09:39:17,571 [INFO] --- Loop 255 @ 15:09:17 IST ---
2026-08-26 09:39:17,571 [INFO] ⚠️ SBIN: missing entry_price or first_target_price, skipping
2026-08-26 09:39:17,572 [INFO] Instructions saved
2026-08-26 09:40:32,572 [INFO] --- Loop 256 @ 15:10:32 IST ---
2026-08-26 09:40:32,572 [INFO] ⚠️ SBIN: missing entry_price or first_target_price, skipping
2026-08-26 09:40:32,573 [INFO] Instructions saved
2026-08-26 09:41:47,573 [INFO] --- Loop 257 @ 15:11:47 IST ---
2026-08-26 09:41:47,573 [INFO] ⚠️ SBIN: missing entry_price or first_target_price, skipping
2026-08-26 09:41:47,574 [INFO] Instructions saved
2026-08-26 09:43:02,574 [INFO] --- Loop 258 @ 15:13:02 IST ---
2026-08-26 09:43:02,574 [INFO] ⚠️ SBIN: missing entry_price or first_target_price, skipping
2026-08-26 09:43:02,575 [INFO] Instructions saved
2026-08-26 09:44:17,575 [INFO] --- Loop 259 @ 15:14:17 IST ---
2026-08-26 09:44:17,575 [INFO] ⚠️ SBIN: missing entry_price or first_target_price, skipping
2026-08-26 09:44:17,575 [INFO] Instructions saved
2026-08-26 09:45:32,576 [INFO] --- Loop 260 @ 15:15:32 IST ---
2026-08-26 09:45:32,576 [INFO] ⚠️ SBIN: missing entry_price or first_target_price, skipping
2026-08-26 09:45:32,576 [INFO] Instructions saved
2026-08-26 09:46:47,577 [INFO] --- Loop 261 @ 15:16:47 IST ---
2026-08-26 09:46:47,577 [INFO] ⚠️ SBIN: missing entry_price or first_target_price, skipping
2026-08-26 09:46:47,577 [INFO] Instructions saved
2026-08-26 09:48:02,577 [INFO] --- Loop 262 @ 15:18:02 IST ---
2026-08-26 09:48:02,578 [INFO] ⚠️ SBIN: missing entry_price or first_target_price, skipping
2026-08-26 09:48:02,578 [INFO] Instructions saved
2026-08-26 09:49:17,578 [INFO] --- Loop 263 @ 15:19:17 IST ---
2026-08-26 09:49:17,579 [INFO] ⚠️ SBIN: missing entry_price or first_target_price, skipping
2026-08-26 09:49:17,579 [INFO] Instructions saved
2026-08-26 09:50:32,579 [INFO] --- Loop 264 @ 15:20:32 IST ---
2026-08-26 09:50:32,580 [INFO] ⚠️ SBIN: missing entry_price or first_target_price, skipping
2026-08-26 09:50:32,580 [INFO] Instructions saved
2026-08-26 09:51:47,580 [INFO] --- Loop 265 @ 15:21:47 IST ---
2026-08-26 09:51:47,580 [INFO] ⚠️ SBIN: missing entry_price or first_target_price, skipping
2026-08-26 09:51:47,581 [INFO] Instructions saved
2026-08-26 09:53:02,581 [INFO] --- Loop 266 @ 15:23:02 IST ---
2026-08-26 09:53:02,581 [INFO] ⚠️ SBIN: missing entry_price or first_target_price, skipping
2026-08-26 09:53:02,582 [INFO] Instructions saved
2026-08-26 09:54:17,582 [INFO] --- Loop 267 @ 15:24:17 IST ---
2026-08-26 09:54:17,582 [INFO] ⚠️ SBIN: missing entry_price or first_target_price, skipping
2026-08-26 09:54:17,582 [INFO] Instructions saved
2026-08-26 09:55:32,583 [INFO] --- Loop 268 @ 15:25:32 IST ---
2026-08-26 09:55:32,583 [INFO] ⚠️ SBIN: missing entry_price or first_target_price, skipping
2026-08-26 09:55:32,583 [INFO] Instructions saved
2026-08-26 09:56:47,584 [INFO] --- Loop 269 @ 15:26:47 IST ---
2026-08-26 09:56:47,584 [INFO] ⚠️ SBIN: missing entry_price or first_target_price, skipping
2026-08-26 09:56:47,584 [INFO] Instructions saved
2026-08-26 09:58:02,585 [INFO] --- Loop 270 @ 15:28:02 IST ---
2026-08-26 09:58:02,585 [INFO] ⚠️ SBIN: missing entry_price or first_target_price, skipping
2026-08-26 09:58:02,585 [INFO] Instructions saved
2026-08-26 09:59:17,586 [INFO] --- Loop 271 @ 15:29:17 IST ---
2026-08-26 09:59:17,586 [INFO] ⚠️ SBIN: missing entry_price or first_target_price, skipping
2026-08-26 09:59:17,586 [INFO] Instructions saved
2026-08-26 10:00:32,586 [INFO] --- Loop 272 @ 15:30:32 IST ---
2026-08-26 10:00:32,587 [INFO] ⚠️ SBIN: missing entry_price or first_target_price, skipping
2026-08-26 10:00:32,587 [INFO] Instructions saved
2026-08-26 10:00:32,587 [INFO] Market closed. Continuing brief monitoring until hard stop for final GTT status...
2026-08-26 10:01:47,587 [INFO] --- Loop 273 @ 15:31:47 IST ---
2026-08-26 10:01:47,588 [INFO] ⚠️ SBIN: missing entry_price or first_target_price, skipping
2026-08-26 10:01:47,588 [INFO] Instructions saved
2026-08-26 10:01:47,588 [INFO] Market closed. Continuing brief monitoring until hard stop for final GTT status...
2026-08-26 10:03:02,588 [INFO] --- Loop 274 @ 15:33:02 IST ---
2026-08-26 10:03:02,588 [INFO] ⚠️ SBIN: missing entry_price or first_target_price, skipping
2026-08-26 10:03:02,589 [INFO] Instructions saved
2026-08-26 10:03:02,589 [INFO] Market closed. Continuing brief monitoring until hard stop for final GTT status...
2026-08-26 10:04:17,589 [INFO] --- Loop 275 @ 15:34:17 IST ---
2026-08-26 10:04:17,589 [INFO] ⚠️ SBIN: missing entry_price or first_target_price, skipping
2026-08-26 10:04:17,590 [INFO] Instructions saved
2026-08-26 10:04:17,590 [INFO] Market closed. Continuing brief monitoring until hard stop for final GTT status...
2026-08-26 10:05:32,590 [INFO] Reached hard stop time. Ending trading day loop.
2026-08-26 10:05:32,590 [INFO] ============================================================
2026-08-26 10:05:32,590 [INFO] Trading day summary
2026-08-26 10:05:32,591 [INFO] Trades opened today: 0
2026-08-26 10:05:32,591 [INFO] Still active (multi-day): 0
2026-08-26 10:05:32,591 [INFO] ============================================================
